2026-01-12 08:21:31 INFO  o.h.validator.internal.util.Version - HV000001: Hibernate Validator 8.0.1.Final
2026-01-12 08:21:31 INFO  c.e.s.SmartScheduleApplication - Starting SmartScheduleApplication using Java 21.0.9 with PID 15544 (C:\Users\USER\Documents\trae_projects\Final system\target\classes started by USER in C:\Users\USER\Documents\trae_projects\Final system)
2026-01-12 08:21:31 INFO  c.e.s.SmartScheduleApplication - No active profile set, falling back to 1 default profile: "default"
2026-01-12 08:21:32 INFO  o.s.d.r.c.RepositoryConfigurationDelegate - Bootstrapping Spring Data JPA repositories in DEFAULT mode.
2026-01-12 08:21:32 INFO  o.s.d.r.c.RepositoryConfigurationDelegate - Finished Spring Data repository scanning in 57 ms. Found 4 JPA repository interfaces.
2026-01-12 08:21:33 INFO  o.s.b.w.e.tomcat.TomcatWebServer - Tomcat initialized with port 8443 (https)
2026-01-12 08:21:33 INFO  o.a.coyote.http11.Http11NioProtocol - Initializing ProtocolHandler ["https-jsse-nio-8443"]
2026-01-12 08:21:33 INFO  o.a.catalina.core.StandardService - Starting service [Tomcat]
2026-01-12 08:21:33 INFO  o.a.catalina.core.StandardEngine - Starting Servlet engine: [Apache Tomcat/10.1.17]
2026-01-12 08:21:33 INFO  o.a.c.c.C.[Tomcat].[localhost].[/] - Initializing Spring embedded WebApplicationContext
2026-01-12 08:21:33 INFO  o.s.b.w.s.c.ServletWebServerApplicationContext - Root WebApplicationContext: initialization completed in 1906 ms
2026-01-12 08:21:33 INFO  com.zaxxer.hikari.HikariDataSource - HikariPool-1 - Starting...
2026-01-12 08:21:33 INFO  com.zaxxer.hikari.pool.HikariPool - HikariPool-1 - Added connection conn0: url=jdbc:h2:mem:smartschedule user=SA
2026-01-12 08:21:33 INFO  com.zaxxer.hikari.HikariDataSource - HikariPool-1 - Start completed.
2026-01-12 08:21:33 INFO  o.s.b.a.h.H2ConsoleAutoConfiguration - H2 console available at '/h2-console'. Database available at 'jdbc:h2:mem:smartschedule'
2026-01-12 08:21:33 INFO  o.h.jpa.internal.util.LogHelper - HHH000204: Processing PersistenceUnitInfo [name: default]
2026-01-12 08:21:34 INFO  org.hibernate.Version - HHH000412: Hibernate ORM core version 6.4.1.Final
2026-01-12 08:21:34 INFO  o.h.c.i.RegionFactoryInitiator - HHH000026: Second-level cache disabled
2026-01-12 08:21:34 INFO  o.s.o.j.p.SpringPersistenceUnitInfo - No LoadTimeWeaver setup: ignoring JPA class transformer
2026-01-12 08:21:34 WARN  org.hibernate.orm.deprecation - HHH90000025: H2Dialect does not need to be specified explicitly using 'hibernate.dialect' (remove the property setting and it will be selected by default)
2026-01-12 08:21:35 INFO  o.h.e.t.j.p.i.JtaPlatformInitiator - HHH000489: No JTA platform available (set 'hibernate.transaction.jta.platform' to enable JTA platform integration)
2026-01-12 08:21:35 INFO  o.s.o.j.LocalContainerEntityManagerFactoryBean - Initialized JPA EntityManagerFactory for persistence unit 'default'
2026-01-12 08:21:36 INFO  o.s.d.j.r.query.QueryEnhancerFactory - Hibernate is in classpath; If applicable, HQL parser will be used.
2026-01-12 08:21:37 WARN  o.s.b.a.o.j.JpaBaseConfiguration$JpaWebConfiguration - spring.jpa.open-in-view is enabled by default. Therefore, database queries may be performed during view rendering. Explicitly configure spring.jpa.open-in-view to disable this warning
2026-01-12 08:21:38 INFO  o.a.coyote.http11.Http11NioProtocol - Starting ProtocolHandler ["https-jsse-nio-8443"]
2026-01-12 08:21:38 INFO  o.a.t.u.net.NioEndpoint.certificate - Connector [https-jsse-nio-8443], TLS virtual host [_default_], certificate type [UNDEFINED] configured from keystore [C:\Users\USER\.keystore] using alias [smartschedule] with trust store [null]
2026-01-12 08:21:38 INFO  o.s.b.w.e.tomcat.TomcatWebServer - Tomcat started on port 8443 (https) with context path ''
2026-01-12 08:21:38 INFO  o.s.m.s.b.SimpleBrokerMessageHandler - Starting...
2026-01-12 08:21:38 INFO  o.s.m.s.b.SimpleBrokerMessageHandler - BrokerAvailabilityEvent[available=true, SimpleBrokerMessageHandler [org.springframework.messaging.simp.broker.DefaultSubscriptionRegistry@410ca583]]
2026-01-12 08:21:38 INFO  o.s.m.s.b.SimpleBrokerMessageHandler - Started.
2026-01-12 08:21:38 INFO  c.e.s.SmartScheduleApplication - Started SmartScheduleApplication in 7.255 seconds (process running for 7.695)
2026-01-12 08:22:38 INFO  o.s.w.s.c.WebSocketMessageBrokerStats - WebSocketSession[0 current WS(0)-HttpStream(0)-HttpPoll(0), 0 total, 0 closed abnormally (0 connect failure, 0 send limit, 0 transport error)], stompSubProtocol[processed CONNECT(0)-CONNECTED(0)-DISCONNECT(0)], stompBrokerRelay[null], inboundChannel[pool size = 0, active threads = 0, queued tasks = 0, completed tasks = 0], outboundChannel[pool size = 0, active threads = 0, queued tasks = 0, completed tasks = 0], sockJsScheduler[pool size = 1, active threads = 1, queued tasks = 0, completed tasks = 0]
2026-01-12 08:23:36 INFO  o.a.c.c.C.[Tomcat].[localhost].[/] - Initializing Spring DispatcherServlet 'dispatcherServlet'
2026-01-12 08:23:36 INFO  o.s.web.servlet.DispatcherServlet - Initializing Servlet 'dispatcherServlet'
2026-01-12 08:23:36 INFO  o.s.web.servlet.DispatcherServlet - Completed initialization in 2 ms
2026-01-12 08:25:36 INFO  o.s.m.s.b.SimpleBrokerMessageHandler - Stopping...
2026-01-12 08:25:36 INFO  o.s.m.s.b.SimpleBrokerMessageHandler - BrokerAvailabilityEvent[available=false, SimpleBrokerMessageHandler [org.springframework.messaging.simp.broker.DefaultSubscriptionRegistry@410ca583]]
2026-01-12 08:25:36 INFO  o.s.m.s.b.SimpleBrokerMessageHandler - Stopped.
2026-01-12 08:25:36 INFO  o.s.o.j.LocalContainerEntityManagerFactoryBean - Closing JPA EntityManagerFactory for persistence unit 'default'
2026-01-12 08:25:36 INFO  com.zaxxer.hikari.HikariDataSource - HikariPool-1 - Shutdown initiated...
2026-01-12 08:25:36 INFO  com.zaxxer.hikari.HikariDataSource - HikariPool-1 - Shutdown completed.
2026-01-12 08:25:46 INFO  o.h.validator.internal.util.Version - HV000001: Hibernate Validator 8.0.1.Final
2026-01-12 08:25:46 INFO  c.e.s.SmartScheduleApplication - Starting SmartScheduleApplication using Java 21.0.9 with PID 15532 (C:\Users\USER\Documents\trae_projects\Final system\target\classes started by USER in C:\Users\USER\Documents\trae_projects\Final system)
2026-01-12 08:25:46 INFO  c.e.s.SmartScheduleApplication - No active profile set, falling back to 1 default profile: "default"
2026-01-12 08:25:47 INFO  o.s.d.r.c.RepositoryConfigurationDelegate - Bootstrapping Spring Data JPA repositories in DEFAULT mode.
2026-01-12 08:25:47 INFO  o.s.d.r.c.RepositoryConfigurationDelegate - Finished Spring Data repository scanning in 74 ms. Found 4 JPA repository interfaces.
2026-01-12 08:25:48 INFO  o.s.b.w.e.tomcat.TomcatWebServer - Tomcat initialized with port 8443 (https)
2026-01-12 08:25:48 INFO  o.a.coyote.http11.Http11NioProtocol - Initializing ProtocolHandler ["https-jsse-nio-8443"]
2026-01-12 08:25:48 INFO  o.a.catalina.core.StandardService - Starting service [Tomcat]
2026-01-12 08:25:48 INFO  o.a.catalina.core.StandardEngine - Starting Servlet engine: [Apache Tomcat/10.1.17]
2026-01-12 08:25:48 INFO  o.a.c.c.C.[Tomcat].[localhost].[/] - Initializing Spring embedded WebApplicationContext
2026-01-12 08:25:48 INFO  o.s.b.w.s.c.ServletWebServerApplicationContext - Root WebApplicationContext: initialization completed in 2123 ms
2026-01-12 08:25:48 INFO  com.zaxxer.hikari.HikariDataSource - HikariPool-1 - Starting...
2026-01-12 08:25:49 INFO  com.zaxxer.hikari.pool.HikariPool - HikariPool-1 - Added connection conn0: url=jdbc:h2:mem:smartschedule user=SA
2026-01-12 08:25:49 INFO  com.zaxxer.hikari.HikariDataSource - HikariPool-1 - Start completed.
2026-01-12 08:25:49 INFO  o.s.b.a.h.H2ConsoleAutoConfiguration - H2 console available at '/h2-console'. Database available at 'jdbc:h2:mem:smartschedule'
2026-01-12 08:25:49 INFO  o.h.jpa.internal.util.LogHelper - HHH000204: Processing PersistenceUnitInfo [name: default]
2026-01-12 08:25:49 INFO  org.hibernate.Version - HHH000412: Hibernate ORM core version 6.4.1.Final
2026-01-12 08:25:49 INFO  o.h.c.i.RegionFactoryInitiator - HHH000026: Second-level cache disabled
2026-01-12 08:25:49 INFO  o.s.o.j.p.SpringPersistenceUnitInfo - No LoadTimeWeaver setup: ignoring JPA class transformer
2026-01-12 08:25:49 WARN  org.hibernate.orm.deprecation - HHH90000025: H2Dialect does not need to be specified explicitly using 'hibernate.dialect' (remove the property setting and it will be selected by default)
2026-01-12 08:25:50 INFO  o.h.e.t.j.p.i.JtaPlatformInitiator - HHH000489: No JTA platform available (set 'hibernate.transaction.jta.platform' to enable JTA platform integration)
2026-01-12 08:25:50 INFO  o.s.o.j.LocalContainerEntityManagerFactoryBean - Initialized JPA EntityManagerFactory for persistence unit 'default'
2026-01-12 08:25:51 INFO  o.s.d.j.r.query.QueryEnhancerFactory - Hibernate is in classpath; If applicable, HQL parser will be used.
2026-01-12 08:25:52 WARN  o.s.b.a.o.j.JpaBaseConfiguration$JpaWebConfiguration - spring.jpa.open-in-view is enabled by default. Therefore, database queries may be performed during view rendering. Explicitly configure spring.jpa.open-in-view to disable this warning
2026-01-12 08:25:53 INFO  o.a.coyote.http11.Http11NioProtocol - Starting ProtocolHandler ["https-jsse-nio-8443"]
2026-01-12 08:25:53 INFO  o.a.t.u.net.NioEndpoint.certificate - Connector [https-jsse-nio-8443], TLS virtual host [_default_], certificate type [UNDEFINED] configured from keystore [C:\Users\USER\.keystore] using alias [smartschedule] with trust store [null]
2026-01-12 08:25:53 INFO  o.s.b.w.e.tomcat.TomcatWebServer - Tomcat started on port 8443 (https) with context path ''
2026-01-12 08:25:53 INFO  o.s.m.s.b.SimpleBrokerMessageHandler - Starting...
2026-01-12 08:25:54 INFO  o.s.m.s.b.SimpleBrokerMessageHandler - BrokerAvailabilityEvent[available=true, SimpleBrokerMessageHandler [org.springframework.messaging.simp.broker.DefaultSubscriptionRegistry@7daa0333]]
2026-01-12 08:25:54 INFO  o.s.m.s.b.SimpleBrokerMessageHandler - Started.
2026-01-12 08:25:54 INFO  c.e.s.SmartScheduleApplication - Started SmartScheduleApplication in 8.036 seconds (process running for 8.448)
2026-01-12 08:25:56 INFO  o.a.c.c.C.[Tomcat].[localhost].[/] - Initializing Spring DispatcherServlet 'dispatcherServlet'
2026-01-12 08:25:56 INFO  o.s.web.servlet.DispatcherServlet - Initializing Servlet 'dispatcherServlet'
2026-01-12 08:25:56 INFO  o.s.web.servlet.DispatcherServlet - Completed initialization in 5 ms
2026-01-12 08:26:53 INFO  o.s.w.s.c.WebSocketMessageBrokerStats - WebSocketSession[0 current WS(0)-HttpStream(0)-HttpPoll(0), 0 total, 0 closed abnormally (0 connect failure, 0 send limit, 0 transport error)], stompSubProtocol[processed CONNECT(0)-CONNECTED(0)-DISCONNECT(0)], stompBrokerRelay[null], inboundChannel[pool size = 0, active threads = 0, queued tasks = 0, completed tasks = 0], outboundChannel[pool size = 0, active threads = 0, queued tasks = 0, completed tasks = 0], sockJsScheduler[pool size = 1, active threads = 1, queued tasks = 0, completed tasks = 0]
2026-01-12 08:27:43 INFO  c.e.s.aspect.LoggingAspect - IP: 0:0:0:0:0:0:0:1 - Entering method: getAppointmentsForUser with arguments: [admin]
2026-01-12 08:27:43 INFO  c.e.s.aspect.LoggingAspect - IP: 0:0:0:0:0:0:0:1 - Exiting method: getAppointmentsForUser with result: [Appointment(id=1, customer=User(id=3, username=customer, password=$2a$10$FBJI6Xy0uiJc4KU.sJUg.OlmKsRIwPi59IHj3w3sXt1GL28z55y0., email=customer@example.com, role=CUSTOMER), service=Service(id=1, name=Haircut, duration=30, price=25.0, assignedStaff=User(id=2, username=staff, password=$2a$10$VmApIIJiuxhKfZepMnlP5ebBnK5xbAkH8.VpyBWlJx7F7WtQOq3i., email=staff@example.com, role=STAFF)), staff=User(id=2, username=staff, password=$2a$10$VmApIIJiuxhKfZepMnlP5ebBnK5xbAkH8.VpyBWlJx7F7WtQOq3i., email=staff@example.com, role=STAFF), status=PENDING, startTime=2026-01-10T10:00, endTime=2026-01-10T10:30)]
2026-01-12 08:30:28 INFO  o.s.m.s.b.SimpleBrokerMessageHandler - Stopping...
2026-01-12 08:30:28 INFO  o.s.m.s.b.SimpleBrokerMessageHandler - BrokerAvailabilityEvent[available=false, SimpleBrokerMessageHandler [org.springframework.messaging.simp.broker.DefaultSubscriptionRegistry@7daa0333]]
2026-01-12 08:30:28 INFO  o.s.m.s.b.SimpleBrokerMessageHandler - Stopped.
2026-01-12 08:30:28 INFO  o.s.o.j.LocalContainerEntityManagerFactoryBean - Closing JPA EntityManagerFactory for persistence unit 'default'
2026-01-12 08:30:28 INFO  com.zaxxer.hikari.HikariDataSource - HikariPool-1 - Shutdown initiated...
2026-01-12 08:30:28 INFO  com.zaxxer.hikari.HikariDataSource - HikariPool-1 - Shutdown completed.
2026-01-12 15:17:58 INFO  o.h.validator.internal.util.Version - HV000001: Hibernate Validator 8.0.1.Final
2026-01-12 15:17:59 INFO  c.e.s.SmartScheduleApplication - Starting SmartScheduleApplication using Java 21.0.9 with PID 19780 (C:\Users\USER\Documents\trae_projects\Final system\target\classes started by USER in C:\Users\USER\Documents\trae_projects\Final system)
2026-01-12 15:17:59 INFO  c.e.s.SmartScheduleApplication - No active profile set, falling back to 1 default profile: "default"
2026-01-12 15:18:01 INFO  o.s.d.r.c.RepositoryConfigurationDelegate - Bootstrapping Spring Data JPA repositories in DEFAULT mode.
2026-01-12 15:18:01 INFO  o.s.d.r.c.RepositoryConfigurationDelegate - Finished Spring Data repository scanning in 93 ms. Found 4 JPA repository interfaces.
2026-01-12 15:18:03 INFO  o.s.b.w.e.tomcat.TomcatWebServer - Tomcat initialized with port 8443 (https)
2026-01-12 15:18:03 INFO  o.a.coyote.http11.Http11NioProtocol - Initializing ProtocolHandler ["https-jsse-nio-8443"]
2026-01-12 15:18:03 INFO  o.a.catalina.core.StandardService - Starting service [Tomcat]
2026-01-12 15:18:03 INFO  o.a.catalina.core.StandardEngine - Starting Servlet engine: [Apache Tomcat/10.1.17]
2026-01-12 15:18:03 INFO  o.a.c.c.C.[Tomcat].[localhost].[/] - Initializing Spring embedded WebApplicationContext
2026-01-12 15:18:03 INFO  o.s.b.w.s.c.ServletWebServerApplicationContext - Root WebApplicationContext: initialization completed in 4199 ms
2026-01-12 15:18:03 INFO  com.zaxxer.hikari.HikariDataSource - HikariPool-1 - Starting...
2026-01-12 15:18:04 INFO  com.zaxxer.hikari.pool.HikariPool - HikariPool-1 - Added connection conn0: url=jdbc:h2:mem:smartschedule user=SA
2026-01-12 15:18:04 INFO  com.zaxxer.hikari.HikariDataSource - HikariPool-1 - Start completed.
2026-01-12 15:18:04 INFO  o.s.b.a.h.H2ConsoleAutoConfiguration - H2 console available at '/h2-console'. Database available at 'jdbc:h2:mem:smartschedule'
2026-01-12 15:18:04 INFO  o.h.jpa.internal.util.LogHelper - HHH000204: Processing PersistenceUnitInfo [name: default]
2026-01-12 15:18:05 INFO  org.hibernate.Version - HHH000412: Hibernate ORM core version 6.4.1.Final
2026-01-12 15:18:05 INFO  o.h.c.i.RegionFactoryInitiator - HHH000026: Second-level cache disabled
2026-01-12 15:18:05 INFO  o.s.o.j.p.SpringPersistenceUnitInfo - No LoadTimeWeaver setup: ignoring JPA class transformer
2026-01-12 15:18:05 WARN  org.hibernate.orm.deprecation - HHH90000025: H2Dialect does not need to be specified explicitly using 'hibernate.dialect' (remove the property setting and it will be selected by default)
2026-01-12 15:18:07 INFO  o.h.e.t.j.p.i.JtaPlatformInitiator - HHH000489: No JTA platform available (set 'hibernate.transaction.jta.platform' to enable JTA platform integration)
2026-01-12 15:18:07 INFO  o.s.o.j.LocalContainerEntityManagerFactoryBean - Initialized JPA EntityManagerFactory for persistence unit 'default'
2026-01-12 15:18:09 INFO  o.s.d.j.r.query.QueryEnhancerFactory - Hibernate is in classpath; If applicable, HQL parser will be used.
2026-01-12 15:18:12 WARN  o.s.b.a.o.j.JpaBaseConfiguration$JpaWebConfiguration - spring.jpa.open-in-view is enabled by default. Therefore, database queries may be performed during view rendering. Explicitly configure spring.jpa.open-in-view to disable this warning
2026-01-12 15:18:15 INFO  o.a.coyote.http11.Http11NioProtocol - Starting ProtocolHandler ["https-jsse-nio-8443"]
2026-01-12 15:18:15 INFO  o.a.t.u.net.NioEndpoint.certificate - Connector [https-jsse-nio-8443], TLS virtual host [_default_], certificate type [UNDEFINED] configured from keystore [C:\Users\USER\.keystore] using alias [smartschedule] with trust store [null]
2026-01-12 15:18:15 INFO  o.s.b.w.e.tomcat.TomcatWebServer - Tomcat started on port 8443 (https) with context path ''
2026-01-12 15:18:15 INFO  o.s.m.s.b.SimpleBrokerMessageHandler - Starting...
2026-01-12 15:18:15 INFO  o.s.m.s.b.SimpleBrokerMessageHandler - BrokerAvailabilityEvent[available=true, SimpleBrokerMessageHandler [org.springframework.messaging.simp.broker.DefaultSubscriptionRegistry@1b6c8641]]
2026-01-12 15:18:15 INFO  o.s.m.s.b.SimpleBrokerMessageHandler - Started.
2026-01-12 15:18:15 INFO  c.e.s.SmartScheduleApplication - Started SmartScheduleApplication in 18.725 seconds (process running for 19.469)
2026-01-12 15:18:17 INFO  o.a.c.c.C.[Tomcat].[localhost].[/] - Initializing Spring DispatcherServlet 'dispatcherServlet'
2026-01-12 15:18:17 INFO  o.s.web.servlet.DispatcherServlet - Initializing Servlet 'dispatcherServlet'
2026-01-12 15:18:17 INFO  o.s.web.servlet.DispatcherServlet - Completed initialization in 5 ms
2026-01-12 15:19:15 INFO  o.s.w.s.c.WebSocketMessageBrokerStats - WebSocketSession[0 current WS(0)-HttpStream(0)-HttpPoll(0), 0 total, 0 closed abnormally (0 connect failure, 0 send limit, 0 transport error)], stompSubProtocol[processed CONNECT(0)-CONNECTED(0)-DISCONNECT(0)], stompBrokerRelay[null], inboundChannel[pool size = 0, active threads = 0, queued tasks = 0, completed tasks = 0], outboundChannel[pool size = 0, active threads = 0, queued tasks = 0, completed tasks = 0], sockJsScheduler[pool size = 1, active threads = 1, queued tasks = 0, completed tasks = 0]
2026-01-12 15:35:48 INFO  o.s.m.s.b.SimpleBrokerMessageHandler - Stopping...
2026-01-12 15:35:48 INFO  o.s.m.s.b.SimpleBrokerMessageHandler - BrokerAvailabilityEvent[available=false, SimpleBrokerMessageHandler [org.springframework.messaging.simp.broker.DefaultSubscriptionRegistry@1b6c8641]]
2026-01-12 15:35:48 INFO  o.s.m.s.b.SimpleBrokerMessageHandler - Stopped.
2026-01-12 15:35:48 INFO  o.s.o.j.LocalContainerEntityManagerFactoryBean - Closing JPA EntityManagerFactory for persistence unit 'default'
2026-01-12 15:35:48 INFO  com.zaxxer.hikari.HikariDataSource - HikariPool-1 - Shutdown initiated...
2026-01-12 15:35:48 INFO  com.zaxxer.hikari.HikariDataSource - HikariPool-1 - Shutdown completed.
2026-01-12 15:37:27 INFO  o.h.validator.internal.util.Version - HV000001: Hibernate Validator 8.0.1.Final
2026-01-12 15:37:27 INFO  c.e.s.SmartScheduleApplication - Starting SmartScheduleApplication using Java 21.0.9 with PID 9928 (C:\Users\USER\Documents\trae_projects\Final system\target\classes started by USER in C:\Users\USER\Documents\trae_projects\Final system)
2026-01-12 15:37:27 INFO  c.e.s.SmartScheduleApplication - No active profile set, falling back to 1 default profile: "default"
2026-01-12 15:37:29 INFO  o.s.d.r.c.RepositoryConfigurationDelegate - Bootstrapping Spring Data JPA repositories in DEFAULT mode.
2026-01-12 15:37:29 INFO  o.s.d.r.c.RepositoryConfigurationDelegate - Finished Spring Data repository scanning in 87 ms. Found 4 JPA repository interfaces.
2026-01-12 15:37:31 INFO  o.s.b.w.e.tomcat.TomcatWebServer - Tomcat initialized with port 8443 (https)
2026-01-12 15:37:31 INFO  o.a.coyote.http11.Http11NioProtocol - Initializing ProtocolHandler ["https-jsse-nio-8443"]
2026-01-12 15:37:31 INFO  o.a.catalina.core.StandardService - Starting service [Tomcat]
2026-01-12 15:37:31 INFO  o.a.catalina.core.StandardEngine - Starting Servlet engine: [Apache Tomcat/10.1.17]
2026-01-12 15:37:31 INFO  o.a.c.c.C.[Tomcat].[localhost].[/] - Initializing Spring embedded WebApplicationContext
2026-01-12 15:37:31 INFO  o.s.b.w.s.c.ServletWebServerApplicationContext - Root WebApplicationContext: initialization completed in 4026 ms
2026-01-12 15:37:31 INFO  com.zaxxer.hikari.HikariDataSource - HikariPool-1 - Starting...
2026-01-12 15:37:32 INFO  com.zaxxer.hikari.pool.HikariPool - HikariPool-1 - Added connection conn0: url=jdbc:h2:mem:smartschedule user=SA
2026-01-12 15:37:32 INFO  com.zaxxer.hikari.HikariDataSource - HikariPool-1 - Start completed.
2026-01-12 15:37:32 INFO  o.s.b.a.h.H2ConsoleAutoConfiguration - H2 console available at '/h2-console'. Database available at 'jdbc:h2:mem:smartschedule'
2026-01-12 15:37:32 INFO  o.h.jpa.internal.util.LogHelper - HHH000204: Processing PersistenceUnitInfo [name: default]
2026-01-12 15:37:32 INFO  org.hibernate.Version - HHH000412: Hibernate ORM core version 6.4.1.Final
2026-01-12 15:37:33 INFO  o.h.c.i.RegionFactoryInitiator - HHH000026: Second-level cache disabled
2026-01-12 15:37:33 INFO  o.s.o.j.p.SpringPersistenceUnitInfo - No LoadTimeWeaver setup: ignoring JPA class transformer
2026-01-12 15:37:33 WARN  org.hibernate.orm.deprecation - HHH90000025: H2Dialect does not need to be specified explicitly using 'hibernate.dialect' (remove the property setting and it will be selected by default)
2026-01-12 15:37:36 INFO  o.h.e.t.j.p.i.JtaPlatformInitiator - HHH000489: No JTA platform available (set 'hibernate.transaction.jta.platform' to enable JTA platform integration)
2026-01-12 15:37:36 INFO  o.s.o.j.LocalContainerEntityManagerFactoryBean - Initialized JPA EntityManagerFactory for persistence unit 'default'
2026-01-12 15:37:39 INFO  o.s.d.j.r.query.QueryEnhancerFactory - Hibernate is in classpath; If applicable, HQL parser will be used.
2026-01-12 15:37:41 WARN  o.s.b.a.o.j.JpaBaseConfiguration$JpaWebConfiguration - spring.jpa.open-in-view is enabled by default. Therefore, database queries may be performed during view rendering. Explicitly configure spring.jpa.open-in-view to disable this warning
2026-01-12 15:37:44 INFO  o.a.coyote.http11.Http11NioProtocol - Starting ProtocolHandler ["https-jsse-nio-8443"]
2026-01-12 15:37:44 INFO  o.a.t.u.net.NioEndpoint.certificate - Connector [https-jsse-nio-8443], TLS virtual host [_default_], certificate type [UNDEFINED] configured from keystore [C:\Users\USER\.keystore] using alias [smartschedule] with trust store [null]
2026-01-12 15:37:44 INFO  o.s.b.w.e.tomcat.TomcatWebServer - Tomcat started on port 8443 (https) with context path ''
2026-01-12 15:37:44 INFO  o.s.m.s.b.SimpleBrokerMessageHandler - Starting...
2026-01-12 15:37:44 INFO  o.s.m.s.b.SimpleBrokerMessageHandler - BrokerAvailabilityEvent[available=true, SimpleBrokerMessageHandler [org.springframework.messaging.simp.broker.DefaultSubscriptionRegistry@3a5beb51]]
2026-01-12 15:37:44 INFO  o.s.m.s.b.SimpleBrokerMessageHandler - Started.
2026-01-12 15:37:44 INFO  c.e.s.SmartScheduleApplication - Started SmartScheduleApplication in 18.996 seconds (process running for 19.816)
2026-01-12 15:38:44 INFO  o.s.w.s.c.WebSocketMessageBrokerStats - WebSocketSession[0 current WS(0)-HttpStream(0)-HttpPoll(0), 0 total, 0 closed abnormally (0 connect failure, 0 send limit, 0 transport error)], stompSubProtocol[processed CONNECT(0)-CONNECTED(0)-DISCONNECT(0)], stompBrokerRelay[null], inboundChannel[pool size = 0, active threads = 0, queued tasks = 0, completed tasks = 0], outboundChannel[pool size = 0, active threads = 0, queued tasks = 0, completed tasks = 0], sockJsScheduler[pool size = 1, active threads = 1, queued tasks = 0, completed tasks = 0]
2026-01-12 15:40:08 INFO  o.a.c.c.C.[Tomcat].[localhost].[/] - Initializing Spring DispatcherServlet 'dispatcherServlet'
2026-01-12 15:40:08 INFO  o.s.web.servlet.DispatcherServlet - Initializing Servlet 'dispatcherServlet'
2026-01-12 15:40:08 INFO  o.s.web.servlet.DispatcherServlet - Completed initialization in 6 ms
2026-01-12 15:41:11 INFO  c.e.s.aspect.LoggingAspect - IP: 0:0:0:0:0:0:0:1 - Entering method: deleteUser with arguments: [3]
2026-01-12 15:41:11 WARN  o.h.e.jdbc.spi.SqlExceptionHelper - SQL Error: 23503, SQLState: 23503
2026-01-12 15:41:11 ERROR o.h.e.jdbc.spi.SqlExceptionHelper - Referential integrity constraint violation: "FKI71H8MCR2O9JV5MGPJTF2SPUC: PUBLIC.APPOINTMENT FOREIGN KEY(CUSTOMER_ID) REFERENCES PUBLIC.USERS(ID) (CAST(3 AS BIGINT))"; SQL statement:
delete from users where id=? [23503-224]
2026-01-12 15:41:36 INFO  c.e.s.aspect.LoggingAspect - IP: 0:0:0:0:0:0:0:1 - Entering method: registerUser with arguments: [User(id=null, username=customer2, password=12345, email=customer1@example.com, role=CUSTOMER)]
2026-01-12 15:41:37 INFO  c.e.s.aspect.LoggingAspect - IP: 0:0:0:0:0:0:0:1 - Exiting method: registerUser with result: User(id=4, username=customer2, password=$2a$10$4Piu4E0VoHwRdY/9HAdXw.4nL8OszSKuQVQIN/rBlJufHAWHf0WQy, email=customer1@example.com, role=CUSTOMER)
2026-01-12 15:41:43 INFO  c.e.s.aspect.LoggingAspect - IP: 0:0:0:0:0:0:0:1 - Entering method: deleteUser with arguments: [4]
2026-01-12 15:41:43 INFO  c.e.s.aspect.LoggingAspect - IP: 0:0:0:0:0:0:0:1 - Exiting method: deleteUser with result: null
2026-01-12 15:45:21 INFO  c.e.s.aspect.LoggingAspect - IP: 0:0:0:0:0:0:0:1 - Entering method: updateStatus with arguments: [1, APPROVED]
2026-01-12 15:45:21 INFO  c.e.s.aspect.LoggingAspect - IP: 0:0:0:0:0:0:0:1 - Exiting method: updateStatus with result: Appointment(id=1, customer=User(id=3, username=customer, password=$2a$10$87lrb48tXbLjwvAzcMYRk.i.FYyzTBIdEeUA3LhJThAx6.EgyF2QW, email=customer@example.com, role=CUSTOMER), service=Service(id=1, name=Haircut, duration=30, price=25.0, assignedStaff=User(id=2, username=staff, password=$2a$10$iKwZJtWwnGNymEDeeBGOI..b3bmnOqgHr3kvV.fE3uQfH15wtr3wG, email=staff@example.com, role=STAFF)), staff=User(id=2, username=staff, password=$2a$10$iKwZJtWwnGNymEDeeBGOI..b3bmnOqgHr3kvV.fE3uQfH15wtr3wG, email=staff@example.com, role=STAFF), status=APPROVED, startTime=2026-01-10T10:00, endTime=2026-01-10T10:30)
2026-01-12 15:45:42 ERROR o.s.w.s.m.StompSubProtocolHandler - Failed to parse TextMessage payload=[SUBSCRIBE..], byteCount=63, last=true] in session b8cc1da6-ae80-789d-d416-988f17d72dfa. Sending STOMP ERROR to client.
org.springframework.messaging.simp.stomp.StompConversionException: Illegal header: 'SUBSCRIBE'. A header must be of the form <name>:[<value>].
	at org.springframework.messaging.simp.stomp.StompDecoder.readHeaders(StompDecoder.java:239)
	at org.springframework.messaging.simp.stomp.StompDecoder.decodeMessage(StompDecoder.java:146)
	at org.springframework.messaging.simp.stomp.StompDecoder.decode(StompDecoder.java:114)
	at org.springframework.messaging.simp.stomp.BufferingStompDecoder.decode(BufferingStompDecoder.java:114)
	at org.springframework.web.socket.messaging.StompSubProtocolHandler.handleMessageFromClient(StompSubProtocolHandler.java:279)
	at org.springframework.web.socket.messaging.SubProtocolWebSocketHandler.handleMessage(SubProtocolWebSocketHandler.java:336)
	at org.springframework.web.socket.handler.WebSocketHandlerDecorator.handleMessage(WebSocketHandlerDecorator.java:75)
	at org.springframework.web.socket.handler.LoggingWebSocketHandlerDecorator.handleMessage(LoggingWebSocketHandlerDecorator.java:56)
	at org.springframework.web.socket.handler.ExceptionWebSocketHandlerDecorator.handleMessage(ExceptionWebSocketHandlerDecorator.java:58)
	at org.springframework.web.socket.adapter.standard.StandardWebSocketHandlerAdapter.handleTextMessage(StandardWebSocketHandlerAdapter.java:113)
	at org.springframework.web.socket.adapter.standard.StandardWebSocketHandlerAdapter$3.onMessage(StandardWebSocketHandlerAdapter.java:84)
	at org.springframework.web.socket.adapter.standard.StandardWebSocketHandlerAdapter$3.onMessage(StandardWebSocketHandlerAdapter.java:81)
	at org.apache.tomcat.websocket.WsFrameBase.sendMessageText(WsFrameBase.java:390)
	at org.apache.tomcat.websocket.server.WsFrameServer.sendMessageText(WsFrameServer.java:130)
	at org.apache.tomcat.websocket.WsFrameBase.processDataText(WsFrameBase.java:484)
	at org.apache.tomcat.websocket.WsFrameBase.processData(WsFrameBase.java:284)
	at org.apache.tomcat.websocket.WsFrameBase.processInputBuffer(WsFrameBase.java:130)
	at org.apache.tomcat.websocket.server.WsFrameServer.onDataAvailable(WsFrameServer.java:85)
	at org.apache.tomcat.websocket.server.WsFrameServer.doOnDataAvailable(WsFrameServer.java:184)
	at org.apache.tomcat.websocket.server.WsFrameServer.notifyDataAvailable(WsFrameServer.java:164)
	at org.apache.tomcat.websocket.server.WsHttpUpgradeHandler.upgradeDispatch(WsHttpUpgradeHandler.java:152)
	at org.apache.coyote.http11.upgrade.UpgradeProcessorInternal.dispatch(UpgradeProcessorInternal.java:60)
	at org.apache.coyote.AbstractProcessorLight.process(AbstractProcessorLight.java:57)
	at org.apache.coyote.AbstractProtocol$ConnectionHandler.process(AbstractProtocol.java:896)
	at org.apache.tomcat.util.net.NioEndpoint$SocketProcessor.doRun(NioEndpoint.java:1744)
	at org.apache.tomcat.util.net.SocketProcessorBase.run(SocketProcessorBase.java:52)
	at org.apache.tomcat.util.threads.ThreadPoolExecutor.runWorker(ThreadPoolExecutor.java:1191)
	at org.apache.tomcat.util.threads.ThreadPoolExecutor$Worker.run(ThreadPoolExecutor.java:659)
	at org.apache.tomcat.util.threads.TaskThread$WrappingRunnable.run(TaskThread.java:61)
	at java.base/java.lang.Thread.run(Thread.java:1583)
2026-01-12 15:47:13 WARN  o.s.w.s.h.ExceptionWebSocketHandlerDecorator - Unhandled exception after connection closed for ExceptionWebSocketHandlerDecorator [delegate=LoggingWebSocketHandlerDecorator [delegate=SubProtocolWebSocketHandler[StompSubProtocolHandler[v10.stomp, v11.stomp, v12.stomp]]]]
org.springframework.messaging.MessageDeliveryException: Failed to send message to ExecutorSubscribableChannel[clientInboundChannel]
	at org.springframework.messaging.support.AbstractMessageChannel.send(AbstractMessageChannel.java:149)
	at org.springframework.messaging.support.AbstractMessageChannel.send(AbstractMessageChannel.java:125)
	at org.springframework.web.socket.messaging.StompSubProtocolHandler.afterSessionEnded(StompSubProtocolHandler.java:685)
	at org.springframework.web.socket.messaging.SubProtocolWebSocketHandler.clearSession(SubProtocolWebSocketHandler.java:531)
	at org.springframework.web.socket.messaging.SubProtocolWebSocketHandler.afterConnectionClosed(SubProtocolWebSocketHandler.java:400)
	at org.springframework.web.socket.handler.WebSocketHandlerDecorator.afterConnectionClosed(WebSocketHandlerDecorator.java:85)
	at org.springframework.web.socket.handler.LoggingWebSocketHandlerDecorator.afterConnectionClosed(LoggingWebSocketHandlerDecorator.java:72)
	at org.springframework.web.socket.handler.ExceptionWebSocketHandlerDecorator.afterConnectionClosed(ExceptionWebSocketHandlerDecorator.java:78)
	at org.springframework.web.socket.adapter.standard.StandardWebSocketHandlerAdapter.onClose(StandardWebSocketHandlerAdapter.java:144)
	at org.apache.tomcat.websocket.WsSession.fireEndpointOnClose(WsSession.java:662)
	at org.apache.tomcat.websocket.WsSession.doClose(WsSession.java:588)
	at org.apache.tomcat.websocket.WsSession.doClose(WsSession.java:554)
	at org.apache.tomcat.websocket.WsSession.close(WsSession.java:542)
	at org.springframework.web.socket.adapter.standard.StandardWebSocketSession.closeInternal(StandardWebSocketSession.java:235)
	at org.springframework.web.socket.adapter.AbstractWebSocketSession.close(AbstractWebSocketSession.java:144)
	at org.springframework.web.socket.handler.WebSocketSessionDecorator.close(WebSocketSessionDecorator.java:160)
	at org.springframework.web.socket.handler.ConcurrentWebSocketSessionDecorator.close(ConcurrentWebSocketSessionDecorator.java:271)
	at org.springframework.web.socket.messaging.SubProtocolWebSocketHandler.stop(SubProtocolWebSocketHandler.java:289)
	at org.springframework.web.socket.messaging.SubProtocolWebSocketHandler.stop(SubProtocolWebSocketHandler.java:302)
	at org.springframework.context.support.DefaultLifecycleProcessor.doStop(DefaultLifecycleProcessor.java:344)
	at org.springframework.context.support.DefaultLifecycleProcessor$LifecycleGroup.stop(DefaultLifecycleProcessor.java:483)
	at java.base/java.lang.Iterable.forEach(Iterable.java:75)
	at org.springframework.context.support.DefaultLifecycleProcessor.stopBeans(DefaultLifecycleProcessor.java:313)
	at org.springframework.context.support.DefaultLifecycleProcessor.onClose(DefaultLifecycleProcessor.java:214)
	at org.springframework.context.support.AbstractApplicationContext.doClose(AbstractApplicationContext.java:1137)
	at org.springframework.boot.web.servlet.context.ServletWebServerApplicationContext.doClose(ServletWebServerApplicationContext.java:174)
	at org.springframework.context.support.AbstractApplicationContext.close(AbstractApplicationContext.java:1091)
	at org.springframework.boot.SpringApplicationShutdownHook.closeAndWait(SpringApplicationShutdownHook.java:145)
	at java.base/java.lang.Iterable.forEach(Iterable.java:75)
	at org.springframework.boot.SpringApplicationShutdownHook.run(SpringApplicationShutdownHook.java:114)
	at java.base/java.lang.Thread.run(Thread.java:1583)
Caused by: org.springframework.core.task.TaskRejectedException: ExecutorService in shutdown state did not accept task: org.springframework.messaging.support.ExecutorSubscribableChannel$SendTask@3e0b7180
	at org.springframework.scheduling.concurrent.ThreadPoolTaskExecutor.execute(ThreadPoolTaskExecutor.java:365)
	at org.springframework.messaging.support.ExecutorSubscribableChannel.sendInternal(ExecutorSubscribableChannel.java:103)
	at org.springframework.messaging.support.AbstractMessageChannel.send(AbstractMessageChannel.java:139)
	... 30 common frames omitted
Caused by: java.util.concurrent.RejectedExecutionException: Task org.springframework.messaging.support.ExecutorSubscribableChannel$SendTask@3e0b7180 rejected from org.springframework.scheduling.concurrent.ThreadPoolTaskExecutor$1@479885d[Terminated, pool size = 0, active threads = 0, queued tasks = 0, completed tasks = 6]
	at java.base/java.util.concurrent.ThreadPoolExecutor$AbortPolicy.rejectedExecution(ThreadPoolExecutor.java:2081)
	at java.base/java.util.concurrent.ThreadPoolExecutor.reject(ThreadPoolExecutor.java:841)
	at java.base/java.util.concurrent.ThreadPoolExecutor.execute(ThreadPoolExecutor.java:1376)
	at org.springframework.scheduling.concurrent.ThreadPoolTaskExecutor$1.execute(ThreadPoolTaskExecutor.java:269)
	at org.springframework.scheduling.concurrent.ThreadPoolTaskExecutor.execute(ThreadPoolTaskExecutor.java:362)
	... 32 common frames omitted
2026-01-12 15:47:13 INFO  o.s.m.s.b.SimpleBrokerMessageHandler - Stopping...
2026-01-12 15:47:13 INFO  o.s.m.s.b.SimpleBrokerMessageHandler - BrokerAvailabilityEvent[available=false, SimpleBrokerMessageHandler [org.springframework.messaging.simp.broker.DefaultSubscriptionRegistry@3a5beb51]]
2026-01-12 15:47:13 INFO  o.s.m.s.b.SimpleBrokerMessageHandler - Stopped.
2026-01-12 15:47:13 INFO  o.s.o.j.LocalContainerEntityManagerFactoryBean - Closing JPA EntityManagerFactory for persistence unit 'default'
2026-01-12 15:47:13 INFO  com.zaxxer.hikari.HikariDataSource - HikariPool-1 - Shutdown initiated...
2026-01-12 15:47:13 INFO  com.zaxxer.hikari.HikariDataSource - HikariPool-1 - Shutdown completed.
2026-01-12 15:47:32 INFO  o.h.validator.internal.util.Version - HV000001: Hibernate Validator 8.0.1.Final
2026-01-12 15:47:32 INFO  c.e.s.SmartScheduleApplication - Starting SmartScheduleApplication using Java 21.0.9 with PID 21988 (C:\Users\USER\Documents\trae_projects\Final system\target\classes started by USER in C:\Users\USER\Documents\trae_projects\Final system)
2026-01-12 15:47:32 INFO  c.e.s.SmartScheduleApplication - No active profile set, falling back to 1 default profile: "default"
2026-01-12 15:47:34 INFO  o.s.d.r.c.RepositoryConfigurationDelegate - Bootstrapping Spring Data JPA repositories in DEFAULT mode.
2026-01-12 15:47:34 INFO  o.s.d.r.c.RepositoryConfigurationDelegate - Finished Spring Data repository scanning in 207 ms. Found 4 JPA repository interfaces.
2026-01-12 15:47:39 INFO  o.s.b.w.e.tomcat.TomcatWebServer - Tomcat initialized with port 8443 (https)
2026-01-12 15:47:39 INFO  o.a.coyote.http11.Http11NioProtocol - Initializing ProtocolHandler ["https-jsse-nio-8443"]
2026-01-12 15:47:39 INFO  o.a.catalina.core.StandardService - Starting service [Tomcat]
2026-01-12 15:47:39 INFO  o.a.catalina.core.StandardEngine - Starting Servlet engine: [Apache Tomcat/10.1.17]
2026-01-12 15:47:39 INFO  o.a.c.c.C.[Tomcat].[localhost].[/] - Initializing Spring embedded WebApplicationContext
2026-01-12 15:47:39 INFO  o.s.b.w.s.c.ServletWebServerApplicationContext - Root WebApplicationContext: initialization completed in 6710 ms
2026-01-12 15:47:39 INFO  com.zaxxer.hikari.HikariDataSource - HikariPool-1 - Starting...
2026-01-12 15:47:40 INFO  com.zaxxer.hikari.pool.HikariPool - HikariPool-1 - Added connection conn0: url=jdbc:h2:mem:smartschedule user=SA
2026-01-12 15:47:40 INFO  com.zaxxer.hikari.HikariDataSource - HikariPool-1 - Start completed.
2026-01-12 15:47:40 INFO  o.s.b.a.h.H2ConsoleAutoConfiguration - H2 console available at '/h2-console'. Database available at 'jdbc:h2:mem:smartschedule'
2026-01-12 15:47:40 INFO  o.h.jpa.internal.util.LogHelper - HHH000204: Processing PersistenceUnitInfo [name: default]
2026-01-12 15:47:40 INFO  org.hibernate.Version - HHH000412: Hibernate ORM core version 6.4.1.Final
2026-01-12 15:47:40 INFO  o.h.c.i.RegionFactoryInitiator - HHH000026: Second-level cache disabled
2026-01-12 15:47:41 INFO  o.s.o.j.p.SpringPersistenceUnitInfo - No LoadTimeWeaver setup: ignoring JPA class transformer
2026-01-12 15:47:41 WARN  org.hibernate.orm.deprecation - HHH90000025: H2Dialect does not need to be specified explicitly using 'hibernate.dialect' (remove the property setting and it will be selected by default)
2026-01-12 15:47:45 INFO  o.h.e.t.j.p.i.JtaPlatformInitiator - HHH000489: No JTA platform available (set 'hibernate.transaction.jta.platform' to enable JTA platform integration)
2026-01-12 15:47:45 INFO  o.s.o.j.LocalContainerEntityManagerFactoryBean - Initialized JPA EntityManagerFactory for persistence unit 'default'
2026-01-12 15:47:47 INFO  o.s.d.j.r.query.QueryEnhancerFactory - Hibernate is in classpath; If applicable, HQL parser will be used.
2026-01-12 15:47:50 WARN  o.s.b.a.o.j.JpaBaseConfiguration$JpaWebConfiguration - spring.jpa.open-in-view is enabled by default. Therefore, database queries may be performed during view rendering. Explicitly configure spring.jpa.open-in-view to disable this warning
2026-01-12 15:47:53 INFO  o.a.coyote.http11.Http11NioProtocol - Starting ProtocolHandler ["https-jsse-nio-8443"]
2026-01-12 15:47:54 INFO  o.a.t.u.net.NioEndpoint.certificate - Connector [https-jsse-nio-8443], TLS virtual host [_default_], certificate type [UNDEFINED] configured from keystore [C:\Users\USER\.keystore] using alias [smartschedule] with trust store [null]
2026-01-12 15:47:54 INFO  o.s.b.w.e.tomcat.TomcatWebServer - Tomcat started on port 8443 (https) with context path ''
2026-01-12 15:47:54 INFO  o.s.m.s.b.SimpleBrokerMessageHandler - Starting...
2026-01-12 15:47:54 INFO  o.s.m.s.b.SimpleBrokerMessageHandler - BrokerAvailabilityEvent[available=true, SimpleBrokerMessageHandler [org.springframework.messaging.simp.broker.DefaultSubscriptionRegistry@1eb558]]
2026-01-12 15:47:54 INFO  o.s.m.s.b.SimpleBrokerMessageHandler - Started.
2026-01-12 15:47:54 INFO  c.e.s.SmartScheduleApplication - Started SmartScheduleApplication in 23.789 seconds (process running for 24.795)
2026-01-12 15:47:56 INFO  o.a.c.c.C.[Tomcat].[localhost].[/] - Initializing Spring DispatcherServlet 'dispatcherServlet'
2026-01-12 15:47:56 INFO  o.s.web.servlet.DispatcherServlet - Initializing Servlet 'dispatcherServlet'
2026-01-12 15:47:56 INFO  o.s.web.servlet.DispatcherServlet - Completed initialization in 4 ms
2026-01-12 15:48:03 INFO  c.e.s.aspect.LoggingAspect - IP: 0:0:0:0:0:0:0:1 - Entering method: updateStatus with arguments: [1, APPROVED]
2026-01-12 15:48:03 INFO  c.e.s.aspect.LoggingAspect - IP: 0:0:0:0:0:0:0:1 - Exiting method: updateStatus with result: Appointment(id=1, customer=User(id=3, username=customer, password=$2a$10$/laZqA0NYRqEkHbEY5trJukYDbv8LGK6r2scrO796Iu3QZYpH0QLW, email=customer@example.com, role=CUSTOMER), service=Service(id=1, name=Haircut, duration=30, price=25.0, assignedStaff=User(id=2, username=staff, password=$2a$10$j4r9qUeTGGCb3CDdiQpmAe6UM7erlNI0o38lN5gxE5PBJido3bO7S, email=staff@example.com, role=STAFF)), staff=User(id=2, username=staff, password=$2a$10$j4r9qUeTGGCb3CDdiQpmAe6UM7erlNI0o38lN5gxE5PBJido3bO7S, email=staff@example.com, role=STAFF), status=APPROVED, startTime=2026-01-10T10:00, endTime=2026-01-10T10:30)
2026-01-12 15:48:15 ERROR o.a.c.c.C.[.[.[.[dispatcherServlet] - Servlet.service() for servlet [dispatcherServlet] in context with path [] threw exception
io.jsonwebtoken.security.SignatureException: JWT signature does not match locally computed signature. JWT validity cannot be asserted and should not be trusted.
	at io.jsonwebtoken.impl.DefaultJwtParser.parse(DefaultJwtParser.java:399)
	at io.jsonwebtoken.impl.DefaultJwtParser.parse(DefaultJwtParser.java:529)
	at io.jsonwebtoken.impl.DefaultJwtParser.parseClaimsJws(DefaultJwtParser.java:589)
	at io.jsonwebtoken.impl.ImmutableJwtParser.parseClaimsJws(ImmutableJwtParser.java:173)
	at com.example.smartschedule.security.JwtUtil.extractAllClaims(JwtUtil.java:47)
	at com.example.smartschedule.security.JwtUtil.extractClaim(JwtUtil.java:39)
	at com.example.smartschedule.security.JwtUtil.extractUsername(JwtUtil.java:31)
	at com.example.smartschedule.security.JwtFilter.doFilterInternal(JwtFilter.java:33)
	at org.springframework.web.filter.OncePerRequestFilter.doFilter(OncePerRequestFilter.java:116)
	at org.springframework.security.web.FilterChainProxy$VirtualFilterChain.doFilter(FilterChainProxy.java:374)
	at org.springframework.security.web.authentication.logout.LogoutFilter.doFilter(LogoutFilter.java:107)
	at org.springframework.security.web.authentication.logout.LogoutFilter.doFilter(LogoutFilter.java:93)
	at org.springframework.security.web.FilterChainProxy$VirtualFilterChain.doFilter(FilterChainProxy.java:374)
	at org.springframework.web.filter.CorsFilter.doFilterInternal(CorsFilter.java:91)
	at org.springframework.web.filter.OncePerRequestFilter.doFilter(OncePerRequestFilter.java:116)
	at org.springframework.security.web.FilterChainProxy$VirtualFilterChain.doFilter(FilterChainProxy.java:374)
	at org.springframework.security.web.header.HeaderWriterFilter.doHeadersAfter(HeaderWriterFilter.java:90)
	at org.springframework.security.web.header.HeaderWriterFilter.doFilterInternal(HeaderWriterFilter.java:75)
	at org.springframework.web.filter.OncePerRequestFilter.doFilter(OncePerRequestFilter.java:116)
	at org.springframework.security.web.FilterChainProxy$VirtualFilterChain.doFilter(FilterChainProxy.java:374)
	at org.springframework.security.web.context.SecurityContextHolderFilter.doFilter(SecurityContextHolderFilter.java:82)
	at org.springframework.security.web.context.SecurityContextHolderFilter.doFilter(SecurityContextHolderFilter.java:69)
	at org.springframework.security.web.FilterChainProxy$VirtualFilterChain.doFilter(FilterChainProxy.java:374)
	at org.springframework.security.web.context.request.async.WebAsyncManagerIntegrationFilter.doFilterInternal(WebAsyncManagerIntegrationFilter.java:62)
	at org.springframework.web.filter.OncePerRequestFilter.doFilter(OncePerRequestFilter.java:116)
	at org.springframework.security.web.FilterChainProxy$VirtualFilterChain.doFilter(FilterChainProxy.java:374)
	at org.springframework.security.web.session.DisableEncodeUrlFilter.doFilterInternal(DisableEncodeUrlFilter.java:42)
	at org.springframework.web.filter.OncePerRequestFilter.doFilter(OncePerRequestFilter.java:116)
	at org.springframework.security.web.FilterChainProxy$VirtualFilterChain.doFilter(FilterChainProxy.java:374)
	at org.springframework.security.web.FilterChainProxy.doFilterInternal(FilterChainProxy.java:233)
	at org.springframework.security.web.FilterChainProxy.doFilter(FilterChainProxy.java:191)
	at org.springframework.web.filter.CompositeFilter$VirtualFilterChain.doFilter(CompositeFilter.java:113)
	at org.springframework.web.servlet.handler.HandlerMappingIntrospector.lambda$createCacheFilter$3(HandlerMappingIntrospector.java:195)
	at org.springframework.web.filter.CompositeFilter$VirtualFilterChain.doFilter(CompositeFilter.java:113)
	at org.springframework.web.filter.CompositeFilter.doFilter(CompositeFilter.java:74)
	at org.springframework.security.config.annotation.web.configuration.WebMvcSecurityConfiguration$CompositeFilterChainProxy.doFilter(WebMvcSecurityConfiguration.java:225)
	at org.springframework.web.filter.DelegatingFilterProxy.invokeDelegate(DelegatingFilterProxy.java:352)
	at org.springframework.web.filter.DelegatingFilterProxy.doFilter(DelegatingFilterProxy.java:268)
	at org.apache.catalina.core.ApplicationFilterChain.internalDoFilter(ApplicationFilterChain.java:174)
	at org.apache.catalina.core.ApplicationFilterChain.doFilter(ApplicationFilterChain.java:149)
	at org.springframework.web.filter.RequestContextFilter.doFilterInternal(RequestContextFilter.java:100)
	at org.springframework.web.filter.OncePerRequestFilter.doFilter(OncePerRequestFilter.java:116)
	at org.apache.catalina.core.ApplicationFilterChain.internalDoFilter(ApplicationFilterChain.java:174)
	at org.apache.catalina.core.ApplicationFilterChain.doFilter(ApplicationFilterChain.java:149)
	at org.springframework.web.filter.FormContentFilter.doFilterInternal(FormContentFilter.java:93)
	at org.springframework.web.filter.OncePerRequestFilter.doFilter(OncePerRequestFilter.java:116)
	at org.apache.catalina.core.ApplicationFilterChain.internalDoFilter(ApplicationFilterChain.java:174)
	at org.apache.catalina.core.ApplicationFilterChain.doFilter(ApplicationFilterChain.java:149)
	at org.springframework.web.filter.CharacterEncodingFilter.doFilterInternal(CharacterEncodingFilter.java:201)
	at org.springframework.web.filter.OncePerRequestFilter.doFilter(OncePerRequestFilter.java:116)
	at org.apache.catalina.core.ApplicationFilterChain.internalDoFilter(ApplicationFilterChain.java:174)
	at org.apache.catalina.core.ApplicationFilterChain.doFilter(ApplicationFilterChain.java:149)
	at org.apache.catalina.core.StandardWrapperValve.invoke(StandardWrapperValve.java:167)
	at org.apache.catalina.core.StandardContextValve.invoke(StandardContextValve.java:90)
	at org.apache.catalina.authenticator.AuthenticatorBase.invoke(AuthenticatorBase.java:482)
	at org.apache.catalina.core.StandardHostValve.invoke(StandardHostValve.java:115)
	at org.apache.catalina.valves.ErrorReportValve.invoke(ErrorReportValve.java:93)
	at org.apache.catalina.core.StandardEngineValve.invoke(StandardEngineValve.java:74)
	at org.apache.catalina.connector.CoyoteAdapter.service(CoyoteAdapter.java:340)
	at org.apache.coyote.http11.Http11Processor.service(Http11Processor.java:391)
	at org.apache.coyote.AbstractProcessorLight.process(AbstractProcessorLight.java:63)
	at org.apache.coyote.AbstractProtocol$ConnectionHandler.process(AbstractProtocol.java:896)
	at org.apache.tomcat.util.net.NioEndpoint$SocketProcessor.doRun(NioEndpoint.java:1744)
	at org.apache.tomcat.util.net.SocketProcessorBase.run(SocketProcessorBase.java:52)
	at org.apache.tomcat.util.threads.ThreadPoolExecutor.runWorker(ThreadPoolExecutor.java:1191)
	at org.apache.tomcat.util.threads.ThreadPoolExecutor$Worker.run(ThreadPoolExecutor.java:659)
	at org.apache.tomcat.util.threads.TaskThread$WrappingRunnable.run(TaskThread.java:61)
	at java.base/java.lang.Thread.run(Thread.java:1583)
2026-01-12 15:48:20 INFO  c.e.s.aspect.LoggingAspect - IP: 0:0:0:0:0:0:0:1 - Entering method: updateStatus with arguments: [1, APPROVED]
2026-01-12 15:48:20 INFO  c.e.s.aspect.LoggingAspect - IP: 0:0:0:0:0:0:0:1 - Exiting method: updateStatus with result: Appointment(id=1, customer=User(id=3, username=customer, password=$2a$10$/laZqA0NYRqEkHbEY5trJukYDbv8LGK6r2scrO796Iu3QZYpH0QLW, email=customer@example.com, role=CUSTOMER), service=Service(id=1, name=Haircut, duration=30, price=25.0, assignedStaff=User(id=2, username=staff, password=$2a$10$j4r9qUeTGGCb3CDdiQpmAe6UM7erlNI0o38lN5gxE5PBJido3bO7S, email=staff@example.com, role=STAFF)), staff=User(id=2, username=staff, password=$2a$10$j4r9qUeTGGCb3CDdiQpmAe6UM7erlNI0o38lN5gxE5PBJido3bO7S, email=staff@example.com, role=STAFF), status=APPROVED, startTime=2026-01-10T10:00, endTime=2026-01-10T10:30)
2026-01-12 15:48:53 INFO  o.s.w.s.c.WebSocketMessageBrokerStats - WebSocketSession[1 current WS(1)-HttpStream(0)-HttpPoll(0), 1 total, 0 closed abnormally (0 connect failure, 0 send limit, 0 transport error)], stompSubProtocol[processed CONNECT(0)-CONNECTED(0)-DISCONNECT(0)], stompBrokerRelay[null], inboundChannel[pool size = 0, active threads = 0, queued tasks = 0, completed tasks = 0], outboundChannel[pool size = 0, active threads = 0, queued tasks = 0, completed tasks = 0], sockJsScheduler[pool size = 1, active threads = 1, queued tasks = 0, completed tasks = 0]
2026-01-12 15:51:10 INFO  c.e.s.aspect.LoggingAspect - IP: 0:0:0:0:0:0:0:1 - Entering method: updateStatus with arguments: [1, APPROVED]
2026-01-12 15:51:10 INFO  c.e.s.aspect.LoggingAspect - IP: 0:0:0:0:0:0:0:1 - Exiting method: updateStatus with result: Appointment(id=1, customer=User(id=3, username=customer, password=$2a$10$/laZqA0NYRqEkHbEY5trJukYDbv8LGK6r2scrO796Iu3QZYpH0QLW, email=customer@example.com, role=CUSTOMER), service=Service(id=1, name=Haircut, duration=30, price=25.0, assignedStaff=User(id=2, username=staff, password=$2a$10$j4r9qUeTGGCb3CDdiQpmAe6UM7erlNI0o38lN5gxE5PBJido3bO7S, email=staff@example.com, role=STAFF)), staff=User(id=2, username=staff, password=$2a$10$j4r9qUeTGGCb3CDdiQpmAe6UM7erlNI0o38lN5gxE5PBJido3bO7S, email=staff@example.com, role=STAFF), status=APPROVED, startTime=2026-01-10T10:00, endTime=2026-01-10T10:30)
2026-01-12 15:53:24 WARN  o.s.w.s.h.ExceptionWebSocketHandlerDecorator - Unhandled exception after connection closed for ExceptionWebSocketHandlerDecorator [delegate=LoggingWebSocketHandlerDecorator [delegate=SubProtocolWebSocketHandler[StompSubProtocolHandler[v10.stomp, v11.stomp, v12.stomp]]]]
org.springframework.messaging.MessageDeliveryException: Failed to send message to ExecutorSubscribableChannel[clientInboundChannel]
	at org.springframework.messaging.support.AbstractMessageChannel.send(AbstractMessageChannel.java:149)
	at org.springframework.messaging.support.AbstractMessageChannel.send(AbstractMessageChannel.java:125)
	at org.springframework.web.socket.messaging.StompSubProtocolHandler.afterSessionEnded(StompSubProtocolHandler.java:685)
	at org.springframework.web.socket.messaging.SubProtocolWebSocketHandler.clearSession(SubProtocolWebSocketHandler.java:531)
	at org.springframework.web.socket.messaging.SubProtocolWebSocketHandler.afterConnectionClosed(SubProtocolWebSocketHandler.java:400)
	at org.springframework.web.socket.handler.WebSocketHandlerDecorator.afterConnectionClosed(WebSocketHandlerDecorator.java:85)
	at org.springframework.web.socket.handler.LoggingWebSocketHandlerDecorator.afterConnectionClosed(LoggingWebSocketHandlerDecorator.java:72)
	at org.springframework.web.socket.handler.ExceptionWebSocketHandlerDecorator.afterConnectionClosed(ExceptionWebSocketHandlerDecorator.java:78)
	at org.springframework.web.socket.adapter.standard.StandardWebSocketHandlerAdapter.onClose(StandardWebSocketHandlerAdapter.java:144)
	at org.apache.tomcat.websocket.WsSession.fireEndpointOnClose(WsSession.java:662)
	at org.apache.tomcat.websocket.WsSession.doClose(WsSession.java:588)
	at org.apache.tomcat.websocket.WsSession.doClose(WsSession.java:554)
	at org.apache.tomcat.websocket.WsSession.close(WsSession.java:542)
	at org.springframework.web.socket.adapter.standard.StandardWebSocketSession.closeInternal(StandardWebSocketSession.java:235)
	at org.springframework.web.socket.adapter.AbstractWebSocketSession.close(AbstractWebSocketSession.java:144)
	at org.springframework.web.socket.handler.WebSocketSessionDecorator.close(WebSocketSessionDecorator.java:160)
	at org.springframework.web.socket.handler.ConcurrentWebSocketSessionDecorator.close(ConcurrentWebSocketSessionDecorator.java:271)
	at org.springframework.web.socket.messaging.SubProtocolWebSocketHandler.stop(SubProtocolWebSocketHandler.java:289)
	at org.springframework.web.socket.messaging.SubProtocolWebSocketHandler.stop(SubProtocolWebSocketHandler.java:302)
	at org.springframework.context.support.DefaultLifecycleProcessor.doStop(DefaultLifecycleProcessor.java:344)
	at org.springframework.context.support.DefaultLifecycleProcessor$LifecycleGroup.stop(DefaultLifecycleProcessor.java:483)
	at java.base/java.lang.Iterable.forEach(Iterable.java:75)
	at org.springframework.context.support.DefaultLifecycleProcessor.stopBeans(DefaultLifecycleProcessor.java:313)
	at org.springframework.context.support.DefaultLifecycleProcessor.onClose(DefaultLifecycleProcessor.java:214)
	at org.springframework.context.support.AbstractApplicationContext.doClose(AbstractApplicationContext.java:1137)
	at org.springframework.boot.web.servlet.context.ServletWebServerApplicationContext.doClose(ServletWebServerApplicationContext.java:174)
	at org.springframework.context.support.AbstractApplicationContext.close(AbstractApplicationContext.java:1091)
	at org.springframework.boot.SpringApplicationShutdownHook.closeAndWait(SpringApplicationShutdownHook.java:145)
	at java.base/java.lang.Iterable.forEach(Iterable.java:75)
	at org.springframework.boot.SpringApplicationShutdownHook.run(SpringApplicationShutdownHook.java:114)
	at java.base/java.lang.Thread.run(Thread.java:1583)
Caused by: org.springframework.core.task.TaskRejectedException: ExecutorService in shutdown state did not accept task: org.springframework.messaging.support.ExecutorSubscribableChannel$SendTask@3e5f8163
	at org.springframework.scheduling.concurrent.ThreadPoolTaskExecutor.execute(ThreadPoolTaskExecutor.java:365)
	at org.springframework.messaging.support.ExecutorSubscribableChannel.sendInternal(ExecutorSubscribableChannel.java:103)
	at org.springframework.messaging.support.AbstractMessageChannel.send(AbstractMessageChannel.java:139)
	... 30 common frames omitted
Caused by: java.util.concurrent.RejectedExecutionException: Task org.springframework.messaging.support.ExecutorSubscribableChannel$SendTask@3e5f8163 rejected from org.springframework.scheduling.concurrent.ThreadPoolTaskExecutor$1@22128b73[Terminated, pool size = 0, active threads = 0, queued tasks = 0, completed tasks = 0]
	at java.base/java.util.concurrent.ThreadPoolExecutor$AbortPolicy.rejectedExecution(ThreadPoolExecutor.java:2081)
	at java.base/java.util.concurrent.ThreadPoolExecutor.reject(ThreadPoolExecutor.java:841)
	at java.base/java.util.concurrent.ThreadPoolExecutor.execute(ThreadPoolExecutor.java:1376)
	at org.springframework.scheduling.concurrent.ThreadPoolTaskExecutor$1.execute(ThreadPoolTaskExecutor.java:269)
	at org.springframework.scheduling.concurrent.ThreadPoolTaskExecutor.execute(ThreadPoolTaskExecutor.java:362)
	... 32 common frames omitted
2026-01-12 15:53:24 INFO  o.s.m.s.b.SimpleBrokerMessageHandler - Stopping...
2026-01-12 15:53:24 INFO  o.s.m.s.b.SimpleBrokerMessageHandler - BrokerAvailabilityEvent[available=false, SimpleBrokerMessageHandler [org.springframework.messaging.simp.broker.DefaultSubscriptionRegistry@1eb558]]
2026-01-12 15:53:24 INFO  o.s.m.s.b.SimpleBrokerMessageHandler - Stopped.
2026-01-12 15:53:24 INFO  o.s.o.j.LocalContainerEntityManagerFactoryBean - Closing JPA EntityManagerFactory for persistence unit 'default'
2026-01-12 15:53:24 INFO  com.zaxxer.hikari.HikariDataSource - HikariPool-1 - Shutdown initiated...
2026-01-12 15:53:24 INFO  com.zaxxer.hikari.HikariDataSource - HikariPool-1 - Shutdown completed.
2026-01-12 15:53:46 INFO  o.h.validator.internal.util.Version - HV000001: Hibernate Validator 8.0.1.Final
2026-01-12 15:53:46 INFO  c.e.s.SmartScheduleApplication - Starting SmartScheduleApplication using Java 21.0.9 with PID 10120 (C:\Users\USER\Documents\trae_projects\Final system\target\classes started by USER in C:\Users\USER\Documents\trae_projects\Final system)
2026-01-12 15:53:46 INFO  c.e.s.SmartScheduleApplication - No active profile set, falling back to 1 default profile: "default"
2026-01-12 15:53:48 INFO  o.s.d.r.c.RepositoryConfigurationDelegate - Bootstrapping Spring Data JPA repositories in DEFAULT mode.
2026-01-12 15:53:48 INFO  o.s.d.r.c.RepositoryConfigurationDelegate - Finished Spring Data repository scanning in 127 ms. Found 4 JPA repository interfaces.
2026-01-12 15:53:50 INFO  o.s.b.w.e.tomcat.TomcatWebServer - Tomcat initialized with port 8443 (https)
2026-01-12 15:53:50 INFO  o.a.coyote.http11.Http11NioProtocol - Initializing ProtocolHandler ["https-jsse-nio-8443"]
2026-01-12 15:53:50 INFO  o.a.catalina.core.StandardService - Starting service [Tomcat]
2026-01-12 15:53:50 INFO  o.a.catalina.core.StandardEngine - Starting Servlet engine: [Apache Tomcat/10.1.17]
2026-01-12 15:53:50 INFO  o.a.c.c.C.[Tomcat].[localhost].[/] - Initializing Spring embedded WebApplicationContext
2026-01-12 15:53:50 INFO  o.s.b.w.s.c.ServletWebServerApplicationContext - Root WebApplicationContext: initialization completed in 4434 ms
2026-01-12 15:53:50 INFO  com.zaxxer.hikari.HikariDataSource - HikariPool-1 - Starting...
2026-01-12 15:53:51 INFO  com.zaxxer.hikari.pool.HikariPool - HikariPool-1 - Added connection conn0: url=jdbc:h2:mem:smartschedule user=SA
2026-01-12 15:53:51 INFO  com.zaxxer.hikari.HikariDataSource - HikariPool-1 - Start completed.
2026-01-12 15:53:51 INFO  o.s.b.a.h.H2ConsoleAutoConfiguration - H2 console available at '/h2-console'. Database available at 'jdbc:h2:mem:smartschedule'
2026-01-12 15:53:51 INFO  o.h.jpa.internal.util.LogHelper - HHH000204: Processing PersistenceUnitInfo [name: default]
2026-01-12 15:53:52 INFO  org.hibernate.Version - HHH000412: Hibernate ORM core version 6.4.1.Final
2026-01-12 15:53:52 INFO  o.h.c.i.RegionFactoryInitiator - HHH000026: Second-level cache disabled
2026-01-12 15:53:53 INFO  o.s.o.j.p.SpringPersistenceUnitInfo - No LoadTimeWeaver setup: ignoring JPA class transformer
2026-01-12 15:53:53 WARN  org.hibernate.orm.deprecation - HHH90000025: H2Dialect does not need to be specified explicitly using 'hibernate.dialect' (remove the property setting and it will be selected by default)
2026-01-12 15:53:56 INFO  o.h.e.t.j.p.i.JtaPlatformInitiator - HHH000489: No JTA platform available (set 'hibernate.transaction.jta.platform' to enable JTA platform integration)
2026-01-12 15:53:56 INFO  o.s.o.j.LocalContainerEntityManagerFactoryBean - Initialized JPA EntityManagerFactory for persistence unit 'default'
2026-01-12 15:53:58 INFO  o.s.d.j.r.query.QueryEnhancerFactory - Hibernate is in classpath; If applicable, HQL parser will be used.
2026-01-12 15:54:00 WARN  o.s.b.a.o.j.JpaBaseConfiguration$JpaWebConfiguration - spring.jpa.open-in-view is enabled by default. Therefore, database queries may be performed during view rendering. Explicitly configure spring.jpa.open-in-view to disable this warning
2026-01-12 15:54:02 INFO  o.a.coyote.http11.Http11NioProtocol - Starting ProtocolHandler ["https-jsse-nio-8443"]
2026-01-12 15:54:02 INFO  o.a.t.u.net.NioEndpoint.certificate - Connector [https-jsse-nio-8443], TLS virtual host [_default_], certificate type [UNDEFINED] configured from keystore [C:\Users\USER\.keystore] using alias [smartschedule] with trust store [null]
2026-01-12 15:54:02 INFO  o.s.b.w.e.tomcat.TomcatWebServer - Tomcat started on port 8443 (https) with context path ''
2026-01-12 15:54:02 INFO  o.s.m.s.b.SimpleBrokerMessageHandler - Starting...
2026-01-12 15:54:02 INFO  o.s.m.s.b.SimpleBrokerMessageHandler - BrokerAvailabilityEvent[available=true, SimpleBrokerMessageHandler [org.springframework.messaging.simp.broker.DefaultSubscriptionRegistry@66579498]]
2026-01-12 15:54:02 INFO  o.s.m.s.b.SimpleBrokerMessageHandler - Started.
2026-01-12 15:54:02 INFO  c.e.s.SmartScheduleApplication - Started SmartScheduleApplication in 18.552 seconds (process running for 20.45)
2026-01-12 15:55:02 INFO  o.s.w.s.c.WebSocketMessageBrokerStats - WebSocketSession[0 current WS(0)-HttpStream(0)-HttpPoll(0), 0 total, 0 closed abnormally (0 connect failure, 0 send limit, 0 transport error)], stompSubProtocol[processed CONNECT(0)-CONNECTED(0)-DISCONNECT(0)], stompBrokerRelay[null], inboundChannel[pool size = 0, active threads = 0, queued tasks = 0, completed tasks = 0], outboundChannel[pool size = 0, active threads = 0, queued tasks = 0, completed tasks = 0], sockJsScheduler[pool size = 1, active threads = 1, queued tasks = 0, completed tasks = 0]
2026-01-12 15:55:34 INFO  o.a.c.c.C.[Tomcat].[localhost].[/] - Initializing Spring DispatcherServlet 'dispatcherServlet'
2026-01-12 15:55:34 INFO  o.s.web.servlet.DispatcherServlet - Initializing Servlet 'dispatcherServlet'
2026-01-12 15:55:34 INFO  o.s.web.servlet.DispatcherServlet - Completed initialization in 4 ms
2026-01-12 15:59:55 WARN  o.s.w.s.h.ExceptionWebSocketHandlerDecorator - Unhandled exception after connection closed for ExceptionWebSocketHandlerDecorator [delegate=LoggingWebSocketHandlerDecorator [delegate=SubProtocolWebSocketHandler[StompSubProtocolHandler[v10.stomp, v11.stomp, v12.stomp]]]]
org.springframework.messaging.MessageDeliveryException: Failed to send message to ExecutorSubscribableChannel[clientInboundChannel]
	at org.springframework.messaging.support.AbstractMessageChannel.send(AbstractMessageChannel.java:149)
	at org.springframework.messaging.support.AbstractMessageChannel.send(AbstractMessageChannel.java:125)
	at org.springframework.web.socket.messaging.StompSubProtocolHandler.afterSessionEnded(StompSubProtocolHandler.java:685)
	at org.springframework.web.socket.messaging.SubProtocolWebSocketHandler.clearSession(SubProtocolWebSocketHandler.java:531)
	at org.springframework.web.socket.messaging.SubProtocolWebSocketHandler.afterConnectionClosed(SubProtocolWebSocketHandler.java:400)
	at org.springframework.web.socket.handler.WebSocketHandlerDecorator.afterConnectionClosed(WebSocketHandlerDecorator.java:85)
	at org.springframework.web.socket.handler.LoggingWebSocketHandlerDecorator.afterConnectionClosed(LoggingWebSocketHandlerDecorator.java:72)
	at org.springframework.web.socket.handler.ExceptionWebSocketHandlerDecorator.afterConnectionClosed(ExceptionWebSocketHandlerDecorator.java:78)
	at org.springframework.web.socket.adapter.standard.StandardWebSocketHandlerAdapter.onClose(StandardWebSocketHandlerAdapter.java:144)
	at org.apache.tomcat.websocket.WsSession.fireEndpointOnClose(WsSession.java:662)
	at org.apache.tomcat.websocket.WsSession.doClose(WsSession.java:588)
	at org.apache.tomcat.websocket.WsSession.doClose(WsSession.java:554)
	at org.apache.tomcat.websocket.WsSession.close(WsSession.java:542)
	at org.springframework.web.socket.adapter.standard.StandardWebSocketSession.closeInternal(StandardWebSocketSession.java:235)
	at org.springframework.web.socket.adapter.AbstractWebSocketSession.close(AbstractWebSocketSession.java:144)
	at org.springframework.web.socket.handler.WebSocketSessionDecorator.close(WebSocketSessionDecorator.java:160)
	at org.springframework.web.socket.handler.ConcurrentWebSocketSessionDecorator.close(ConcurrentWebSocketSessionDecorator.java:271)
	at org.springframework.web.socket.messaging.SubProtocolWebSocketHandler.stop(SubProtocolWebSocketHandler.java:289)
	at org.springframework.web.socket.messaging.SubProtocolWebSocketHandler.stop(SubProtocolWebSocketHandler.java:302)
	at org.springframework.context.support.DefaultLifecycleProcessor.doStop(DefaultLifecycleProcessor.java:344)
	at org.springframework.context.support.DefaultLifecycleProcessor$LifecycleGroup.stop(DefaultLifecycleProcessor.java:483)
	at java.base/java.lang.Iterable.forEach(Iterable.java:75)
	at org.springframework.context.support.DefaultLifecycleProcessor.stopBeans(DefaultLifecycleProcessor.java:313)
	at org.springframework.context.support.DefaultLifecycleProcessor.onClose(DefaultLifecycleProcessor.java:214)
	at org.springframework.context.support.AbstractApplicationContext.doClose(AbstractApplicationContext.java:1137)
	at org.springframework.boot.web.servlet.context.ServletWebServerApplicationContext.doClose(ServletWebServerApplicationContext.java:174)
	at org.springframework.context.support.AbstractApplicationContext.close(AbstractApplicationContext.java:1091)
	at org.springframework.boot.SpringApplicationShutdownHook.closeAndWait(SpringApplicationShutdownHook.java:145)
	at java.base/java.lang.Iterable.forEach(Iterable.java:75)
	at org.springframework.boot.SpringApplicationShutdownHook.run(SpringApplicationShutdownHook.java:114)
	at java.base/java.lang.Thread.run(Thread.java:1583)
Caused by: org.springframework.core.task.TaskRejectedException: ExecutorService in shutdown state did not accept task: org.springframework.messaging.support.ExecutorSubscribableChannel$SendTask@44c09ab2
	at org.springframework.scheduling.concurrent.ThreadPoolTaskExecutor.execute(ThreadPoolTaskExecutor.java:365)
	at org.springframework.messaging.support.ExecutorSubscribableChannel.sendInternal(ExecutorSubscribableChannel.java:103)
	at org.springframework.messaging.support.AbstractMessageChannel.send(AbstractMessageChannel.java:139)
	... 30 common frames omitted
Caused by: java.util.concurrent.RejectedExecutionException: Task org.springframework.messaging.support.ExecutorSubscribableChannel$SendTask@44c09ab2 rejected from org.springframework.scheduling.concurrent.ThreadPoolTaskExecutor$1@5248688c[Terminated, pool size = 0, active threads = 0, queued tasks = 0, completed tasks = 0]
	at java.base/java.util.concurrent.ThreadPoolExecutor$AbortPolicy.rejectedExecution(ThreadPoolExecutor.java:2081)
	at java.base/java.util.concurrent.ThreadPoolExecutor.reject(ThreadPoolExecutor.java:841)
	at java.base/java.util.concurrent.ThreadPoolExecutor.execute(ThreadPoolExecutor.java:1376)
	at org.springframework.scheduling.concurrent.ThreadPoolTaskExecutor$1.execute(ThreadPoolTaskExecutor.java:269)
	at org.springframework.scheduling.concurrent.ThreadPoolTaskExecutor.execute(ThreadPoolTaskExecutor.java:362)
	... 32 common frames omitted
2026-01-12 15:59:55 INFO  o.s.m.s.b.SimpleBrokerMessageHandler - Stopping...
2026-01-12 15:59:55 INFO  o.s.m.s.b.SimpleBrokerMessageHandler - BrokerAvailabilityEvent[available=false, SimpleBrokerMessageHandler [org.springframework.messaging.simp.broker.DefaultSubscriptionRegistry@66579498]]
2026-01-12 15:59:55 INFO  o.s.m.s.b.SimpleBrokerMessageHandler - Stopped.
2026-01-12 15:59:55 INFO  o.s.o.j.LocalContainerEntityManagerFactoryBean - Closing JPA EntityManagerFactory for persistence unit 'default'
2026-01-12 15:59:55 INFO  com.zaxxer.hikari.HikariDataSource - HikariPool-1 - Shutdown initiated...
2026-01-12 15:59:55 INFO  com.zaxxer.hikari.HikariDataSource - HikariPool-1 - Shutdown completed.
2026-01-12 16:00:23 INFO  o.h.validator.internal.util.Version - HV000001: Hibernate Validator 8.0.1.Final
2026-01-12 16:00:23 INFO  c.e.s.SmartScheduleApplication - Starting SmartScheduleApplication using Java 21.0.9 with PID 7544 (C:\Users\USER\Documents\trae_projects\Final system\target\classes started by USER in C:\Users\USER\Documents\trae_projects\Final system)
2026-01-12 16:00:23 INFO  c.e.s.SmartScheduleApplication - No active profile set, falling back to 1 default profile: "default"
2026-01-12 16:00:26 INFO  o.s.d.r.c.RepositoryConfigurationDelegate - Bootstrapping Spring Data JPA repositories in DEFAULT mode.
2026-01-12 16:00:27 INFO  o.s.d.r.c.RepositoryConfigurationDelegate - Finished Spring Data repository scanning in 247 ms. Found 4 JPA repository interfaces.
2026-01-12 16:00:33 INFO  o.s.b.w.e.tomcat.TomcatWebServer - Tomcat initialized with port 8443 (https)
2026-01-12 16:00:33 INFO  o.a.coyote.http11.Http11NioProtocol - Initializing ProtocolHandler ["https-jsse-nio-8443"]
2026-01-12 16:00:33 INFO  o.a.catalina.core.StandardService - Starting service [Tomcat]
2026-01-12 16:00:33 INFO  o.a.catalina.core.StandardEngine - Starting Servlet engine: [Apache Tomcat/10.1.17]
2026-01-12 16:00:33 INFO  o.a.c.c.C.[Tomcat].[localhost].[/] - Initializing Spring embedded WebApplicationContext
2026-01-12 16:00:33 INFO  o.s.b.w.s.c.ServletWebServerApplicationContext - Root WebApplicationContext: initialization completed in 9377 ms
2026-01-12 16:00:33 INFO  com.zaxxer.hikari.HikariDataSource - HikariPool-1 - Starting...
2026-01-12 16:00:34 INFO  com.zaxxer.hikari.pool.HikariPool - HikariPool-1 - Added connection conn0: url=jdbc:h2:mem:smartschedule user=SA
2026-01-12 16:00:34 INFO  com.zaxxer.hikari.HikariDataSource - HikariPool-1 - Start completed.
2026-01-12 16:00:34 INFO  o.s.b.a.h.H2ConsoleAutoConfiguration - H2 console available at '/h2-console'. Database available at 'jdbc:h2:mem:smartschedule'
2026-01-12 16:00:35 INFO  o.h.jpa.internal.util.LogHelper - HHH000204: Processing PersistenceUnitInfo [name: default]
2026-01-12 16:00:35 INFO  org.hibernate.Version - HHH000412: Hibernate ORM core version 6.4.1.Final
2026-01-12 16:00:35 INFO  o.h.c.i.RegionFactoryInitiator - HHH000026: Second-level cache disabled
2026-01-12 16:00:36 INFO  o.s.o.j.p.SpringPersistenceUnitInfo - No LoadTimeWeaver setup: ignoring JPA class transformer
2026-01-12 16:00:36 WARN  org.hibernate.orm.deprecation - HHH90000025: H2Dialect does not need to be specified explicitly using 'hibernate.dialect' (remove the property setting and it will be selected by default)
2026-01-12 16:00:40 INFO  o.h.e.t.j.p.i.JtaPlatformInitiator - HHH000489: No JTA platform available (set 'hibernate.transaction.jta.platform' to enable JTA platform integration)
2026-01-12 16:00:41 INFO  o.s.o.j.LocalContainerEntityManagerFactoryBean - Initialized JPA EntityManagerFactory for persistence unit 'default'
2026-01-12 16:00:43 INFO  o.s.d.j.r.query.QueryEnhancerFactory - Hibernate is in classpath; If applicable, HQL parser will be used.
2026-01-12 16:00:46 WARN  o.s.b.a.o.j.JpaBaseConfiguration$JpaWebConfiguration - spring.jpa.open-in-view is enabled by default. Therefore, database queries may be performed during view rendering. Explicitly configure spring.jpa.open-in-view to disable this warning
2026-01-12 16:00:48 INFO  o.a.coyote.http11.Http11NioProtocol - Starting ProtocolHandler ["https-jsse-nio-8443"]
2026-01-12 16:00:49 INFO  o.a.t.u.net.NioEndpoint.certificate - Connector [https-jsse-nio-8443], TLS virtual host [_default_], certificate type [UNDEFINED] configured from keystore [C:\Users\USER\.keystore] using alias [smartschedule] with trust store [null]
2026-01-12 16:00:49 INFO  o.s.b.w.e.tomcat.TomcatWebServer - Tomcat started on port 8443 (https) with context path ''
2026-01-12 16:00:49 INFO  o.s.m.s.b.SimpleBrokerMessageHandler - Starting...
2026-01-12 16:00:49 INFO  o.s.m.s.b.SimpleBrokerMessageHandler - BrokerAvailabilityEvent[available=true, SimpleBrokerMessageHandler [org.springframework.messaging.simp.broker.DefaultSubscriptionRegistry@42ec207f]]
2026-01-12 16:00:49 INFO  o.s.m.s.b.SimpleBrokerMessageHandler - Started.
2026-01-12 16:00:49 INFO  c.e.s.SmartScheduleApplication - Started SmartScheduleApplication in 27.956 seconds (process running for 29.32)
2026-01-12 16:00:50 INFO  o.a.c.c.C.[Tomcat].[localhost].[/] - Initializing Spring DispatcherServlet 'dispatcherServlet'
2026-01-12 16:00:50 INFO  o.s.web.servlet.DispatcherServlet - Initializing Servlet 'dispatcherServlet'
2026-01-12 16:00:50 INFO  o.s.web.servlet.DispatcherServlet - Completed initialization in 4 ms
2026-01-12 16:01:48 INFO  o.s.w.s.c.WebSocketMessageBrokerStats - WebSocketSession[0 current WS(0)-HttpStream(0)-HttpPoll(0), 0 total, 0 closed abnormally (0 connect failure, 0 send limit, 0 transport error)], stompSubProtocol[processed CONNECT(0)-CONNECTED(0)-DISCONNECT(0)], stompBrokerRelay[null], inboundChannel[pool size = 0, active threads = 0, queued tasks = 0, completed tasks = 0], outboundChannel[pool size = 0, active threads = 0, queued tasks = 0, completed tasks = 0], sockJsScheduler[pool size = 1, active threads = 1, queued tasks = 0, completed tasks = 0]
2026-01-12 16:02:21 ERROR o.s.w.s.m.StompSubProtocolHandler - Failed to parse TextMessage payload=[SUBSCRIBE..], byteCount=62, last=true] in session d76c60b5-9096-18df-4b48-bd2e31a820e3. Sending STOMP ERROR to client.
org.springframework.messaging.simp.stomp.StompConversionException: Illegal header: 'SUBSCRIBE'. A header must be of the form <name>:[<value>].
	at org.springframework.messaging.simp.stomp.StompDecoder.readHeaders(StompDecoder.java:239)
	at org.springframework.messaging.simp.stomp.StompDecoder.decodeMessage(StompDecoder.java:146)
	at org.springframework.messaging.simp.stomp.StompDecoder.decode(StompDecoder.java:114)
	at org.springframework.messaging.simp.stomp.BufferingStompDecoder.decode(BufferingStompDecoder.java:114)
	at org.springframework.web.socket.messaging.StompSubProtocolHandler.handleMessageFromClient(StompSubProtocolHandler.java:279)
	at org.springframework.web.socket.messaging.SubProtocolWebSocketHandler.handleMessage(SubProtocolWebSocketHandler.java:336)
	at org.springframework.web.socket.handler.WebSocketHandlerDecorator.handleMessage(WebSocketHandlerDecorator.java:75)
	at org.springframework.web.socket.handler.LoggingWebSocketHandlerDecorator.handleMessage(LoggingWebSocketHandlerDecorator.java:56)
	at org.springframework.web.socket.handler.ExceptionWebSocketHandlerDecorator.handleMessage(ExceptionWebSocketHandlerDecorator.java:58)
	at org.springframework.web.socket.adapter.standard.StandardWebSocketHandlerAdapter.handleTextMessage(StandardWebSocketHandlerAdapter.java:113)
	at org.springframework.web.socket.adapter.standard.StandardWebSocketHandlerAdapter$3.onMessage(StandardWebSocketHandlerAdapter.java:84)
	at org.springframework.web.socket.adapter.standard.StandardWebSocketHandlerAdapter$3.onMessage(StandardWebSocketHandlerAdapter.java:81)
	at org.apache.tomcat.websocket.WsFrameBase.sendMessageText(WsFrameBase.java:390)
	at org.apache.tomcat.websocket.server.WsFrameServer.sendMessageText(WsFrameServer.java:130)
	at org.apache.tomcat.websocket.WsFrameBase.processDataText(WsFrameBase.java:484)
	at org.apache.tomcat.websocket.WsFrameBase.processData(WsFrameBase.java:284)
	at org.apache.tomcat.websocket.WsFrameBase.processInputBuffer(WsFrameBase.java:130)
	at org.apache.tomcat.websocket.server.WsFrameServer.onDataAvailable(WsFrameServer.java:85)
	at org.apache.tomcat.websocket.server.WsFrameServer.doOnDataAvailable(WsFrameServer.java:184)
	at org.apache.tomcat.websocket.server.WsFrameServer.notifyDataAvailable(WsFrameServer.java:164)
	at org.apache.tomcat.websocket.server.WsHttpUpgradeHandler.upgradeDispatch(WsHttpUpgradeHandler.java:152)
	at org.apache.coyote.http11.upgrade.UpgradeProcessorInternal.dispatch(UpgradeProcessorInternal.java:60)
	at org.apache.coyote.AbstractProcessorLight.process(AbstractProcessorLight.java:57)
	at org.apache.coyote.AbstractProtocol$ConnectionHandler.process(AbstractProtocol.java:896)
	at org.apache.tomcat.util.net.NioEndpoint$SocketProcessor.doRun(NioEndpoint.java:1744)
	at org.apache.tomcat.util.net.SocketProcessorBase.run(SocketProcessorBase.java:52)
	at org.apache.tomcat.util.threads.ThreadPoolExecutor.runWorker(ThreadPoolExecutor.java:1191)
	at org.apache.tomcat.util.threads.ThreadPoolExecutor$Worker.run(ThreadPoolExecutor.java:659)
	at org.apache.tomcat.util.threads.TaskThread$WrappingRunnable.run(TaskThread.java:61)
	at java.base/java.lang.Thread.run(Thread.java:1583)
2026-01-12 16:14:14 INFO  o.s.m.s.b.SimpleBrokerMessageHandler - Stopping...
2026-01-12 16:14:14 INFO  o.s.m.s.b.SimpleBrokerMessageHandler - BrokerAvailabilityEvent[available=false, SimpleBrokerMessageHandler [org.springframework.messaging.simp.broker.DefaultSubscriptionRegistry@42ec207f]]
2026-01-12 16:14:14 INFO  o.s.m.s.b.SimpleBrokerMessageHandler - Stopped.
2026-01-12 16:14:15 INFO  o.s.o.j.LocalContainerEntityManagerFactoryBean - Closing JPA EntityManagerFactory for persistence unit 'default'
2026-01-12 16:14:15 INFO  com.zaxxer.hikari.HikariDataSource - HikariPool-1 - Shutdown initiated...
2026-01-12 16:14:15 INFO  com.zaxxer.hikari.HikariDataSource - HikariPool-1 - Shutdown completed.
2026-01-12 16:15:16 INFO  o.h.validator.internal.util.Version - HV000001: Hibernate Validator 8.0.1.Final
2026-01-12 16:15:16 INFO  c.e.s.SmartScheduleApplication - Starting SmartScheduleApplication using Java 21.0.9 with PID 17652 (C:\Users\USER\Documents\trae_projects\Final system\target\classes started by USER in C:\Users\USER\Documents\trae_projects\Final system)
2026-01-12 16:15:16 INFO  c.e.s.SmartScheduleApplication - No active profile set, falling back to 1 default profile: "default"
2026-01-12 16:15:19 INFO  o.s.d.r.c.RepositoryConfigurationDelegate - Bootstrapping Spring Data JPA repositories in DEFAULT mode.
2026-01-12 16:15:19 INFO  o.s.d.r.c.RepositoryConfigurationDelegate - Finished Spring Data repository scanning in 171 ms. Found 4 JPA repository interfaces.
2026-01-12 16:15:23 INFO  o.s.b.w.e.tomcat.TomcatWebServer - Tomcat initialized with port 8443 (https)
2026-01-12 16:15:23 INFO  o.a.coyote.http11.Http11NioProtocol - Initializing ProtocolHandler ["https-jsse-nio-8443"]
2026-01-12 16:15:23 INFO  o.a.catalina.core.StandardService - Starting service [Tomcat]
2026-01-12 16:15:23 INFO  o.a.catalina.core.StandardEngine - Starting Servlet engine: [Apache Tomcat/10.1.17]
2026-01-12 16:15:23 INFO  o.a.c.c.C.[Tomcat].[localhost].[/] - Initializing Spring embedded WebApplicationContext
2026-01-12 16:15:23 INFO  o.s.b.w.s.c.ServletWebServerApplicationContext - Root WebApplicationContext: initialization completed in 6488 ms
2026-01-12 16:15:23 INFO  com.zaxxer.hikari.HikariDataSource - HikariPool-1 - Starting...
2026-01-12 16:15:24 INFO  com.zaxxer.hikari.pool.HikariPool - HikariPool-1 - Added connection conn0: url=jdbc:h2:mem:smartschedule user=SA
2026-01-12 16:15:24 INFO  com.zaxxer.hikari.HikariDataSource - HikariPool-1 - Start completed.
2026-01-12 16:15:24 INFO  o.s.b.a.h.H2ConsoleAutoConfiguration - H2 console available at '/h2-console'. Database available at 'jdbc:h2:mem:smartschedule'
2026-01-12 16:15:25 INFO  o.h.jpa.internal.util.LogHelper - HHH000204: Processing PersistenceUnitInfo [name: default]
2026-01-12 16:15:25 INFO  org.hibernate.Version - HHH000412: Hibernate ORM core version 6.4.1.Final
2026-01-12 16:15:25 INFO  o.h.c.i.RegionFactoryInitiator - HHH000026: Second-level cache disabled
2026-01-12 16:15:27 INFO  o.s.o.j.p.SpringPersistenceUnitInfo - No LoadTimeWeaver setup: ignoring JPA class transformer
2026-01-12 16:15:27 WARN  org.hibernate.orm.deprecation - HHH90000025: H2Dialect does not need to be specified explicitly using 'hibernate.dialect' (remove the property setting and it will be selected by default)
2026-01-12 16:15:31 INFO  o.h.e.t.j.p.i.JtaPlatformInitiator - HHH000489: No JTA platform available (set 'hibernate.transaction.jta.platform' to enable JTA platform integration)
2026-01-12 16:15:31 INFO  o.s.o.j.LocalContainerEntityManagerFactoryBean - Initialized JPA EntityManagerFactory for persistence unit 'default'
2026-01-12 16:15:33 INFO  o.s.d.j.r.query.QueryEnhancerFactory - Hibernate is in classpath; If applicable, HQL parser will be used.
2026-01-12 16:15:37 WARN  o.s.b.a.o.j.JpaBaseConfiguration$JpaWebConfiguration - spring.jpa.open-in-view is enabled by default. Therefore, database queries may be performed during view rendering. Explicitly configure spring.jpa.open-in-view to disable this warning
2026-01-12 16:15:39 INFO  o.a.coyote.http11.Http11NioProtocol - Starting ProtocolHandler ["https-jsse-nio-8443"]
2026-01-12 16:15:40 INFO  o.a.t.u.net.NioEndpoint.certificate - Connector [https-jsse-nio-8443], TLS virtual host [_default_], certificate type [UNDEFINED] configured from keystore [C:\Users\USER\.keystore] using alias [smartschedule] with trust store [null]
2026-01-12 16:15:40 INFO  o.s.b.w.e.tomcat.TomcatWebServer - Tomcat started on port 8443 (https) with context path ''
2026-01-12 16:15:40 INFO  o.s.m.s.b.SimpleBrokerMessageHandler - Starting...
2026-01-12 16:15:40 INFO  o.s.m.s.b.SimpleBrokerMessageHandler - BrokerAvailabilityEvent[available=true, SimpleBrokerMessageHandler [org.springframework.messaging.simp.broker.DefaultSubscriptionRegistry@e287fd1]]
2026-01-12 16:15:40 INFO  o.s.m.s.b.SimpleBrokerMessageHandler - Started.
2026-01-12 16:15:40 INFO  c.e.s.SmartScheduleApplication - Started SmartScheduleApplication in 25.166 seconds (process running for 26.25)
2026-01-12 16:15:59 INFO  o.s.m.s.b.SimpleBrokerMessageHandler - Stopping...
2026-01-12 16:15:59 INFO  o.s.m.s.b.SimpleBrokerMessageHandler - BrokerAvailabilityEvent[available=false, SimpleBrokerMessageHandler [org.springframework.messaging.simp.broker.DefaultSubscriptionRegistry@e287fd1]]
2026-01-12 16:15:59 INFO  o.s.m.s.b.SimpleBrokerMessageHandler - Stopped.
2026-01-12 16:15:59 INFO  o.s.o.j.LocalContainerEntityManagerFactoryBean - Closing JPA EntityManagerFactory for persistence unit 'default'
2026-01-12 16:15:59 INFO  com.zaxxer.hikari.HikariDataSource - HikariPool-1 - Shutdown initiated...
2026-01-12 16:15:59 INFO  com.zaxxer.hikari.HikariDataSource - HikariPool-1 - Shutdown completed.
2026-01-12 16:16:17 INFO  o.h.validator.internal.util.Version - HV000001: Hibernate Validator 8.0.1.Final
2026-01-12 16:16:17 INFO  c.e.s.SmartScheduleApplication - Starting SmartScheduleApplication using Java 21.0.9 with PID 18176 (C:\Users\USER\Documents\trae_projects\Final system\target\classes started by USER in C:\Users\USER\Documents\trae_projects\Final system)
2026-01-12 16:16:17 INFO  c.e.s.SmartScheduleApplication - No active profile set, falling back to 1 default profile: "default"
2026-01-12 16:16:19 INFO  o.s.d.r.c.RepositoryConfigurationDelegate - Bootstrapping Spring Data JPA repositories in DEFAULT mode.
2026-01-12 16:16:20 INFO  o.s.d.r.c.RepositoryConfigurationDelegate - Finished Spring Data repository scanning in 141 ms. Found 4 JPA repository interfaces.
2026-01-12 16:16:22 INFO  o.s.b.w.e.tomcat.TomcatWebServer - Tomcat initialized with port 8443 (https)
2026-01-12 16:16:22 INFO  o.a.coyote.http11.Http11NioProtocol - Initializing ProtocolHandler ["https-jsse-nio-8443"]
2026-01-12 16:16:22 INFO  o.a.catalina.core.StandardService - Starting service [Tomcat]
2026-01-12 16:16:22 INFO  o.a.catalina.core.StandardEngine - Starting Servlet engine: [Apache Tomcat/10.1.17]
2026-01-12 16:16:22 INFO  o.a.c.c.C.[Tomcat].[localhost].[/] - Initializing Spring embedded WebApplicationContext
2026-01-12 16:16:22 INFO  o.s.b.w.s.c.ServletWebServerApplicationContext - Root WebApplicationContext: initialization completed in 5023 ms
2026-01-12 16:16:22 INFO  com.zaxxer.hikari.HikariDataSource - HikariPool-1 - Starting...
2026-01-12 16:16:23 INFO  com.zaxxer.hikari.pool.HikariPool - HikariPool-1 - Added connection conn0: url=jdbc:h2:mem:smartschedule user=SA
2026-01-12 16:16:23 INFO  com.zaxxer.hikari.HikariDataSource - HikariPool-1 - Start completed.
2026-01-12 16:16:23 INFO  o.s.b.a.h.H2ConsoleAutoConfiguration - H2 console available at '/h2-console'. Database available at 'jdbc:h2:mem:smartschedule'
2026-01-12 16:16:23 INFO  o.h.jpa.internal.util.LogHelper - HHH000204: Processing PersistenceUnitInfo [name: default]
2026-01-12 16:16:23 INFO  org.hibernate.Version - HHH000412: Hibernate ORM core version 6.4.1.Final
2026-01-12 16:16:23 INFO  o.h.c.i.RegionFactoryInitiator - HHH000026: Second-level cache disabled
2026-01-12 16:16:24 INFO  o.s.o.j.p.SpringPersistenceUnitInfo - No LoadTimeWeaver setup: ignoring JPA class transformer
2026-01-12 16:16:24 WARN  org.hibernate.orm.deprecation - HHH90000025: H2Dialect does not need to be specified explicitly using 'hibernate.dialect' (remove the property setting and it will be selected by default)
2026-01-12 16:16:26 INFO  o.h.e.t.j.p.i.JtaPlatformInitiator - HHH000489: No JTA platform available (set 'hibernate.transaction.jta.platform' to enable JTA platform integration)
2026-01-12 16:16:27 INFO  o.s.o.j.LocalContainerEntityManagerFactoryBean - Initialized JPA EntityManagerFactory for persistence unit 'default'
2026-01-12 16:16:28 INFO  o.s.d.j.r.query.QueryEnhancerFactory - Hibernate is in classpath; If applicable, HQL parser will be used.
2026-01-12 16:16:31 WARN  o.s.b.a.o.j.JpaBaseConfiguration$JpaWebConfiguration - spring.jpa.open-in-view is enabled by default. Therefore, database queries may be performed during view rendering. Explicitly configure spring.jpa.open-in-view to disable this warning
2026-01-12 16:16:35 INFO  o.a.coyote.http11.Http11NioProtocol - Starting ProtocolHandler ["https-jsse-nio-8443"]
2026-01-12 16:16:36 INFO  o.a.t.u.net.NioEndpoint.certificate - Connector [https-jsse-nio-8443], TLS virtual host [_default_], certificate type [UNDEFINED] configured from keystore [C:\Users\USER\.keystore] using alias [smartschedule] with trust store [null]
2026-01-12 16:16:36 INFO  o.s.b.w.e.tomcat.TomcatWebServer - Tomcat started on port 8443 (https) with context path ''
2026-01-12 16:16:36 INFO  o.s.m.s.b.SimpleBrokerMessageHandler - Starting...
2026-01-12 16:16:36 INFO  o.s.m.s.b.SimpleBrokerMessageHandler - BrokerAvailabilityEvent[available=true, SimpleBrokerMessageHandler [org.springframework.messaging.simp.broker.DefaultSubscriptionRegistry@55446d00]]
2026-01-12 16:16:36 INFO  o.s.m.s.b.SimpleBrokerMessageHandler - Started.
2026-01-12 16:16:36 INFO  c.e.s.SmartScheduleApplication - Started SmartScheduleApplication in 20.231 seconds (process running for 20.975)
2026-01-12 16:17:21 INFO  o.a.c.c.C.[Tomcat].[localhost].[/] - Initializing Spring DispatcherServlet 'dispatcherServlet'
2026-01-12 16:17:21 INFO  o.s.web.servlet.DispatcherServlet - Initializing Servlet 'dispatcherServlet'
2026-01-12 16:17:21 INFO  o.s.web.servlet.DispatcherServlet - Completed initialization in 9 ms
2026-01-12 16:17:35 INFO  o.s.w.s.c.WebSocketMessageBrokerStats - WebSocketSession[1 current WS(1)-HttpStream(0)-HttpPoll(0), 1 total, 0 closed abnormally (0 connect failure, 0 send limit, 0 transport error)], stompSubProtocol[processed CONNECT(1)-CONNECTED(1)-DISCONNECT(0)], stompBrokerRelay[null], inboundChannel[pool size = 3, active threads = 0, queued tasks = 0, completed tasks = 3], outboundChannel[pool size = 1, active threads = 0, queued tasks = 0, completed tasks = 1], sockJsScheduler[pool size = 1, active threads = 1, queued tasks = 0, completed tasks = 0]
2026-01-12 16:18:35 INFO  c.e.s.aspect.LoggingAspect - IP: 0:0:0:0:0:0:0:1 - Entering method: updateStatus with arguments: [1, APPROVED]
2026-01-12 16:18:36 INFO  c.e.s.aspect.LoggingAspect - IP: 0:0:0:0:0:0:0:1 - Exiting method: updateStatus with result: Appointment(id=1, customer=User(id=3, username=customer, password=$2a$10$0eaAKotjyrvoTMMR14WYluMFFgG72pI/z3yCJPXujFI5DbARIMIk6, email=customer@example.com, role=CUSTOMER), service=Service(id=1, name=Haircut, duration=30, price=25.0, assignedStaff=User(id=2, username=staff, password=$2a$10$/LmgN.rNagzHRqfA9FxH7ugzmjF6VQsaeP.6nZhKqwo9ihk4/ttDC, email=staff@example.com, role=STAFF)), staff=User(id=2, username=staff, password=$2a$10$/LmgN.rNagzHRqfA9FxH7ugzmjF6VQsaeP.6nZhKqwo9ihk4/ttDC, email=staff@example.com, role=STAFF), status=APPROVED, startTime=2026-01-10T10:00, endTime=2026-01-10T10:30)
2026-01-12 16:27:27 INFO  o.s.m.s.b.SimpleBrokerMessageHandler - Stopping...
2026-01-12 16:27:27 INFO  o.s.m.s.b.SimpleBrokerMessageHandler - BrokerAvailabilityEvent[available=false, SimpleBrokerMessageHandler [org.springframework.messaging.simp.broker.DefaultSubscriptionRegistry@55446d00]]
2026-01-12 16:27:27 INFO  o.s.m.s.b.SimpleBrokerMessageHandler - Stopped.
2026-01-12 16:27:27 INFO  o.s.o.j.LocalContainerEntityManagerFactoryBean - Closing JPA EntityManagerFactory for persistence unit 'default'
2026-01-12 16:27:27 INFO  com.zaxxer.hikari.HikariDataSource - HikariPool-1 - Shutdown initiated...
2026-01-12 16:27:27 INFO  com.zaxxer.hikari.HikariDataSource - HikariPool-1 - Shutdown completed.
2026-01-12 22:36:02 INFO  o.h.validator.internal.util.Version - HV000001: Hibernate Validator 8.0.1.Final
2026-01-12 22:36:02 INFO  c.e.s.SmartScheduleApplication - Starting SmartScheduleApplication using Java 21.0.9 with PID 23120 (C:\Users\USER\Documents\trae_projects\Final system\target\classes started by USER in C:\Users\USER\Documents\trae_projects\Final system)
2026-01-12 22:36:02 INFO  c.e.s.SmartScheduleApplication - No active profile set, falling back to 1 default profile: "default"
2026-01-12 22:36:03 INFO  o.s.d.r.c.RepositoryConfigurationDelegate - Bootstrapping Spring Data JPA repositories in DEFAULT mode.
2026-01-12 22:36:03 INFO  o.s.d.r.c.RepositoryConfigurationDelegate - Finished Spring Data repository scanning in 55 ms. Found 4 JPA repository interfaces.
2026-01-12 22:36:04 INFO  o.s.b.w.e.tomcat.TomcatWebServer - Tomcat initialized with port 8443 (https)
2026-01-12 22:36:04 INFO  o.a.coyote.http11.Http11NioProtocol - Initializing ProtocolHandler ["https-jsse-nio-8443"]
2026-01-12 22:36:04 INFO  o.a.catalina.core.StandardService - Starting service [Tomcat]
2026-01-12 22:36:04 INFO  o.a.catalina.core.StandardEngine - Starting Servlet engine: [Apache Tomcat/10.1.17]
2026-01-12 22:36:04 INFO  o.a.c.c.C.[Tomcat].[localhost].[/] - Initializing Spring embedded WebApplicationContext
2026-01-12 22:36:04 INFO  o.s.b.w.s.c.ServletWebServerApplicationContext - Root WebApplicationContext: initialization completed in 1948 ms
2026-01-12 22:36:04 INFO  com.zaxxer.hikari.HikariDataSource - HikariPool-1 - Starting...
2026-01-12 22:36:04 INFO  com.zaxxer.hikari.pool.HikariPool - HikariPool-1 - Added connection conn0: url=jdbc:h2:mem:smartschedule user=SA
2026-01-12 22:36:04 INFO  com.zaxxer.hikari.HikariDataSource - HikariPool-1 - Start completed.
2026-01-12 22:36:04 INFO  o.s.b.a.h.H2ConsoleAutoConfiguration - H2 console available at '/h2-console'. Database available at 'jdbc:h2:mem:smartschedule'
2026-01-12 22:36:04 INFO  o.h.jpa.internal.util.LogHelper - HHH000204: Processing PersistenceUnitInfo [name: default]
2026-01-12 22:36:04 INFO  org.hibernate.Version - HHH000412: Hibernate ORM core version 6.4.1.Final
2026-01-12 22:36:04 INFO  o.h.c.i.RegionFactoryInitiator - HHH000026: Second-level cache disabled
2026-01-12 22:36:05 INFO  o.s.o.j.p.SpringPersistenceUnitInfo - No LoadTimeWeaver setup: ignoring JPA class transformer
2026-01-12 22:36:05 WARN  org.hibernate.orm.deprecation - HHH90000025: H2Dialect does not need to be specified explicitly using 'hibernate.dialect' (remove the property setting and it will be selected by default)
2026-01-12 22:36:06 INFO  o.h.e.t.j.p.i.JtaPlatformInitiator - HHH000489: No JTA platform available (set 'hibernate.transaction.jta.platform' to enable JTA platform integration)
2026-01-12 22:36:06 INFO  o.s.o.j.LocalContainerEntityManagerFactoryBean - Initialized JPA EntityManagerFactory for persistence unit 'default'
2026-01-12 22:36:07 INFO  o.s.d.j.r.query.QueryEnhancerFactory - Hibernate is in classpath; If applicable, HQL parser will be used.
2026-01-12 22:36:08 WARN  o.s.b.a.o.j.JpaBaseConfiguration$JpaWebConfiguration - spring.jpa.open-in-view is enabled by default. Therefore, database queries may be performed during view rendering. Explicitly configure spring.jpa.open-in-view to disable this warning
2026-01-12 22:36:09 INFO  o.a.coyote.http11.Http11NioProtocol - Starting ProtocolHandler ["https-jsse-nio-8443"]
2026-01-12 22:36:09 INFO  o.a.t.u.net.NioEndpoint.certificate - Connector [https-jsse-nio-8443], TLS virtual host [_default_], certificate type [UNDEFINED] configured from keystore [C:\Users\USER\.keystore] using alias [smartschedule] with trust store [null]
2026-01-12 22:36:09 INFO  o.s.b.w.e.tomcat.TomcatWebServer - Tomcat started on port 8443 (https) with context path ''
2026-01-12 22:36:09 INFO  o.s.m.s.b.SimpleBrokerMessageHandler - Starting...
2026-01-12 22:36:09 INFO  o.s.m.s.b.SimpleBrokerMessageHandler - BrokerAvailabilityEvent[available=true, SimpleBrokerMessageHandler [org.springframework.messaging.simp.broker.DefaultSubscriptionRegistry@cc4d929]]
2026-01-12 22:36:09 INFO  o.s.m.s.b.SimpleBrokerMessageHandler - Started.
2026-01-12 22:36:09 INFO  c.e.s.SmartScheduleApplication - Started SmartScheduleApplication in 7.471 seconds (process running for 7.917)
2026-01-12 22:37:09 INFO  o.s.w.s.c.WebSocketMessageBrokerStats - WebSocketSession[0 current WS(0)-HttpStream(0)-HttpPoll(0), 0 total, 0 closed abnormally (0 connect failure, 0 send limit, 0 transport error)], stompSubProtocol[processed CONNECT(0)-CONNECTED(0)-DISCONNECT(0)], stompBrokerRelay[null], inboundChannel[pool size = 0, active threads = 0, queued tasks = 0, completed tasks = 0], outboundChannel[pool size = 0, active threads = 0, queued tasks = 0, completed tasks = 0], sockJsScheduler[pool size = 1, active threads = 1, queued tasks = 0, completed tasks = 0]
2026-01-12 22:37:51 INFO  o.a.c.c.C.[Tomcat].[localhost].[/] - Initializing Spring DispatcherServlet 'dispatcherServlet'
2026-01-12 22:37:51 INFO  o.s.web.servlet.DispatcherServlet - Initializing Servlet 'dispatcherServlet'
2026-01-12 22:37:51 INFO  o.s.web.servlet.DispatcherServlet - Completed initialization in 1 ms
2026-01-12 22:38:13 INFO  c.e.s.aspect.LoggingAspect - IP: 0:0:0:0:0:0:0:1 - Entering method: getAvailableSlots with arguments: [1, 2026-01-15]
2026-01-12 22:38:13 INFO  c.e.s.aspect.LoggingAspect - IP: 0:0:0:0:0:0:0:1 - Exiting method: getAvailableSlots with result: [TimeSlot(start=2026-01-15T09:00, end=2026-01-15T09:30), TimeSlot(start=2026-01-15T09:30, end=2026-01-15T10:00), TimeSlot(start=2026-01-15T10:00, end=2026-01-15T10:30), TimeSlot(start=2026-01-15T10:30, end=2026-01-15T11:00), TimeSlot(start=2026-01-15T11:00, end=2026-01-15T11:30), TimeSlot(start=2026-01-15T11:30, end=2026-01-15T12:00), TimeSlot(start=2026-01-15T12:00, end=2026-01-15T12:30), TimeSlot(start=2026-01-15T12:30, end=2026-01-15T13:00), TimeSlot(start=2026-01-15T13:00, end=2026-01-15T13:30), TimeSlot(start=2026-01-15T13:30, end=2026-01-15T14:00), TimeSlot(start=2026-01-15T14:00, end=2026-01-15T14:30), TimeSlot(start=2026-01-15T14:30, end=2026-01-15T15:00), TimeSlot(start=2026-01-15T15:00, end=2026-01-15T15:30), TimeSlot(start=2026-01-15T15:30, end=2026-01-15T16:00), TimeSlot(start=2026-01-15T16:00, end=2026-01-15T16:30), TimeSlot(start=2026-01-15T16:30, end=2026-01-15T17:00)]
2026-01-12 23:07:09 INFO  o.s.w.s.c.WebSocketMessageBrokerStats - WebSocketSession[0 current WS(0)-HttpStream(0)-HttpPoll(0), 0 total, 0 closed abnormally (0 connect failure, 0 send limit, 0 transport error)], stompSubProtocol[processed CONNECT(0)-CONNECTED(0)-DISCONNECT(0)], stompBrokerRelay[null], inboundChannel[pool size = 0, active threads = 0, queued tasks = 0, completed tasks = 0], outboundChannel[pool size = 0, active threads = 0, queued tasks = 0, completed tasks = 0], sockJsScheduler[pool size = 2, active threads = 1, queued tasks = 0, completed tasks = 1]
