11:04:24.074 INFO  o.s.s.web.DefaultSecurityFilterChain - Will secure any request with [org.springframework.security.web.session.DisableEncodeUrlFilter@35798cd0, org.springframework.security.web.context.request.async.WebAsyncManagerIntegrationFilter@2fc70622, org.springframework.security.web.context.SecurityContextHolderFilter@2c002f95, org.springframework.security.web.header.HeaderWriterFilter@3b3e9814, org.springframework.web.filter.CorsFilter@1e2d4645, org.springframework.security.web.authentication.logout.LogoutFilter@409f9dca, com.example.smartschedule.security.JwtFilter@15d68a50, org.springframework.security.web.savedrequest.RequestCacheAwareFilter@317c16bd, org.springframework.security.web.servletapi.SecurityContextHolderAwareRequestFilter@6736c73e, org.springframework.security.web.authentication.AnonymousAuthenticationFilter@34eb24e2, org.springframework.security.web.session.SessionManagementFilter@39894485, org.springframework.security.web.access.ExceptionTranslationFilter@3e84c698, org.springframework.security.web.access.intercept.AuthorizationFilter@4d6f8691]
11:04:29.784 DEBUG o.s.security.web.FilterChainProxy - Securing POST /api/auth/login
11:04:29.799 DEBUG o.s.s.w.a.AnonymousAuthenticationFilter - Set SecurityContextHolder to anonymous SecurityContext
11:04:29.800 DEBUG o.s.security.web.FilterChainProxy - Secured POST /api/auth/login
11:04:30.712 DEBUG o.s.s.a.d.DaoAuthenticationProvider - Authenticated user
11:04:50.645 DEBUG o.s.security.web.FilterChainProxy - Securing PUT /api/appointments/1/status?status=APPROVED
11:04:50.815 DEBUG o.s.security.web.FilterChainProxy - Secured PUT /api/appointments/1/status?status=APPROVED
11:04:50.825 DEBUG o.s.s.a.m.AuthorizationManagerBeforeMethodInterceptor - Authorizing method invocation ReflectiveMethodInvocation: public com.example.smartschedule.entity.Appointment com.example.smartschedule.controller.AppointmentController.updateStatus(java.lang.Long,com.example.smartschedule.entity.AppointmentStatus,org.springframework.security.core.Authentication); target is of class [com.example.smartschedule.controller.AppointmentController]
11:04:50.897 DEBUG o.s.s.a.m.AuthorizationManagerBeforeMethodInterceptor - Authorized method invocation ReflectiveMethodInvocation: public com.example.smartschedule.entity.Appointment com.example.smartschedule.controller.AppointmentController.updateStatus(java.lang.Long,com.example.smartschedule.entity.AppointmentStatus,org.springframework.security.core.Authentication); target is of class [com.example.smartschedule.controller.AppointmentController]
11:07:58.180 DEBUG o.s.security.web.FilterChainProxy - Securing PUT /api/appointments/1/status?status=APPROVED
11:07:58.217 DEBUG o.s.security.web.FilterChainProxy - Secured PUT /api/appointments/1/status?status=APPROVED
11:07:58.220 DEBUG o.s.s.a.m.AuthorizationManagerBeforeMethodInterceptor - Authorizing method invocation ReflectiveMethodInvocation: public com.example.smartschedule.entity.Appointment com.example.smartschedule.controller.AppointmentController.updateStatus(java.lang.Long,com.example.smartschedule.entity.AppointmentStatus,org.springframework.security.core.Authentication); target is of class [com.example.smartschedule.controller.AppointmentController]
11:07:58.221 DEBUG o.s.s.a.m.AuthorizationManagerBeforeMethodInterceptor - Authorized method invocation ReflectiveMethodInvocation: public com.example.smartschedule.entity.Appointment com.example.smartschedule.controller.AppointmentController.updateStatus(java.lang.Long,com.example.smartschedule.entity.AppointmentStatus,org.springframework.security.core.Authentication); target is of class [com.example.smartschedule.controller.AppointmentController]
11:08:06.884 DEBUG o.s.security.web.FilterChainProxy - Securing PUT /api/appointments/1/status?status=APPROVED
11:08:06.965 DEBUG o.s.security.web.FilterChainProxy - Secured PUT /api/appointments/1/status?status=APPROVED
11:08:06.969 DEBUG o.s.s.a.m.AuthorizationManagerBeforeMethodInterceptor - Authorizing method invocation ReflectiveMethodInvocation: public com.example.smartschedule.entity.Appointment com.example.smartschedule.controller.AppointmentController.updateStatus(java.lang.Long,com.example.smartschedule.entity.AppointmentStatus,org.springframework.security.core.Authentication); target is of class [com.example.smartschedule.controller.AppointmentController]
11:08:06.970 DEBUG o.s.s.a.m.AuthorizationManagerBeforeMethodInterceptor - Authorized method invocation ReflectiveMethodInvocation: public com.example.smartschedule.entity.Appointment com.example.smartschedule.controller.AppointmentController.updateStatus(java.lang.Long,com.example.smartschedule.entity.AppointmentStatus,org.springframework.security.core.Authentication); target is of class [com.example.smartschedule.controller.AppointmentController]
11:08:54.461 INFO  o.s.s.web.DefaultSecurityFilterChain - Will secure any request with [org.springframework.security.web.session.DisableEncodeUrlFilter@2682fe42, org.springframework.security.web.context.request.async.WebAsyncManagerIntegrationFilter@27f73e68, org.springframework.security.web.context.SecurityContextHolderFilter@25f73ef, org.springframework.security.web.header.HeaderWriterFilter@2638500, org.springframework.web.filter.CorsFilter@1b3a8691, org.springframework.security.web.authentication.logout.LogoutFilter@50da96f3, com.example.smartschedule.security.JwtFilter@35b38986, org.springframework.security.web.savedrequest.RequestCacheAwareFilter@4c110f87, org.springframework.security.web.servletapi.SecurityContextHolderAwareRequestFilter@1919b5b0, org.springframework.security.web.authentication.AnonymousAuthenticationFilter@57d1e089, org.springframework.security.web.session.SessionManagementFilter@e1c387e, org.springframework.security.web.access.ExceptionTranslationFilter@787168e8, org.springframework.security.web.access.intercept.AuthorizationFilter@409f9dca]
11:08:58.176 DEBUG o.s.security.web.FilterChainProxy - Securing POST /api/auth/login
11:08:58.185 DEBUG o.s.s.w.a.AnonymousAuthenticationFilter - Set SecurityContextHolder to anonymous SecurityContext
11:08:58.187 DEBUG o.s.security.web.FilterChainProxy - Secured POST /api/auth/login
11:08:58.882 DEBUG o.s.s.a.d.DaoAuthenticationProvider - Authenticated user
11:09:51.385 DEBUG o.s.security.web.FilterChainProxy - Securing PUT /api/appointments/1/status?status=APPROVED
11:09:51.593 DEBUG o.s.security.web.FilterChainProxy - Secured PUT /api/appointments/1/status?status=APPROVED
11:09:51.605 DEBUG o.s.s.a.m.AuthorizationManagerBeforeMethodInterceptor - Authorizing method invocation ReflectiveMethodInvocation: public com.example.smartschedule.entity.Appointment com.example.smartschedule.controller.AppointmentController.updateStatus(java.lang.Long,com.example.smartschedule.entity.AppointmentStatus,org.springframework.security.core.Authentication); target is of class [com.example.smartschedule.controller.AppointmentController]
11:09:51.692 DEBUG o.s.s.a.m.AuthorizationManagerBeforeMethodInterceptor - Authorized method invocation ReflectiveMethodInvocation: public com.example.smartschedule.entity.Appointment com.example.smartschedule.controller.AppointmentController.updateStatus(java.lang.Long,com.example.smartschedule.entity.AppointmentStatus,org.springframework.security.core.Authentication); target is of class [com.example.smartschedule.controller.AppointmentController]
11:10:13.386 DEBUG o.s.security.web.FilterChainProxy - Securing PUT /api/appointments/1/status?status=APPROVED
11:10:13.410 DEBUG o.s.security.web.FilterChainProxy - Secured PUT /api/appointments/1/status?status=APPROVED
11:10:13.412 DEBUG o.s.s.a.m.AuthorizationManagerBeforeMethodInterceptor - Authorizing method invocation ReflectiveMethodInvocation: public com.example.smartschedule.entity.Appointment com.example.smartschedule.controller.AppointmentController.updateStatus(java.lang.Long,com.example.smartschedule.entity.AppointmentStatus,org.springframework.security.core.Authentication); target is of class [com.example.smartschedule.controller.AppointmentController]
11:10:13.413 DEBUG o.s.s.a.m.AuthorizationManagerBeforeMethodInterceptor - Authorized method invocation ReflectiveMethodInvocation: public com.example.smartschedule.entity.Appointment com.example.smartschedule.controller.AppointmentController.updateStatus(java.lang.Long,com.example.smartschedule.entity.AppointmentStatus,org.springframework.security.core.Authentication); target is of class [com.example.smartschedule.controller.AppointmentController]
11:10:22.217 DEBUG o.s.security.web.FilterChainProxy - Securing PUT /api/appointments/2/status?status=APPROVED
11:10:22.240 DEBUG o.s.security.web.FilterChainProxy - Secured PUT /api/appointments/2/status?status=APPROVED
11:10:22.241 DEBUG o.s.s.a.m.AuthorizationManagerBeforeMethodInterceptor - Authorizing method invocation ReflectiveMethodInvocation: public com.example.smartschedule.entity.Appointment com.example.smartschedule.controller.AppointmentController.updateStatus(java.lang.Long,com.example.smartschedule.entity.AppointmentStatus,org.springframework.security.core.Authentication); target is of class [com.example.smartschedule.controller.AppointmentController]
11:10:22.241 DEBUG o.s.s.a.m.AuthorizationManagerBeforeMethodInterceptor - Authorized method invocation ReflectiveMethodInvocation: public com.example.smartschedule.entity.Appointment com.example.smartschedule.controller.AppointmentController.updateStatus(java.lang.Long,com.example.smartschedule.entity.AppointmentStatus,org.springframework.security.core.Authentication); target is of class [com.example.smartschedule.controller.AppointmentController]
11:10:29.761 DEBUG o.s.security.web.FilterChainProxy - Securing PUT /api/appointments/1/status?status=APPROVED
11:10:29.782 DEBUG o.s.security.web.FilterChainProxy - Secured PUT /api/appointments/1/status?status=APPROVED
11:10:29.784 DEBUG o.s.s.a.m.AuthorizationManagerBeforeMethodInterceptor - Authorizing method invocation ReflectiveMethodInvocation: public com.example.smartschedule.entity.Appointment com.example.smartschedule.controller.AppointmentController.updateStatus(java.lang.Long,com.example.smartschedule.entity.AppointmentStatus,org.springframework.security.core.Authentication); target is of class [com.example.smartschedule.controller.AppointmentController]
11:10:29.784 DEBUG o.s.s.a.m.AuthorizationManagerBeforeMethodInterceptor - Authorized method invocation ReflectiveMethodInvocation: public com.example.smartschedule.entity.Appointment com.example.smartschedule.controller.AppointmentController.updateStatus(java.lang.Long,com.example.smartschedule.entity.AppointmentStatus,org.springframework.security.core.Authentication); target is of class [com.example.smartschedule.controller.AppointmentController]
11:10:47.476 DEBUG o.s.security.web.FilterChainProxy - Securing PUT /api/appointments/1/status?status=APPROVED
11:10:47.492 DEBUG o.s.security.web.FilterChainProxy - Securing PUT /error?status=APPROVED
11:10:47.492 DEBUG o.s.s.w.a.AnonymousAuthenticationFilter - Set SecurityContextHolder to anonymous SecurityContext
11:10:47.493 DEBUG o.s.s.w.a.Http403ForbiddenEntryPoint - Pre-authenticated entry point called. Rejecting access
11:10:51.506 DEBUG o.s.security.web.FilterChainProxy - Securing PUT /api/appointments/1/status?status=APPROVED
11:10:51.518 DEBUG o.s.security.web.FilterChainProxy - Secured PUT /api/appointments/1/status?status=APPROVED
11:10:51.521 DEBUG o.s.s.a.m.AuthorizationManagerBeforeMethodInterceptor - Authorizing method invocation ReflectiveMethodInvocation: public com.example.smartschedule.entity.Appointment com.example.smartschedule.controller.AppointmentController.updateStatus(java.lang.Long,com.example.smartschedule.entity.AppointmentStatus,org.springframework.security.core.Authentication); target is of class [com.example.smartschedule.controller.AppointmentController]
11:10:51.522 DEBUG o.s.s.a.m.AuthorizationManagerBeforeMethodInterceptor - Authorized method invocation ReflectiveMethodInvocation: public com.example.smartschedule.entity.Appointment com.example.smartschedule.controller.AppointmentController.updateStatus(java.lang.Long,com.example.smartschedule.entity.AppointmentStatus,org.springframework.security.core.Authentication); target is of class [com.example.smartschedule.controller.AppointmentController]
11:12:03.103 DEBUG o.s.security.web.FilterChainProxy - Securing PUT /api/appointments/1/status?status=PENDING
11:12:03.129 DEBUG o.s.security.web.FilterChainProxy - Secured PUT /api/appointments/1/status?status=PENDING
11:12:03.132 DEBUG o.s.s.a.m.AuthorizationManagerBeforeMethodInterceptor - Authorizing method invocation ReflectiveMethodInvocation: public com.example.smartschedule.entity.Appointment com.example.smartschedule.controller.AppointmentController.updateStatus(java.lang.Long,com.example.smartschedule.entity.AppointmentStatus,org.springframework.security.core.Authentication); target is of class [com.example.smartschedule.controller.AppointmentController]
11:12:03.132 DEBUG o.s.s.a.m.AuthorizationManagerBeforeMethodInterceptor - Authorized method invocation ReflectiveMethodInvocation: public com.example.smartschedule.entity.Appointment com.example.smartschedule.controller.AppointmentController.updateStatus(java.lang.Long,com.example.smartschedule.entity.AppointmentStatus,org.springframework.security.core.Authentication); target is of class [com.example.smartschedule.controller.AppointmentController]
11:13:06.216 DEBUG o.s.security.web.FilterChainProxy - Securing POST /api/auth/login
11:13:06.217 DEBUG o.s.s.w.a.AnonymousAuthenticationFilter - Set SecurityContextHolder to anonymous SecurityContext
11:13:06.217 DEBUG o.s.security.web.FilterChainProxy - Secured POST /api/auth/login
11:13:06.491 DEBUG o.s.s.a.d.DaoAuthenticationProvider - Authenticated user
11:13:16.509 DEBUG o.s.security.web.FilterChainProxy - Securing PUT /api/appointments/1/status?status=PENDING
11:13:16.528 DEBUG o.s.security.web.FilterChainProxy - Secured PUT /api/appointments/1/status?status=PENDING
11:13:16.530 DEBUG o.s.s.a.m.AuthorizationManagerBeforeMethodInterceptor - Authorizing method invocation ReflectiveMethodInvocation: public com.example.smartschedule.entity.Appointment com.example.smartschedule.controller.AppointmentController.updateStatus(java.lang.Long,com.example.smartschedule.entity.AppointmentStatus,org.springframework.security.core.Authentication); target is of class [com.example.smartschedule.controller.AppointmentController]
11:13:16.531 DEBUG o.s.s.a.m.AuthorizationManagerBeforeMethodInterceptor - Authorized method invocation ReflectiveMethodInvocation: public com.example.smartschedule.entity.Appointment com.example.smartschedule.controller.AppointmentController.updateStatus(java.lang.Long,com.example.smartschedule.entity.AppointmentStatus,org.springframework.security.core.Authentication); target is of class [com.example.smartschedule.controller.AppointmentController]
11:14:54.719 DEBUG o.s.security.web.FilterChainProxy - Securing PUT /api/appointments/1/status?status=PENDING
11:14:54.743 DEBUG o.s.security.web.FilterChainProxy - Secured PUT /api/appointments/1/status?status=PENDING
11:14:54.746 DEBUG o.s.s.a.m.AuthorizationManagerBeforeMethodInterceptor - Authorizing method invocation ReflectiveMethodInvocation: public com.example.smartschedule.entity.Appointment com.example.smartschedule.controller.AppointmentController.updateStatus(java.lang.Long,com.example.smartschedule.entity.AppointmentStatus,org.springframework.security.core.Authentication); target is of class [com.example.smartschedule.controller.AppointmentController]
11:14:54.746 DEBUG o.s.s.a.m.AuthorizationManagerBeforeMethodInterceptor - Authorized method invocation ReflectiveMethodInvocation: public com.example.smartschedule.entity.Appointment com.example.smartschedule.controller.AppointmentController.updateStatus(java.lang.Long,com.example.smartschedule.entity.AppointmentStatus,org.springframework.security.core.Authentication); target is of class [com.example.smartschedule.controller.AppointmentController]
11:15:58.516 INFO  o.s.s.web.DefaultSecurityFilterChain - Will secure any request with [org.springframework.security.web.session.DisableEncodeUrlFilter@5b933786, org.springframework.security.web.context.request.async.WebAsyncManagerIntegrationFilter@48158b86, org.springframework.security.web.context.SecurityContextHolderFilter@6d8d78a, org.springframework.security.web.header.HeaderWriterFilter@4c110f87, org.springframework.web.filter.CorsFilter@39b8313d, org.springframework.security.web.authentication.logout.LogoutFilter@6f46764d, com.example.smartschedule.security.JwtFilter@4598961d, org.springframework.security.web.savedrequest.RequestCacheAwareFilter@2655ccbd, org.springframework.security.web.servletapi.SecurityContextHolderAwareRequestFilter@62d42eb7, org.springframework.security.web.authentication.AnonymousAuthenticationFilter@49bf6f8c, org.springframework.security.web.session.SessionManagementFilter@33d6886b, org.springframework.security.web.access.ExceptionTranslationFilter@2cef365b, org.springframework.security.web.access.intercept.AuthorizationFilter@43a65f56]
11:16:01.581 DEBUG o.s.security.web.FilterChainProxy - Securing GET /h2-console/login.do?
11:16:01.597 DEBUG o.s.s.w.a.AnonymousAuthenticationFilter - Set SecurityContextHolder to anonymous SecurityContext
11:16:01.598 DEBUG o.s.security.web.FilterChainProxy - Secured GET /h2-console/login.do?
11:16:01.705 DEBUG o.s.security.web.FilterChainProxy - Securing GET /h2-console/stylesheet.css
11:16:01.706 DEBUG o.s.s.w.a.AnonymousAuthenticationFilter - Set SecurityContextHolder to anonymous SecurityContext
11:16:01.707 DEBUG o.s.security.web.FilterChainProxy - Secured GET /h2-console/stylesheet.css
11:16:01.796 DEBUG o.s.security.web.FilterChainProxy - Securing GET /h2-console/login.jsp?jsessionid=c4717e60ed4d13e7b19707677367d45e
11:16:01.797 DEBUG o.s.s.w.a.AnonymousAuthenticationFilter - Set SecurityContextHolder to anonymous SecurityContext
11:16:01.798 DEBUG o.s.security.web.FilterChainProxy - Secured GET /h2-console/login.jsp?jsessionid=c4717e60ed4d13e7b19707677367d45e
11:16:01.899 DEBUG o.s.security.web.FilterChainProxy - Securing GET /h2-console/background.gif
11:16:01.901 DEBUG o.s.s.w.a.AnonymousAuthenticationFilter - Set SecurityContextHolder to anonymous SecurityContext
11:16:01.902 DEBUG o.s.security.web.FilterChainProxy - Secured GET /h2-console/background.gif
11:16:02.119 DEBUG o.s.security.web.FilterChainProxy - Securing GET /favicon.ico
11:16:02.123 DEBUG o.s.s.w.a.AnonymousAuthenticationFilter - Set SecurityContextHolder to anonymous SecurityContext
11:16:02.132 DEBUG o.s.s.w.a.Http403ForbiddenEntryPoint - Pre-authenticated entry point called. Rejecting access
11:16:02.179 DEBUG o.s.security.web.FilterChainProxy - Securing GET /error
11:16:02.181 DEBUG o.s.s.w.a.AnonymousAuthenticationFilter - Set SecurityContextHolder to anonymous SecurityContext
11:16:02.182 DEBUG o.s.s.w.a.Http403ForbiddenEntryPoint - Pre-authenticated entry point called. Rejecting access
11:16:09.941 DEBUG o.s.security.web.FilterChainProxy - Securing POST /api/auth/login
11:16:09.942 DEBUG o.s.s.w.a.AnonymousAuthenticationFilter - Set SecurityContextHolder to anonymous SecurityContext
11:16:09.943 DEBUG o.s.security.web.FilterChainProxy - Secured POST /api/auth/login
11:16:11.365 DEBUG o.s.s.a.d.DaoAuthenticationProvider - Authenticated user
11:16:29.599 DEBUG o.s.security.web.FilterChainProxy - Securing PUT /api/appointments/1/status?status=APPROVED
11:16:29.685 DEBUG o.s.security.web.FilterChainProxy - Securing PUT /error?status=APPROVED
11:16:29.687 DEBUG o.s.s.w.a.AnonymousAuthenticationFilter - Set SecurityContextHolder to anonymous SecurityContext
11:16:29.689 DEBUG o.s.s.w.a.Http403ForbiddenEntryPoint - Pre-authenticated entry point called. Rejecting access
11:16:48.779 DEBUG o.s.security.web.FilterChainProxy - Securing POST /api/auth/login
11:16:48.781 DEBUG o.s.s.w.a.AnonymousAuthenticationFilter - Set SecurityContextHolder to anonymous SecurityContext
11:16:48.781 DEBUG o.s.security.web.FilterChainProxy - Secured POST /api/auth/login
11:16:49.168 DEBUG o.s.s.a.d.DaoAuthenticationProvider - Authenticated user
11:16:58.485 DEBUG o.s.security.web.FilterChainProxy - Securing PUT /api/appointments/1/status?status=APPROVED
11:16:58.506 DEBUG o.s.security.web.FilterChainProxy - Securing PUT /error?status=APPROVED
11:16:58.507 DEBUG o.s.s.w.a.AnonymousAuthenticationFilter - Set SecurityContextHolder to anonymous SecurityContext
11:16:58.507 DEBUG o.s.s.w.a.Http403ForbiddenEntryPoint - Pre-authenticated entry point called. Rejecting access
11:17:06.854 DEBUG o.s.security.web.FilterChainProxy - Securing PUT /api/appointments/1/status?status=APPROVED
11:17:06.868 DEBUG o.s.security.web.FilterChainProxy - Securing PUT /error?status=APPROVED
11:17:06.868 DEBUG o.s.s.w.a.AnonymousAuthenticationFilter - Set SecurityContextHolder to anonymous SecurityContext
11:17:06.869 DEBUG o.s.s.w.a.Http403ForbiddenEntryPoint - Pre-authenticated entry point called. Rejecting access
11:18:00.810 DEBUG o.s.security.web.FilterChainProxy - Securing PUT /api/appointments/1/status?status=APPROVED
11:18:00.817 DEBUG o.s.security.web.FilterChainProxy - Securing PUT /error?status=APPROVED
11:18:00.818 DEBUG o.s.s.w.a.AnonymousAuthenticationFilter - Set SecurityContextHolder to anonymous SecurityContext
11:18:00.818 DEBUG o.s.s.w.a.Http403ForbiddenEntryPoint - Pre-authenticated entry point called. Rejecting access
11:18:08.189 DEBUG o.s.security.web.FilterChainProxy - Securing PUT /api/appointments/2/status?status=APPROVED
11:18:08.205 DEBUG o.s.security.web.FilterChainProxy - Securing PUT /error?status=APPROVED
11:18:08.206 DEBUG o.s.s.w.a.AnonymousAuthenticationFilter - Set SecurityContextHolder to anonymous SecurityContext
11:18:08.208 DEBUG o.s.s.w.a.Http403ForbiddenEntryPoint - Pre-authenticated entry point called. Rejecting access
11:18:13.122 DEBUG o.s.security.web.FilterChainProxy - Securing PUT /api/appointments/2/status?status=APPROVED
11:18:13.131 DEBUG o.s.security.web.FilterChainProxy - Securing PUT /error?status=APPROVED
11:18:13.131 DEBUG o.s.s.w.a.AnonymousAuthenticationFilter - Set SecurityContextHolder to anonymous SecurityContext
11:18:13.132 DEBUG o.s.s.w.a.Http403ForbiddenEntryPoint - Pre-authenticated entry point called. Rejecting access
11:18:18.511 DEBUG o.s.security.web.FilterChainProxy - Securing POST /api/auth/login
11:18:18.512 DEBUG o.s.s.w.a.AnonymousAuthenticationFilter - Set SecurityContextHolder to anonymous SecurityContext
11:18:18.513 DEBUG o.s.security.web.FilterChainProxy - Secured POST /api/auth/login
11:18:18.788 DEBUG o.s.s.a.d.DaoAuthenticationProvider - Authenticated user
11:18:26.633 DEBUG o.s.security.web.FilterChainProxy - Securing PUT /api/appointments/2/status?status=APPROVED
11:18:26.877 DEBUG o.s.security.web.FilterChainProxy - Secured PUT /api/appointments/2/status?status=APPROVED
11:18:26.895 DEBUG o.s.s.a.m.AuthorizationManagerBeforeMethodInterceptor - Authorizing method invocation ReflectiveMethodInvocation: public com.example.smartschedule.entity.Appointment com.example.smartschedule.controller.AppointmentController.updateStatus(java.lang.Long,com.example.smartschedule.entity.AppointmentStatus,org.springframework.security.core.Authentication); target is of class [com.example.smartschedule.controller.AppointmentController]
11:18:27.005 DEBUG o.s.s.a.m.AuthorizationManagerBeforeMethodInterceptor - Authorized method invocation ReflectiveMethodInvocation: public com.example.smartschedule.entity.Appointment com.example.smartschedule.controller.AppointmentController.updateStatus(java.lang.Long,com.example.smartschedule.entity.AppointmentStatus,org.springframework.security.core.Authentication); target is of class [com.example.smartschedule.controller.AppointmentController]
11:18:34.129 DEBUG o.s.security.web.FilterChainProxy - Securing PUT /api/appointments/1/status?status=APPROVED
11:18:34.177 DEBUG o.s.security.web.FilterChainProxy - Secured PUT /api/appointments/1/status?status=APPROVED
11:18:34.181 DEBUG o.s.s.a.m.AuthorizationManagerBeforeMethodInterceptor - Authorizing method invocation ReflectiveMethodInvocation: public com.example.smartschedule.entity.Appointment com.example.smartschedule.controller.AppointmentController.updateStatus(java.lang.Long,com.example.smartschedule.entity.AppointmentStatus,org.springframework.security.core.Authentication); target is of class [com.example.smartschedule.controller.AppointmentController]
11:18:34.183 DEBUG o.s.s.a.m.AuthorizationManagerBeforeMethodInterceptor - Authorized method invocation ReflectiveMethodInvocation: public com.example.smartschedule.entity.Appointment com.example.smartschedule.controller.AppointmentController.updateStatus(java.lang.Long,com.example.smartschedule.entity.AppointmentStatus,org.springframework.security.core.Authentication); target is of class [com.example.smartschedule.controller.AppointmentController]
11:18:42.253 DEBUG o.s.security.web.FilterChainProxy - Securing PUT /api/appointments/1/status?status=PENDING
11:18:42.266 DEBUG o.s.security.web.FilterChainProxy - Secured PUT /api/appointments/1/status?status=PENDING
11:18:42.268 DEBUG o.s.s.a.m.AuthorizationManagerBeforeMethodInterceptor - Authorizing method invocation ReflectiveMethodInvocation: public com.example.smartschedule.entity.Appointment com.example.smartschedule.controller.AppointmentController.updateStatus(java.lang.Long,com.example.smartschedule.entity.AppointmentStatus,org.springframework.security.core.Authentication); target is of class [com.example.smartschedule.controller.AppointmentController]
11:18:42.268 DEBUG o.s.s.a.m.AuthorizationManagerBeforeMethodInterceptor - Authorized method invocation ReflectiveMethodInvocation: public com.example.smartschedule.entity.Appointment com.example.smartschedule.controller.AppointmentController.updateStatus(java.lang.Long,com.example.smartschedule.entity.AppointmentStatus,org.springframework.security.core.Authentication); target is of class [com.example.smartschedule.controller.AppointmentController]
11:18:56.295 DEBUG o.s.security.web.FilterChainProxy - Securing POST /api/auth/login
11:18:56.296 DEBUG o.s.s.w.a.AnonymousAuthenticationFilter - Set SecurityContextHolder to anonymous SecurityContext
11:18:56.297 DEBUG o.s.security.web.FilterChainProxy - Secured POST /api/auth/login
11:18:56.714 DEBUG o.s.s.a.d.DaoAuthenticationProvider - Authenticated user
11:19:06.620 DEBUG o.s.security.web.FilterChainProxy - Securing PUT /api/appointments/1/status?status=PENDING
11:19:06.635 DEBUG o.s.security.web.FilterChainProxy - Secured PUT /api/appointments/1/status?status=PENDING
11:19:06.637 DEBUG o.s.s.a.m.AuthorizationManagerBeforeMethodInterceptor - Authorizing method invocation ReflectiveMethodInvocation: public com.example.smartschedule.entity.Appointment com.example.smartschedule.controller.AppointmentController.updateStatus(java.lang.Long,com.example.smartschedule.entity.AppointmentStatus,org.springframework.security.core.Authentication); target is of class [com.example.smartschedule.controller.AppointmentController]
11:19:06.642 DEBUG o.s.s.a.m.AuthorizationManagerBeforeMethodInterceptor - Failed to authorize ReflectiveMethodInvocation: public com.example.smartschedule.entity.Appointment com.example.smartschedule.controller.AppointmentController.updateStatus(java.lang.Long,com.example.smartschedule.entity.AppointmentStatus,org.springframework.security.core.Authentication); target is of class [com.example.smartschedule.controller.AppointmentController] with authorization manager org.springframework.security.config.annotation.method.configuration.DeferringObservationAuthorizationManager@1826c8f1 and decision ExpressionAuthorizationDecision [granted=false, expressionAttribute=hasAnyRole('ADMIN', 'STAFF')]
11:19:18.235 DEBUG o.s.security.web.FilterChainProxy - Securing POST /api/auth/login
11:19:18.235 DEBUG o.s.s.w.a.AnonymousAuthenticationFilter - Set SecurityContextHolder to anonymous SecurityContext
11:19:18.236 DEBUG o.s.security.web.FilterChainProxy - Secured POST /api/auth/login
11:19:18.483 DEBUG o.s.s.a.d.DaoAuthenticationProvider - Authenticated user
11:19:27.515 DEBUG o.s.security.web.FilterChainProxy - Securing PUT /api/appointments/1/status?status=PENDING
11:19:27.543 DEBUG o.s.security.web.FilterChainProxy - Secured PUT /api/appointments/1/status?status=PENDING
11:19:27.546 DEBUG o.s.s.a.m.AuthorizationManagerBeforeMethodInterceptor - Authorizing method invocation ReflectiveMethodInvocation: public com.example.smartschedule.entity.Appointment com.example.smartschedule.controller.AppointmentController.updateStatus(java.lang.Long,com.example.smartschedule.entity.AppointmentStatus,org.springframework.security.core.Authentication); target is of class [com.example.smartschedule.controller.AppointmentController]
11:19:27.548 DEBUG o.s.s.a.m.AuthorizationManagerBeforeMethodInterceptor - Authorized method invocation ReflectiveMethodInvocation: public com.example.smartschedule.entity.Appointment com.example.smartschedule.controller.AppointmentController.updateStatus(java.lang.Long,com.example.smartschedule.entity.AppointmentStatus,org.springframework.security.core.Authentication); target is of class [com.example.smartschedule.controller.AppointmentController]
