2026-01-12T08:08:22.559+03:00  INFO 2060 --- [main] c.e.s.SmartScheduleApplication           : Starting SmartScheduleApplication using Java 21.0.9 with PID 2060 (C:\Users\USER\Documents\trae_projects\Final system\target\classes started by USER in C:\Users\USER\Documents\trae_projects\Final system)
2026-01-12T08:08:22.561+03:00  INFO 2060 --- [main] c.e.s.SmartScheduleApplication           : No active profile set, falling back to 1 default profile: "default"
2026-01-12T08:08:23.489+03:00  INFO 2060 --- [main] .s.d.r.c.RepositoryConfigurationDelegate : Bootstrapping Spring Data JPA repositories in DEFAULT mode.
2026-01-12T08:08:23.612+03:00  INFO 2060 --- [main] .s.d.r.c.RepositoryConfigurationDelegate : Finished Spring Data repository scanning in 93 ms. Found 4 JPA repository interfaces.
2026-01-12T08:08:24.607+03:00  INFO 2060 --- [main] o.s.b.w.embedded.tomcat.TomcatWebServer  : Tomcat initialized with port 8443 (https)
2026-01-12T08:08:24.625+03:00  INFO 2060 --- [main] o.apache.catalina.core.StandardService   : Starting service [Tomcat]
2026-01-12T08:08:24.626+03:00  INFO 2060 --- [main] o.apache.catalina.core.StandardEngine    : Starting Servlet engine: [Apache Tomcat/10.1.17]
2026-01-12T08:08:24.709+03:00  INFO 2060 --- [main] o.a.c.c.C.[Tomcat].[localhost].[/]       : Initializing Spring embedded WebApplicationContext
2026-01-12T08:08:24.709+03:00  INFO 2060 --- [main] w.s.c.ServletWebServerApplicationContext : Root WebApplicationContext: initialization completed in 2050 ms
2026-01-12T08:08:24.765+03:00  INFO 2060 --- [main] com.zaxxer.hikari.HikariDataSource       : HikariPool-1 - Starting...
2026-01-12T08:08:24.976+03:00  INFO 2060 --- [main] com.zaxxer.hikari.pool.HikariPool        : HikariPool-1 - Added connection conn0: url=jdbc:h2:mem:smartschedule user=SA
2026-01-12T08:08:24.979+03:00  INFO 2060 --- [main] com.zaxxer.hikari.HikariDataSource       : HikariPool-1 - Start completed.
2026-01-12T08:08:24.990+03:00  INFO 2060 --- [main] o.s.b.a.h2.H2ConsoleAutoConfiguration    : H2 console available at '/h2-console'. Database available at 'jdbc:h2:mem:smartschedule'
2026-01-12T08:08:25.168+03:00  INFO 2060 --- [main] o.hibernate.jpa.internal.util.LogHelper  : HHH000204: Processing PersistenceUnitInfo [name: default]
2026-01-12T08:08:25.240+03:00  INFO 2060 --- [main] org.hibernate.Version                    : HHH000412: Hibernate ORM core version 6.4.1.Final
2026-01-12T08:08:25.282+03:00  INFO 2060 --- [main] o.h.c.internal.RegionFactoryInitiator    : HHH000026: Second-level cache disabled
2026-01-12T08:08:25.539+03:00  INFO 2060 --- [main] o.s.o.j.p.SpringPersistenceUnitInfo      : No LoadTimeWeaver setup: ignoring JPA class transformer
2026-01-12T08:08:25.605+03:00  WARN 2060 --- [main] org.hibernate.orm.deprecation            : HHH90000025: H2Dialect does not need to be specified explicitly using 'hibernate.dialect' (remove the property setting and it will be selected by default)
2026-01-12T08:08:26.671+03:00  INFO 2060 --- [main] o.h.e.t.j.p.i.JtaPlatformInitiator       : HHH000489: No JTA platform available (set 'hibernate.transaction.jta.platform' to enable JTA platform integration)
2026-01-12T08:08:26.734+03:00 DEBUG 2060 --- [main] org.hibernate.SQL                        : create table appointment (id bigint generated by default as identity, end_time timestamp(6) not null, start_time timestamp(6) not null, status varchar(255) not null check (status in ('PENDING','APPROVED','CANCELLED','COMPLETED')), customer_id bigint not null, service_id bigint not null, staff_id bigint, primary key (id))
2026-01-12T08:08:26.747+03:00 DEBUG 2060 --- [main] org.hibernate.SQL                        : create table service (id bigint generated by default as identity, duration integer not null, name varchar(255) not null, price float(53) not null, staff_id bigint, primary key (id))
2026-01-12T08:08:26.751+03:00 DEBUG 2060 --- [main] org.hibernate.SQL                        : create table users (id bigint generated by default as identity, email varchar(255) not null, password varchar(255) not null, role varchar(255) not null check (role in ('ADMIN','STAFF','CUSTOMER')), username varchar(255) not null, primary key (id))
2026-01-12T08:08:26.753+03:00 DEBUG 2060 --- [main] org.hibernate.SQL                        : create table working_schedule (id bigint generated by default as identity, day_of_week varchar(255) check (day_of_week in ('MONDAY','TUESDAY','WEDNESDAY','THURSDAY','FRIDAY','SATURDAY','SUNDAY')), end_time time(6), is_holiday boolean, start_time time(6), primary key (id))
2026-01-12T08:08:26.756+03:00 DEBUG 2060 --- [main] org.hibernate.SQL                        : alter table if exists users drop constraint if exists UK_r43af9ap4edm43mmtq01oddj6
2026-01-12T08:08:26.758+03:00 DEBUG 2060 --- [main] org.hibernate.SQL                        : alter table if exists users add constraint UK_r43af9ap4edm43mmtq01oddj6 unique (username)
2026-01-12T08:08:26.761+03:00 DEBUG 2060 --- [main] org.hibernate.SQL                        : alter table if exists working_schedule drop constraint if exists UK_bocnav746x2o99t8w2bii20vx
2026-01-12T08:08:26.762+03:00 DEBUG 2060 --- [main] org.hibernate.SQL                        : alter table if exists working_schedule add constraint UK_bocnav746x2o99t8w2bii20vx unique (day_of_week)
2026-01-12T08:08:26.765+03:00 DEBUG 2060 --- [main] org.hibernate.SQL                        : alter table if exists appointment add constraint FKi71h8mcr2o9jv5mgpjtf2spuc foreign key (customer_id) references users
2026-01-12T08:08:26.773+03:00 DEBUG 2060 --- [main] org.hibernate.SQL                        : alter table if exists appointment add constraint FKg1ec4bkvxnkor2lx10a49rsuy foreign key (service_id) references service
2026-01-12T08:08:26.775+03:00 DEBUG 2060 --- [main] org.hibernate.SQL                        : alter table if exists appointment add constraint FKdb9ds3xedy7m66yj7j20skpxb foreign key (staff_id) references users
2026-01-12T08:08:26.778+03:00 DEBUG 2060 --- [main] org.hibernate.SQL                        : alter table if exists service add constraint FK7y0h86xnqywavnttistdnvdfq foreign key (staff_id) references users
2026-01-12T08:08:26.782+03:00  INFO 2060 --- [main] j.LocalContainerEntityManagerFactoryBean : Initialized JPA EntityManagerFactory for persistence unit 'default'
2026-01-12T08:08:27.542+03:00  INFO 2060 --- [main] o.s.d.j.r.query.QueryEnhancerFactory     : Hibernate is in classpath; If applicable, HQL parser will be used.
2026-01-12T08:08:28.457+03:00  WARN 2060 --- [main] JpaBaseConfiguration$JpaWebConfiguration : spring.jpa.open-in-view is enabled by default. Therefore, database queries may be performed during view rendering. Explicitly configure spring.jpa.open-in-view to disable this warning
2026-01-12T08:08:28.898+03:00  INFO 2060 --- [main] o.s.s.web.DefaultSecurityFilterChain     : Will secure any request with [org.springframework.security.web.session.DisableEncodeUrlFilter@1c537671, org.springframework.security.web.context.request.async.WebAsyncManagerIntegrationFilter@fffdd40, org.springframework.security.web.context.SecurityContextHolderFilter@2591f310, org.springframework.security.web.header.HeaderWriterFilter@180f49c5, org.springframework.web.filter.CorsFilter@2e5f860b, org.springframework.security.web.authentication.logout.LogoutFilter@3c6c7782, com.example.smartschedule.security.JwtFilter@11d0bff5, org.springframework.security.web.savedrequest.RequestCacheAwareFilter@3aac3f34, org.springframework.security.web.servletapi.SecurityContextHolderAwareRequestFilter@25325236, org.springframework.security.web.authentication.AnonymousAuthenticationFilter@42ca6733, org.springframework.security.web.session.SessionManagementFilter@194ef183, org.springframework.security.web.access.ExceptionTranslationFilter@40fc181d, org.springframework.security.web.access.intercept.AuthorizationFilter@749aa36f]
2026-01-12T08:08:29.600+03:00  INFO 2060 --- [main] o.a.t.util.net.NioEndpoint.certificate   : Connector [https-jsse-nio-8443], TLS virtual host [_default_], certificate type [UNDEFINED] configured from keystore [C:\Users\USER\.keystore] using alias [smartschedule] with trust store [null]
2026-01-12T08:08:29.628+03:00  INFO 2060 --- [main] o.s.b.w.embedded.tomcat.TomcatWebServer  : Tomcat started on port 8443 (https) with context path ''
2026-01-12T08:08:29.629+03:00  INFO 2060 --- [main] o.s.m.s.b.SimpleBrokerMessageHandler     : Starting...
2026-01-12T08:08:29.631+03:00  INFO 2060 --- [main] o.s.m.s.b.SimpleBrokerMessageHandler     : BrokerAvailabilityEvent[available=true, SimpleBrokerMessageHandler [org.springframework.messaging.simp.broker.DefaultSubscriptionRegistry@2a4a3668]]
2026-01-12T08:08:29.632+03:00  INFO 2060 --- [main] o.s.m.s.b.SimpleBrokerMessageHandler     : Started.
2026-01-12T08:08:29.637+03:00  INFO 2060 --- [main] c.e.s.SmartScheduleApplication           : Started SmartScheduleApplication in 7.608 seconds (process running for 8.077)
2026-01-12T08:08:29.787+03:00 DEBUG 2060 --- [main] org.hibernate.SQL                        : insert into users (email,password,role,username,id) values (?,?,?,?,default)
2026-01-12T08:08:29.913+03:00 DEBUG 2060 --- [main] org.hibernate.SQL                        : insert into users (email,password,role,username,id) values (?,?,?,?,default)
2026-01-12T08:08:30.006+03:00 DEBUG 2060 --- [main] org.hibernate.SQL                        : insert into users (email,password,role,username,id) values (?,?,?,?,default)
2026-01-12T08:08:30.007+03:00 DEBUG 2060 --- [main] org.hibernate.SQL                        : insert into service (staff_id,duration,name,price,id) values (?,?,?,?,default)
2026-01-12T08:08:30.010+03:00 DEBUG 2060 --- [main] org.hibernate.SQL                        : insert into service (staff_id,duration,name,price,id) values (?,?,?,?,default)
2026-01-12T08:08:30.013+03:00 DEBUG 2060 --- [main] org.hibernate.SQL                        : insert into working_schedule (day_of_week,end_time,is_holiday,start_time,id) values (?,?,?,?,default)
2026-01-12T08:08:30.017+03:00 DEBUG 2060 --- [main] org.hibernate.SQL                        : insert into working_schedule (day_of_week,end_time,is_holiday,start_time,id) values (?,?,?,?,default)
2026-01-12T08:08:30.020+03:00 DEBUG 2060 --- [main] org.hibernate.SQL                        : insert into working_schedule (day_of_week,end_time,is_holiday,start_time,id) values (?,?,?,?,default)
2026-01-12T08:08:30.021+03:00 DEBUG 2060 --- [main] org.hibernate.SQL                        : insert into working_schedule (day_of_week,end_time,is_holiday,start_time,id) values (?,?,?,?,default)
2026-01-12T08:08:30.022+03:00 DEBUG 2060 --- [main] org.hibernate.SQL                        : insert into working_schedule (day_of_week,end_time,is_holiday,start_time,id) values (?,?,?,?,default)
2026-01-12T08:08:30.027+03:00 DEBUG 2060 --- [main] org.hibernate.SQL                        : insert into working_schedule (day_of_week,end_time,is_holiday,start_time,id) values (?,?,?,?,default)
2026-01-12T08:08:30.029+03:00 DEBUG 2060 --- [main] org.hibernate.SQL                        : insert into working_schedule (day_of_week,end_time,is_holiday,start_time,id) values (?,?,?,?,default)
2026-01-12T08:08:30.032+03:00 DEBUG 2060 --- [main] org.hibernate.SQL                        : insert into appointment (customer_id,end_time,service_id,staff_id,start_time,status,id) values (?,?,?,?,?,?,default)
2026-01-12T08:09:06.937+03:00  INFO 2060 --- [https-jsse-nio-8443-exec-6] o.a.c.c.C.[Tomcat].[localhost].[/]       : Initializing Spring DispatcherServlet 'dispatcherServlet'
2026-01-12T08:09:06.938+03:00  INFO 2060 --- [https-jsse-nio-8443-exec-6] o.s.web.servlet.DispatcherServlet        : Initializing Servlet 'dispatcherServlet'
2026-01-12T08:09:06.939+03:00  INFO 2060 --- [https-jsse-nio-8443-exec-6] o.s.web.servlet.DispatcherServlet        : Completed initialization in 1 ms
2026-01-12T08:09:06.968+03:00 DEBUG 2060 --- [https-jsse-nio-8443-exec-6] o.s.security.web.FilterChainProxy        : Securing POST /api/auth/login
2026-01-12T08:09:06.980+03:00 DEBUG 2060 --- [https-jsse-nio-8443-exec-6] o.s.s.w.a.AnonymousAuthenticationFilter  : Set SecurityContextHolder to anonymous SecurityContext
2026-01-12T08:09:06.983+03:00 DEBUG 2060 --- [https-jsse-nio-8443-exec-6] o.s.security.web.FilterChainProxy        : Secured POST /api/auth/login
2026-01-12T08:09:07.290+03:00 DEBUG 2060 --- [https-jsse-nio-8443-exec-6] org.hibernate.SQL                        : select u1_0.id,u1_0.email,u1_0.password,u1_0.role,u1_0.username from users u1_0 where u1_0.username=?
2026-01-12T08:09:07.396+03:00 DEBUG 2060 --- [https-jsse-nio-8443-exec-6] o.s.s.a.dao.DaoAuthenticationProvider    : Authenticated user
2026-01-12T08:09:29.367+03:00  INFO 2060 --- [MessageBroker-1] o.s.w.s.c.WebSocketMessageBrokerStats    : WebSocketSession[0 current WS(0)-HttpStream(0)-HttpPoll(0), 0 total, 0 closed abnormally (0 connect failure, 0 send limit, 0 transport error)], stompSubProtocol[processed CONNECT(0)-CONNECTED(0)-DISCONNECT(0)], stompBrokerRelay[null], inboundChannel[pool size = 0, active threads = 0, queued tasks = 0, completed tasks = 0], outboundChannel[pool size = 0, active threads = 0, queued tasks = 0, completed tasks = 0], sockJsScheduler[pool size = 1, active threads = 1, queued tasks = 0, completed tasks = 0]
2026-01-12T08:09:30.065+03:00 DEBUG 2060 --- [https-jsse-nio-8443-exec-7] o.s.security.web.FilterChainProxy        : Securing GET /api/appointments
2026-01-12T08:09:30.139+03:00 DEBUG 2060 --- [https-jsse-nio-8443-exec-7] org.hibernate.SQL                        : select u1_0.id,u1_0.email,u1_0.password,u1_0.role,u1_0.username from users u1_0 where u1_0.username=?
2026-01-12T08:09:30.147+03:00 DEBUG 2060 --- [https-jsse-nio-8443-exec-7] o.s.security.web.FilterChainProxy        : Secured GET /api/appointments
2026-01-12T08:09:30.150+03:00 DEBUG 2060 --- [https-jsse-nio-8443-exec-7] horizationManagerBeforeMethodInterceptor : Authorizing method invocation ReflectiveMethodInvocation: public java.util.List com.example.smartschedule.controller.AppointmentController.getAppointments(org.springframework.security.core.Authentication); target is of class [com.example.smartschedule.controller.AppointmentController]
2026-01-12T08:09:30.201+03:00 DEBUG 2060 --- [https-jsse-nio-8443-exec-7] horizationManagerBeforeMethodInterceptor : Authorized method invocation ReflectiveMethodInvocation: public java.util.List com.example.smartschedule.controller.AppointmentController.getAppointments(org.springframework.security.core.Authentication); target is of class [com.example.smartschedule.controller.AppointmentController]
2026-01-12T08:09:30.205+03:00  INFO 2060 --- [https-jsse-nio-8443-exec-7] c.e.smartschedule.aspect.LoggingAspect   : Entering method: getAppointmentsForUser with arguments: [admin]
2026-01-12T08:09:30.209+03:00 DEBUG 2060 --- [https-jsse-nio-8443-exec-7] org.hibernate.SQL                        : select u1_0.id,u1_0.email,u1_0.password,u1_0.role,u1_0.username from users u1_0 where u1_0.username=?
2026-01-12T08:09:30.234+03:00 DEBUG 2060 --- [https-jsse-nio-8443-exec-7] org.hibernate.SQL                        : select a1_0.id,a1_0.customer_id,a1_0.end_time,a1_0.service_id,a1_0.staff_id,a1_0.start_time,a1_0.status from appointment a1_0
2026-01-12T08:09:30.244+03:00 DEBUG 2060 --- [https-jsse-nio-8443-exec-7] org.hibernate.SQL                        : select u1_0.id,u1_0.email,u1_0.password,u1_0.role,u1_0.username from users u1_0 where u1_0.id=?
2026-01-12T08:09:30.248+03:00 DEBUG 2060 --- [https-jsse-nio-8443-exec-7] org.hibernate.SQL                        : select s1_0.id,as1_0.id,as1_0.email,as1_0.password,as1_0.role,as1_0.username,s1_0.duration,s1_0.name,s1_0.price from service s1_0 left join users as1_0 on as1_0.id=s1_0.staff_id where s1_0.id=?
2026-01-12T08:09:30.254+03:00  INFO 2060 --- [https-jsse-nio-8443-exec-7] c.e.smartschedule.aspect.LoggingAspect   : Exiting method: getAppointmentsForUser with result: [Appointment(id=1, customer=User(id=3, username=customer, password=$2a$10$6iSmEKlNwQ9UkhZpUQkw5eW14Rq7z3ykZ73oxpRY5NcUTtVDnwZzu, email=customer@example.com, role=CUSTOMER), service=Service(id=1, name=Haircut, duration=30, price=25.0, assignedStaff=User(id=2, username=staff, password=$2a$10$0pzHA.aJR0heDO/JTD4OIuH4hsXIckU4fgpqr2l8SjuHg/R5rkHBq, email=staff@example.com, role=STAFF)), staff=User(id=2, username=staff, password=$2a$10$0pzHA.aJR0heDO/JTD4OIuH4hsXIckU4fgpqr2l8SjuHg/R5rkHBq, email=staff@example.com, role=STAFF), status=PENDING, startTime=2026-01-10T10:00, endTime=2026-01-10T10:30)]
2026-01-12T08:10:15.525+03:00 DEBUG 2060 --- [https-jsse-nio-8443-exec-8] o.s.security.web.FilterChainProxy        : Securing GET /api/appointments
2026-01-12T08:10:15.530+03:00 DEBUG 2060 --- [https-jsse-nio-8443-exec-8] org.hibernate.SQL                        : select u1_0.id,u1_0.email,u1_0.password,u1_0.role,u1_0.username from users u1_0 where u1_0.username=?
2026-01-12T08:10:15.539+03:00 DEBUG 2060 --- [https-jsse-nio-8443-exec-8] o.s.security.web.FilterChainProxy        : Secured GET /api/appointments
2026-01-12T08:10:15.540+03:00 DEBUG 2060 --- [https-jsse-nio-8443-exec-8] horizationManagerBeforeMethodInterceptor : Authorizing method invocation ReflectiveMethodInvocation: public java.util.List com.example.smartschedule.controller.AppointmentController.getAppointments(org.springframework.security.core.Authentication); target is of class [com.example.smartschedule.controller.AppointmentController]
2026-01-12T08:10:15.541+03:00 DEBUG 2060 --- [https-jsse-nio-8443-exec-8] horizationManagerBeforeMethodInterceptor : Authorized method invocation ReflectiveMethodInvocation: public java.util.List com.example.smartschedule.controller.AppointmentController.getAppointments(org.springframework.security.core.Authentication); target is of class [com.example.smartschedule.controller.AppointmentController]
2026-01-12T08:10:15.542+03:00  INFO 2060 --- [https-jsse-nio-8443-exec-8] c.e.smartschedule.aspect.LoggingAspect   : Entering method: getAppointmentsForUser with arguments: [admin]
2026-01-12T08:10:15.544+03:00 DEBUG 2060 --- [https-jsse-nio-8443-exec-8] org.hibernate.SQL                        : select u1_0.id,u1_0.email,u1_0.password,u1_0.role,u1_0.username from users u1_0 where u1_0.username=?
2026-01-12T08:10:15.549+03:00 DEBUG 2060 --- [https-jsse-nio-8443-exec-8] org.hibernate.SQL                        : select a1_0.id,a1_0.customer_id,a1_0.end_time,a1_0.service_id,a1_0.staff_id,a1_0.start_time,a1_0.status from appointment a1_0
2026-01-12T08:10:15.551+03:00 DEBUG 2060 --- [https-jsse-nio-8443-exec-8] org.hibernate.SQL                        : select u1_0.id,u1_0.email,u1_0.password,u1_0.role,u1_0.username from users u1_0 where u1_0.id=?
2026-01-12T08:10:15.552+03:00 DEBUG 2060 --- [https-jsse-nio-8443-exec-8] org.hibernate.SQL                        : select s1_0.id,as1_0.id,as1_0.email,as1_0.password,as1_0.role,as1_0.username,s1_0.duration,s1_0.name,s1_0.price from service s1_0 left join users as1_0 on as1_0.id=s1_0.staff_id where s1_0.id=?
2026-01-12T08:10:15.555+03:00  INFO 2060 --- [https-jsse-nio-8443-exec-8] c.e.smartschedule.aspect.LoggingAspect   : Exiting method: getAppointmentsForUser with result: [Appointment(id=1, customer=User(id=3, username=customer, password=$2a$10$6iSmEKlNwQ9UkhZpUQkw5eW14Rq7z3ykZ73oxpRY5NcUTtVDnwZzu, email=customer@example.com, role=CUSTOMER), service=Service(id=1, name=Haircut, duration=30, price=25.0, assignedStaff=User(id=2, username=staff, password=$2a$10$0pzHA.aJR0heDO/JTD4OIuH4hsXIckU4fgpqr2l8SjuHg/R5rkHBq, email=staff@example.com, role=STAFF)), staff=User(id=2, username=staff, password=$2a$10$0pzHA.aJR0heDO/JTD4OIuH4hsXIckU4fgpqr2l8SjuHg/R5rkHBq, email=staff@example.com, role=STAFF), status=PENDING, startTime=2026-01-10T10:00, endTime=2026-01-10T10:30)]
2026-01-12T08:10:32.602+03:00 DEBUG 2060 --- [https-jsse-nio-8443-exec-9] o.s.security.web.FilterChainProxy        : Securing GET /api/appointments
2026-01-12T08:10:32.607+03:00 DEBUG 2060 --- [https-jsse-nio-8443-exec-9] org.hibernate.SQL                        : select u1_0.id,u1_0.email,u1_0.password,u1_0.role,u1_0.username from users u1_0 where u1_0.username=?
2026-01-12T08:10:32.615+03:00 DEBUG 2060 --- [https-jsse-nio-8443-exec-9] o.s.security.web.FilterChainProxy        : Secured GET /api/appointments
2026-01-12T08:10:32.616+03:00 DEBUG 2060 --- [https-jsse-nio-8443-exec-9] horizationManagerBeforeMethodInterceptor : Authorizing method invocation ReflectiveMethodInvocation: public java.util.List com.example.smartschedule.controller.AppointmentController.getAppointments(org.springframework.security.core.Authentication); target is of class [com.example.smartschedule.controller.AppointmentController]
2026-01-12T08:10:32.617+03:00 DEBUG 2060 --- [https-jsse-nio-8443-exec-9] horizationManagerBeforeMethodInterceptor : Authorized method invocation ReflectiveMethodInvocation: public java.util.List com.example.smartschedule.controller.AppointmentController.getAppointments(org.springframework.security.core.Authentication); target is of class [com.example.smartschedule.controller.AppointmentController]
2026-01-12T08:10:32.617+03:00  INFO 2060 --- [https-jsse-nio-8443-exec-9] c.e.smartschedule.aspect.LoggingAspect   : Entering method: getAppointmentsForUser with arguments: [admin]
2026-01-12T08:10:32.620+03:00 DEBUG 2060 --- [https-jsse-nio-8443-exec-9] org.hibernate.SQL                        : select u1_0.id,u1_0.email,u1_0.password,u1_0.role,u1_0.username from users u1_0 where u1_0.username=?
2026-01-12T08:10:32.625+03:00 DEBUG 2060 --- [https-jsse-nio-8443-exec-9] org.hibernate.SQL                        : select a1_0.id,a1_0.customer_id,a1_0.end_time,a1_0.service_id,a1_0.staff_id,a1_0.start_time,a1_0.status from appointment a1_0
2026-01-12T08:10:32.626+03:00 DEBUG 2060 --- [https-jsse-nio-8443-exec-9] org.hibernate.SQL                        : select u1_0.id,u1_0.email,u1_0.password,u1_0.role,u1_0.username from users u1_0 where u1_0.id=?
2026-01-12T08:10:32.628+03:00 DEBUG 2060 --- [https-jsse-nio-8443-exec-9] org.hibernate.SQL                        : select s1_0.id,as1_0.id,as1_0.email,as1_0.password,as1_0.role,as1_0.username,s1_0.duration,s1_0.name,s1_0.price from service s1_0 left join users as1_0 on as1_0.id=s1_0.staff_id where s1_0.id=?
2026-01-12T08:10:32.629+03:00  INFO 2060 --- [https-jsse-nio-8443-exec-9] c.e.smartschedule.aspect.LoggingAspect   : Exiting method: getAppointmentsForUser with result: [Appointment(id=1, customer=User(id=3, username=customer, password=$2a$10$6iSmEKlNwQ9UkhZpUQkw5eW14Rq7z3ykZ73oxpRY5NcUTtVDnwZzu, email=customer@example.com, role=CUSTOMER), service=Service(id=1, name=Haircut, duration=30, price=25.0, assignedStaff=User(id=2, username=staff, password=$2a$10$0pzHA.aJR0heDO/JTD4OIuH4hsXIckU4fgpqr2l8SjuHg/R5rkHBq, email=staff@example.com, role=STAFF)), staff=User(id=2, username=staff, password=$2a$10$0pzHA.aJR0heDO/JTD4OIuH4hsXIckU4fgpqr2l8SjuHg/R5rkHBq, email=staff@example.com, role=STAFF), status=PENDING, startTime=2026-01-10T10:00, endTime=2026-01-10T10:30)]
2026-01-12T08:11:05.571+03:00 DEBUG 2060 --- [https-jsse-nio-8443-exec-10] o.s.security.web.FilterChainProxy        : Securing POST /api/services
2026-01-12T08:11:05.576+03:00 DEBUG 2060 --- [https-jsse-nio-8443-exec-10] org.hibernate.SQL                        : select u1_0.id,u1_0.email,u1_0.password,u1_0.role,u1_0.username from users u1_0 where u1_0.username=?
2026-01-12T08:11:05.580+03:00 ERROR 2060 --- [https-jsse-nio-8443-exec-10] o.a.c.c.C.[.[.[/].[dispatcherServlet]    : Servlet.service() for servlet [dispatcherServlet] in context with path [] threw exception

org.springframework.security.core.userdetails.UsernameNotFoundException: User not found
	at com.example.smartschedule.security.CustomUserDetailsService.lambda$loadUserByUsername$0(CustomUserDetailsService.java:20) ~[classes/:na]
	at java.base/java.util.Optional.orElseThrow(Optional.java:403) ~[na:na]
	at com.example.smartschedule.security.CustomUserDetailsService.loadUserByUsername(CustomUserDetailsService.java:20) ~[classes/:na]
	at com.example.smartschedule.security.JwtFilter.doFilterInternal(JwtFilter.java:37) ~[classes/:na]
	at org.springframework.web.filter.OncePerRequestFilter.doFilter(OncePerRequestFilter.java:116) ~[spring-web-6.1.2.jar:6.1.2]
	at org.springframework.security.web.FilterChainProxy$VirtualFilterChain.doFilter(FilterChainProxy.java:374) ~[spring-security-web-6.2.1.jar:6.2.1]
	at org.springframework.security.web.authentication.logout.LogoutFilter.doFilter(LogoutFilter.java:107) ~[spring-security-web-6.2.1.jar:6.2.1]
	at org.springframework.security.web.authentication.logout.LogoutFilter.doFilter(LogoutFilter.java:93) ~[spring-security-web-6.2.1.jar:6.2.1]
	at org.springframework.security.web.FilterChainProxy$VirtualFilterChain.doFilter(FilterChainProxy.java:374) ~[spring-security-web-6.2.1.jar:6.2.1]
	at org.springframework.web.filter.CorsFilter.doFilterInternal(CorsFilter.java:91) ~[spring-web-6.1.2.jar:6.1.2]
	at org.springframework.web.filter.OncePerRequestFilter.doFilter(OncePerRequestFilter.java:116) ~[spring-web-6.1.2.jar:6.1.2]
	at org.springframework.security.web.FilterChainProxy$VirtualFilterChain.doFilter(FilterChainProxy.java:374) ~[spring-security-web-6.2.1.jar:6.2.1]
	at org.springframework.security.web.header.HeaderWriterFilter.doHeadersAfter(HeaderWriterFilter.java:90) ~[spring-security-web-6.2.1.jar:6.2.1]
	at org.springframework.security.web.header.HeaderWriterFilter.doFilterInternal(HeaderWriterFilter.java:75) ~[spring-security-web-6.2.1.jar:6.2.1]
	at org.springframework.web.filter.OncePerRequestFilter.doFilter(OncePerRequestFilter.java:116) ~[spring-web-6.1.2.jar:6.1.2]
	at org.springframework.security.web.FilterChainProxy$VirtualFilterChain.doFilter(FilterChainProxy.java:374) ~[spring-security-web-6.2.1.jar:6.2.1]
	at org.springframework.security.web.context.SecurityContextHolderFilter.doFilter(SecurityContextHolderFilter.java:82) ~[spring-security-web-6.2.1.jar:6.2.1]
	at org.springframework.security.web.context.SecurityContextHolderFilter.doFilter(SecurityContextHolderFilter.java:69) ~[spring-security-web-6.2.1.jar:6.2.1]
	at org.springframework.security.web.FilterChainProxy$VirtualFilterChain.doFilter(FilterChainProxy.java:374) ~[spring-security-web-6.2.1.jar:6.2.1]
	at org.springframework.security.web.context.request.async.WebAsyncManagerIntegrationFilter.doFilterInternal(WebAsyncManagerIntegrationFilter.java:62) ~[spring-security-web-6.2.1.jar:6.2.1]
	at org.springframework.web.filter.OncePerRequestFilter.doFilter(OncePerRequestFilter.java:116) ~[spring-web-6.1.2.jar:6.1.2]
	at org.springframework.security.web.FilterChainProxy$VirtualFilterChain.doFilter(FilterChainProxy.java:374) ~[spring-security-web-6.2.1.jar:6.2.1]
	at org.springframework.security.web.session.DisableEncodeUrlFilter.doFilterInternal(DisableEncodeUrlFilter.java:42) ~[spring-security-web-6.2.1.jar:6.2.1]
	at org.springframework.web.filter.OncePerRequestFilter.doFilter(OncePerRequestFilter.java:116) ~[spring-web-6.1.2.jar:6.1.2]
	at org.springframework.security.web.FilterChainProxy$VirtualFilterChain.doFilter(FilterChainProxy.java:374) ~[spring-security-web-6.2.1.jar:6.2.1]
	at org.springframework.security.web.FilterChainProxy.doFilterInternal(FilterChainProxy.java:233) ~[spring-security-web-6.2.1.jar:6.2.1]
	at org.springframework.security.web.FilterChainProxy.doFilter(FilterChainProxy.java:191) ~[spring-security-web-6.2.1.jar:6.2.1]
	at org.springframework.web.filter.CompositeFilter$VirtualFilterChain.doFilter(CompositeFilter.java:113) ~[spring-web-6.1.2.jar:6.1.2]
	at org.springframework.web.servlet.handler.HandlerMappingIntrospector.lambda$createCacheFilter$3(HandlerMappingIntrospector.java:195) ~[spring-webmvc-6.1.2.jar:6.1.2]
	at org.springframework.web.filter.CompositeFilter$VirtualFilterChain.doFilter(CompositeFilter.java:113) ~[spring-web-6.1.2.jar:6.1.2]
	at org.springframework.web.filter.CompositeFilter.doFilter(CompositeFilter.java:74) ~[spring-web-6.1.2.jar:6.1.2]
	at org.springframework.security.config.annotation.web.configuration.WebMvcSecurityConfiguration$CompositeFilterChainProxy.doFilter(WebMvcSecurityConfiguration.java:225) ~[spring-security-config-6.2.1.jar:6.2.1]
	at org.springframework.web.filter.DelegatingFilterProxy.invokeDelegate(DelegatingFilterProxy.java:352) ~[spring-web-6.1.2.jar:6.1.2]
	at org.springframework.web.filter.DelegatingFilterProxy.doFilter(DelegatingFilterProxy.java:268) ~[spring-web-6.1.2.jar:6.1.2]
	at org.apache.catalina.core.ApplicationFilterChain.internalDoFilter(ApplicationFilterChain.java:174) ~[tomcat-embed-core-10.1.17.jar:10.1.17]
	at org.apache.catalina.core.ApplicationFilterChain.doFilter(ApplicationFilterChain.java:149) ~[tomcat-embed-core-10.1.17.jar:10.1.17]
	at org.springframework.web.filter.RequestContextFilter.doFilterInternal(RequestContextFilter.java:100) ~[spring-web-6.1.2.jar:6.1.2]
	at org.springframework.web.filter.OncePerRequestFilter.doFilter(OncePerRequestFilter.java:116) ~[spring-web-6.1.2.jar:6.1.2]
	at org.apache.catalina.core.ApplicationFilterChain.internalDoFilter(ApplicationFilterChain.java:174) ~[tomcat-embed-core-10.1.17.jar:10.1.17]
	at org.apache.catalina.core.ApplicationFilterChain.doFilter(ApplicationFilterChain.java:149) ~[tomcat-embed-core-10.1.17.jar:10.1.17]
	at org.springframework.web.filter.FormContentFilter.doFilterInternal(FormContentFilter.java:93) ~[spring-web-6.1.2.jar:6.1.2]
	at org.springframework.web.filter.OncePerRequestFilter.doFilter(OncePerRequestFilter.java:116) ~[spring-web-6.1.2.jar:6.1.2]
	at org.apache.catalina.core.ApplicationFilterChain.internalDoFilter(ApplicationFilterChain.java:174) ~[tomcat-embed-core-10.1.17.jar:10.1.17]
	at org.apache.catalina.core.ApplicationFilterChain.doFilter(ApplicationFilterChain.java:149) ~[tomcat-embed-core-10.1.17.jar:10.1.17]
	at org.springframework.web.filter.CharacterEncodingFilter.doFilterInternal(CharacterEncodingFilter.java:201) ~[spring-web-6.1.2.jar:6.1.2]
	at org.springframework.web.filter.OncePerRequestFilter.doFilter(OncePerRequestFilter.java:116) ~[spring-web-6.1.2.jar:6.1.2]
	at org.apache.catalina.core.ApplicationFilterChain.internalDoFilter(ApplicationFilterChain.java:174) ~[tomcat-embed-core-10.1.17.jar:10.1.17]
	at org.apache.catalina.core.ApplicationFilterChain.doFilter(ApplicationFilterChain.java:149) ~[tomcat-embed-core-10.1.17.jar:10.1.17]
	at org.apache.catalina.core.StandardWrapperValve.invoke(StandardWrapperValve.java:167) ~[tomcat-embed-core-10.1.17.jar:10.1.17]
	at org.apache.catalina.core.StandardContextValve.invoke(StandardContextValve.java:90) ~[tomcat-embed-core-10.1.17.jar:10.1.17]
	at org.apache.catalina.authenticator.AuthenticatorBase.invoke(AuthenticatorBase.java:482) ~[tomcat-embed-core-10.1.17.jar:10.1.17]
	at org.apache.catalina.core.StandardHostValve.invoke(StandardHostValve.java:115) ~[tomcat-embed-core-10.1.17.jar:10.1.17]
	at org.apache.catalina.valves.ErrorReportValve.invoke(ErrorReportValve.java:93) ~[tomcat-embed-core-10.1.17.jar:10.1.17]
	at org.apache.catalina.core.StandardEngineValve.invoke(StandardEngineValve.java:74) ~[tomcat-embed-core-10.1.17.jar:10.1.17]
	at org.apache.catalina.connector.CoyoteAdapter.service(CoyoteAdapter.java:340) ~[tomcat-embed-core-10.1.17.jar:10.1.17]
	at org.apache.coyote.http11.Http11Processor.service(Http11Processor.java:391) ~[tomcat-embed-core-10.1.17.jar:10.1.17]
	at org.apache.coyote.AbstractProcessorLight.process(AbstractProcessorLight.java:63) ~[tomcat-embed-core-10.1.17.jar:10.1.17]
	at org.apache.coyote.AbstractProtocol$ConnectionHandler.process(AbstractProtocol.java:896) ~[tomcat-embed-core-10.1.17.jar:10.1.17]
	at org.apache.tomcat.util.net.NioEndpoint$SocketProcessor.doRun(NioEndpoint.java:1744) ~[tomcat-embed-core-10.1.17.jar:10.1.17]
	at org.apache.tomcat.util.net.SocketProcessorBase.run(SocketProcessorBase.java:52) ~[tomcat-embed-core-10.1.17.jar:10.1.17]
	at org.apache.tomcat.util.threads.ThreadPoolExecutor.runWorker(ThreadPoolExecutor.java:1191) ~[tomcat-embed-core-10.1.17.jar:10.1.17]
	at org.apache.tomcat.util.threads.ThreadPoolExecutor$Worker.run(ThreadPoolExecutor.java:659) ~[tomcat-embed-core-10.1.17.jar:10.1.17]
	at org.apache.tomcat.util.threads.TaskThread$WrappingRunnable.run(TaskThread.java:61) ~[tomcat-embed-core-10.1.17.jar:10.1.17]
	at java.base/java.lang.Thread.run(Thread.java:1583) ~[na:na]

2026-01-12T08:11:05.613+03:00 DEBUG 2060 --- [https-jsse-nio-8443-exec-10] o.s.security.web.FilterChainProxy        : Securing POST /error
2026-01-12T08:11:05.614+03:00 DEBUG 2060 --- [https-jsse-nio-8443-exec-10] o.s.s.w.a.AnonymousAuthenticationFilter  : Set SecurityContextHolder to anonymous SecurityContext
2026-01-12T08:11:05.615+03:00 DEBUG 2060 --- [https-jsse-nio-8443-exec-10] o.s.s.w.a.Http403ForbiddenEntryPoint     : Pre-authenticated entry point called. Rejecting access
2026-01-12T08:11:22.276+03:00 DEBUG 2060 --- [https-jsse-nio-8443-exec-3] o.s.security.web.FilterChainProxy        : Securing POST /api/services
2026-01-12T08:11:22.281+03:00 DEBUG 2060 --- [https-jsse-nio-8443-exec-3] org.hibernate.SQL                        : select u1_0.id,u1_0.email,u1_0.password,u1_0.role,u1_0.username from users u1_0 where u1_0.username=?
2026-01-12T08:11:22.285+03:00 DEBUG 2060 --- [https-jsse-nio-8443-exec-3] o.s.security.web.FilterChainProxy        : Secured POST /api/services
2026-01-12T08:11:22.296+03:00 DEBUG 2060 --- [https-jsse-nio-8443-exec-3] horizationManagerBeforeMethodInterceptor : Authorizing method invocation ReflectiveMethodInvocation: public com.example.smartschedule.entity.Service com.example.smartschedule.controller.ServiceController.createService(com.example.smartschedule.entity.Service); target is of class [com.example.smartschedule.controller.ServiceController]
2026-01-12T08:11:22.299+03:00 DEBUG 2060 --- [https-jsse-nio-8443-exec-3] horizationManagerBeforeMethodInterceptor : Authorized method invocation ReflectiveMethodInvocation: public com.example.smartschedule.entity.Service com.example.smartschedule.controller.ServiceController.createService(com.example.smartschedule.entity.Service); target is of class [com.example.smartschedule.controller.ServiceController]
2026-01-12T08:11:22.300+03:00  INFO 2060 --- [https-jsse-nio-8443-exec-3] c.e.smartschedule.aspect.LoggingAspect   : Entering method: createService with arguments: [Service(id=null, name=Haircut, duration=30, price=25.0, assignedStaff=User(id=1, username=null, password=null, email=null, role=null))]
2026-01-12T08:11:22.301+03:00 DEBUG 2060 --- [https-jsse-nio-8443-exec-3] org.hibernate.SQL                        : insert into service (staff_id,duration,name,price,id) values (?,?,?,?,default)
2026-01-12T08:11:22.304+03:00  INFO 2060 --- [https-jsse-nio-8443-exec-3] c.e.smartschedule.aspect.LoggingAspect   : Exiting method: createService with result: Service(id=3, name=Haircut, duration=30, price=25.0, assignedStaff=User(id=1, username=null, password=null, email=null, role=null))
2026-01-12T08:20:38.803+03:00  INFO 2060 --- [SpringApplicationShutdownHook] o.s.m.s.b.SimpleBrokerMessageHandler     : Stopping...
2026-01-12T08:20:38.811+03:00  INFO 2060 --- [SpringApplicationShutdownHook] o.s.m.s.b.SimpleBrokerMessageHandler     : BrokerAvailabilityEvent[available=false, SimpleBrokerMessageHandler [org.springframework.messaging.simp.broker.DefaultSubscriptionRegistry@2a4a3668]]
2026-01-12T08:20:38.812+03:00  INFO 2060 --- [SpringApplicationShutdownHook] o.s.m.s.b.SimpleBrokerMessageHandler     : Stopped.
2026-01-12T08:20:38.930+03:00  INFO 2060 --- [SpringApplicationShutdownHook] j.LocalContainerEntityManagerFactoryBean : Closing JPA EntityManagerFactory for persistence unit 'default'
2026-01-12T08:20:38.968+03:00  INFO 2060 --- [SpringApplicationShutdownHook] com.zaxxer.hikari.HikariDataSource       : HikariPool-1 - Shutdown initiated...
2026-01-12T08:20:38.994+03:00  INFO 2060 --- [SpringApplicationShutdownHook] com.zaxxer.hikari.HikariDataSource       : HikariPool-1 - Shutdown completed.
