11:04:13 DEBUG org.hibernate.SQL - create table appointment (id bigint generated by default as identity, end_time timestamp(6) not null, start_time timestamp(6) not null, status varchar(255) not null check (status in ('PENDING','APPROVED','CANCELLED','COMPLETED')), customer_id bigint not null, service_id bigint not null, staff_id bigint, primary key (id))
11:04:13 DEBUG org.hibernate.SQL - create table service (id bigint generated by default as identity, duration integer not null, name varchar(255) not null, price float(53) not null, staff_id bigint, primary key (id))
11:04:13 DEBUG org.hibernate.SQL - create table users (id bigint generated by default as identity, email varchar(255) not null, password varchar(255) not null, role varchar(255) not null check (role in ('ADMIN','STAFF','CUSTOMER')), username varchar(255) not null, primary key (id))
11:04:13 DEBUG org.hibernate.SQL - create table working_schedule (id bigint generated by default as identity, day_of_week varchar(255) check (day_of_week in ('MONDAY','TUESDAY','WEDNESDAY','THURSDAY','FRIDAY','SATURDAY','SUNDAY')), end_time time(6), is_holiday boolean, start_time time(6), primary key (id))
11:04:13 DEBUG org.hibernate.SQL - alter table if exists users drop constraint if exists UK_r43af9ap4edm43mmtq01oddj6
11:04:13 DEBUG org.hibernate.SQL - alter table if exists users add constraint UK_r43af9ap4edm43mmtq01oddj6 unique (username)
11:04:13 DEBUG org.hibernate.SQL - alter table if exists working_schedule drop constraint if exists UK_bocnav746x2o99t8w2bii20vx
11:04:13 DEBUG org.hibernate.SQL - alter table if exists working_schedule add constraint UK_bocnav746x2o99t8w2bii20vx unique (day_of_week)
11:04:13 DEBUG org.hibernate.SQL - alter table if exists appointment add constraint FKi71h8mcr2o9jv5mgpjtf2spuc foreign key (customer_id) references users
11:04:13 DEBUG org.hibernate.SQL - alter table if exists appointment add constraint FKg1ec4bkvxnkor2lx10a49rsuy foreign key (service_id) references service
11:04:13 DEBUG org.hibernate.SQL - alter table if exists appointment add constraint FKdb9ds3xedy7m66yj7j20skpxb foreign key (staff_id) references users
11:04:13 DEBUG org.hibernate.SQL - alter table if exists service add constraint FK7y0h86xnqywavnttistdnvdfq foreign key (staff_id) references users
11:04:28 DEBUG org.hibernate.SQL - insert into users (email,password,role,username,id) values (?,?,?,?,default)
11:04:28 DEBUG org.hibernate.SQL - insert into users (email,password,role,username,id) values (?,?,?,?,default)
11:04:29 DEBUG org.hibernate.SQL - insert into users (email,password,role,username,id) values (?,?,?,?,default)
11:04:29 DEBUG org.hibernate.SQL - insert into service (staff_id,duration,name,price,id) values (?,?,?,?,default)
11:04:29 DEBUG org.hibernate.SQL - insert into service (staff_id,duration,name,price,id) values (?,?,?,?,default)
11:04:29 DEBUG org.hibernate.SQL - insert into working_schedule (day_of_week,end_time,is_holiday,start_time,id) values (?,?,?,?,default)
11:04:29 DEBUG org.hibernate.SQL - insert into working_schedule (day_of_week,end_time,is_holiday,start_time,id) values (?,?,?,?,default)
11:04:29 DEBUG org.hibernate.SQL - insert into working_schedule (day_of_week,end_time,is_holiday,start_time,id) values (?,?,?,?,default)
11:04:29 DEBUG org.hibernate.SQL - insert into working_schedule (day_of_week,end_time,is_holiday,start_time,id) values (?,?,?,?,default)
11:04:29 DEBUG org.hibernate.SQL - insert into working_schedule (day_of_week,end_time,is_holiday,start_time,id) values (?,?,?,?,default)
11:04:29 DEBUG org.hibernate.SQL - insert into working_schedule (day_of_week,end_time,is_holiday,start_time,id) values (?,?,?,?,default)
11:04:29 DEBUG org.hibernate.SQL - insert into working_schedule (day_of_week,end_time,is_holiday,start_time,id) values (?,?,?,?,default)
11:04:29 DEBUG org.hibernate.SQL - insert into appointment (customer_id,end_time,service_id,staff_id,start_time,status,id) values (?,?,?,?,?,?,default)
11:04:30 DEBUG org.hibernate.SQL - select u1_0.id,u1_0.email,u1_0.password,u1_0.role,u1_0.username from users u1_0 where u1_0.username=?
11:04:50 DEBUG org.hibernate.SQL - select u1_0.id,u1_0.email,u1_0.password,u1_0.role,u1_0.username from users u1_0 where u1_0.username=?
11:04:50 DEBUG org.hibernate.SQL - select a1_0.id,a1_0.customer_id,c1_0.id,c1_0.email,c1_0.password,c1_0.role,c1_0.username,a1_0.end_time,a1_0.service_id,s1_0.id,as1_0.id,as1_0.email,as1_0.password,as1_0.role,as1_0.username,s1_0.duration,s1_0.name,s1_0.price,s2_0.id,s2_0.email,s2_0.password,s2_0.role,s2_0.username,a1_0.start_time,a1_0.status from appointment a1_0 join users c1_0 on c1_0.id=a1_0.customer_id join service s1_0 on s1_0.id=a1_0.service_id left join users as1_0 on as1_0.id=s1_0.staff_id left join users s2_0 on s2_0.id=a1_0.staff_id where a1_0.id=?
11:04:50 DEBUG org.hibernate.SQL - update appointment set customer_id=?,end_time=?,service_id=?,staff_id=?,start_time=?,status=? where id=?
11:07:58 DEBUG org.hibernate.SQL - select u1_0.id,u1_0.email,u1_0.password,u1_0.role,u1_0.username from users u1_0 where u1_0.username=?
11:07:58 DEBUG org.hibernate.SQL - select a1_0.id,a1_0.customer_id,c1_0.id,c1_0.email,c1_0.password,c1_0.role,c1_0.username,a1_0.end_time,a1_0.service_id,s1_0.id,as1_0.id,as1_0.email,as1_0.password,as1_0.role,as1_0.username,s1_0.duration,s1_0.name,s1_0.price,s2_0.id,s2_0.email,s2_0.password,s2_0.role,s2_0.username,a1_0.start_time,a1_0.status from appointment a1_0 join users c1_0 on c1_0.id=a1_0.customer_id join service s1_0 on s1_0.id=a1_0.service_id left join users as1_0 on as1_0.id=s1_0.staff_id left join users s2_0 on s2_0.id=a1_0.staff_id where a1_0.id=?
11:08:06 DEBUG org.hibernate.SQL - select u1_0.id,u1_0.email,u1_0.password,u1_0.role,u1_0.username from users u1_0 where u1_0.username=?
11:08:06 DEBUG org.hibernate.SQL - select a1_0.id,a1_0.customer_id,c1_0.id,c1_0.email,c1_0.password,c1_0.role,c1_0.username,a1_0.end_time,a1_0.service_id,s1_0.id,as1_0.id,as1_0.email,as1_0.password,as1_0.role,as1_0.username,s1_0.duration,s1_0.name,s1_0.price,s2_0.id,s2_0.email,s2_0.password,s2_0.role,s2_0.username,a1_0.start_time,a1_0.status from appointment a1_0 join users c1_0 on c1_0.id=a1_0.customer_id join service s1_0 on s1_0.id=a1_0.service_id left join users as1_0 on as1_0.id=s1_0.staff_id left join users s2_0 on s2_0.id=a1_0.staff_id where a1_0.id=?
11:08:45 DEBUG org.hibernate.SQL - create table appointment (id bigint generated by default as identity, end_time timestamp(6) not null, start_time timestamp(6) not null, status varchar(255) not null check (status in ('PENDING','APPROVED','CANCELLED','COMPLETED')), customer_id bigint not null, service_id bigint not null, staff_id bigint, primary key (id))
11:08:45 DEBUG org.hibernate.SQL - create table service (id bigint generated by default as identity, duration integer not null, name varchar(255) not null, price float(53) not null, staff_id bigint, primary key (id))
11:08:45 DEBUG org.hibernate.SQL - create table users (id bigint generated by default as identity, email varchar(255) not null, password varchar(255) not null, role varchar(255) not null check (role in ('ADMIN','STAFF','CUSTOMER')), username varchar(255) not null, primary key (id))
11:08:46 DEBUG org.hibernate.SQL - create table working_schedule (id bigint generated by default as identity, day_of_week varchar(255) check (day_of_week in ('MONDAY','TUESDAY','WEDNESDAY','THURSDAY','FRIDAY','SATURDAY','SUNDAY')), end_time time(6), is_holiday boolean, start_time time(6), primary key (id))
11:08:46 DEBUG org.hibernate.SQL - alter table if exists users drop constraint if exists UK_r43af9ap4edm43mmtq01oddj6
11:08:46 DEBUG org.hibernate.SQL - alter table if exists users add constraint UK_r43af9ap4edm43mmtq01oddj6 unique (username)
11:08:46 DEBUG org.hibernate.SQL - alter table if exists working_schedule drop constraint if exists UK_bocnav746x2o99t8w2bii20vx
11:08:46 DEBUG org.hibernate.SQL - alter table if exists working_schedule add constraint UK_bocnav746x2o99t8w2bii20vx unique (day_of_week)
11:08:46 DEBUG org.hibernate.SQL - alter table if exists appointment add constraint FKi71h8mcr2o9jv5mgpjtf2spuc foreign key (customer_id) references users
11:08:46 DEBUG org.hibernate.SQL - alter table if exists appointment add constraint FKg1ec4bkvxnkor2lx10a49rsuy foreign key (service_id) references service
11:08:46 DEBUG org.hibernate.SQL - alter table if exists appointment add constraint FKdb9ds3xedy7m66yj7j20skpxb foreign key (staff_id) references users
11:08:46 DEBUG org.hibernate.SQL - alter table if exists service add constraint FK7y0h86xnqywavnttistdnvdfq foreign key (staff_id) references users
11:08:57 DEBUG org.hibernate.SQL - insert into users (email,password,role,username,id) values (?,?,?,?,default)
11:08:57 DEBUG org.hibernate.SQL - insert into users (email,password,role,username,id) values (?,?,?,?,default)
11:08:58 DEBUG org.hibernate.SQL - insert into users (email,password,role,username,id) values (?,?,?,?,default)
11:08:58 DEBUG org.hibernate.SQL - insert into service (staff_id,duration,name,price,id) values (?,?,?,?,default)
11:08:58 DEBUG org.hibernate.SQL - insert into service (staff_id,duration,name,price,id) values (?,?,?,?,default)
11:08:58 DEBUG org.hibernate.SQL - insert into working_schedule (day_of_week,end_time,is_holiday,start_time,id) values (?,?,?,?,default)
11:08:58 DEBUG org.hibernate.SQL - insert into working_schedule (day_of_week,end_time,is_holiday,start_time,id) values (?,?,?,?,default)
11:08:58 DEBUG org.hibernate.SQL - insert into working_schedule (day_of_week,end_time,is_holiday,start_time,id) values (?,?,?,?,default)
11:08:58 DEBUG org.hibernate.SQL - insert into working_schedule (day_of_week,end_time,is_holiday,start_time,id) values (?,?,?,?,default)
11:08:58 DEBUG org.hibernate.SQL - insert into working_schedule (day_of_week,end_time,is_holiday,start_time,id) values (?,?,?,?,default)
11:08:58 DEBUG org.hibernate.SQL - insert into working_schedule (day_of_week,end_time,is_holiday,start_time,id) values (?,?,?,?,default)
11:08:58 DEBUG org.hibernate.SQL - insert into working_schedule (day_of_week,end_time,is_holiday,start_time,id) values (?,?,?,?,default)
11:08:58 DEBUG org.hibernate.SQL - insert into appointment (customer_id,end_time,service_id,staff_id,start_time,status,id) values (?,?,?,?,?,?,default)
11:08:58 DEBUG org.hibernate.SQL - select u1_0.id,u1_0.email,u1_0.password,u1_0.role,u1_0.username from users u1_0 where u1_0.username=?
11:09:51 DEBUG org.hibernate.SQL - select u1_0.id,u1_0.email,u1_0.password,u1_0.role,u1_0.username from users u1_0 where u1_0.username=?
11:10:13 DEBUG org.hibernate.SQL - select u1_0.id,u1_0.email,u1_0.password,u1_0.role,u1_0.username from users u1_0 where u1_0.username=?
11:10:22 DEBUG org.hibernate.SQL - select u1_0.id,u1_0.email,u1_0.password,u1_0.role,u1_0.username from users u1_0 where u1_0.username=?
11:10:29 DEBUG org.hibernate.SQL - select u1_0.id,u1_0.email,u1_0.password,u1_0.role,u1_0.username from users u1_0 where u1_0.username=?
11:10:51 DEBUG org.hibernate.SQL - select u1_0.id,u1_0.email,u1_0.password,u1_0.role,u1_0.username from users u1_0 where u1_0.username=?
11:12:03 DEBUG org.hibernate.SQL - select u1_0.id,u1_0.email,u1_0.password,u1_0.role,u1_0.username from users u1_0 where u1_0.username=?
11:13:06 DEBUG org.hibernate.SQL - select u1_0.id,u1_0.email,u1_0.password,u1_0.role,u1_0.username from users u1_0 where u1_0.username=?
11:13:16 DEBUG org.hibernate.SQL - select u1_0.id,u1_0.email,u1_0.password,u1_0.role,u1_0.username from users u1_0 where u1_0.username=?
11:14:54 DEBUG org.hibernate.SQL - select u1_0.id,u1_0.email,u1_0.password,u1_0.role,u1_0.username from users u1_0 where u1_0.username=?
11:15:48 DEBUG org.hibernate.SQL - create table appointment (id bigint generated by default as identity, end_time timestamp(6) not null, start_time timestamp(6) not null, status varchar(255) not null check (status in ('PENDING','APPROVED','CANCELLED','COMPLETED')), customer_id bigint not null, service_id bigint not null, staff_id bigint, primary key (id))
11:15:48 DEBUG org.hibernate.SQL - create table service (id bigint generated by default as identity, duration integer not null, name varchar(255) not null, price float(53) not null, staff_id bigint, primary key (id))
11:15:48 DEBUG org.hibernate.SQL - create table users (id bigint generated by default as identity, email varchar(255) not null, password varchar(255) not null, role varchar(255) not null check (role in ('ADMIN','STAFF','CUSTOMER')), username varchar(255) not null, primary key (id))
11:15:48 DEBUG org.hibernate.SQL - create table working_schedule (id bigint generated by default as identity, day_of_week varchar(255) check (day_of_week in ('MONDAY','TUESDAY','WEDNESDAY','THURSDAY','FRIDAY','SATURDAY','SUNDAY')), end_time time(6), is_holiday boolean, start_time time(6), primary key (id))
11:15:48 DEBUG org.hibernate.SQL - alter table if exists users drop constraint if exists UK_r43af9ap4edm43mmtq01oddj6
11:15:48 DEBUG org.hibernate.SQL - alter table if exists users add constraint UK_r43af9ap4edm43mmtq01oddj6 unique (username)
11:15:48 DEBUG org.hibernate.SQL - alter table if exists working_schedule drop constraint if exists UK_bocnav746x2o99t8w2bii20vx
11:15:48 DEBUG org.hibernate.SQL - alter table if exists working_schedule add constraint UK_bocnav746x2o99t8w2bii20vx unique (day_of_week)
11:15:48 DEBUG org.hibernate.SQL - alter table if exists appointment add constraint FKi71h8mcr2o9jv5mgpjtf2spuc foreign key (customer_id) references users
11:15:48 DEBUG org.hibernate.SQL - alter table if exists appointment add constraint FKg1ec4bkvxnkor2lx10a49rsuy foreign key (service_id) references service
11:15:48 DEBUG org.hibernate.SQL - alter table if exists appointment add constraint FKdb9ds3xedy7m66yj7j20skpxb foreign key (staff_id) references users
11:15:48 DEBUG org.hibernate.SQL - alter table if exists service add constraint FK7y0h86xnqywavnttistdnvdfq foreign key (staff_id) references users
11:16:01 DEBUG org.hibernate.SQL - insert into users (email,password,role,username,id) values (?,?,?,?,default)
11:16:01 DEBUG org.hibernate.SQL - insert into users (email,password,role,username,id) values (?,?,?,?,default)
11:16:02 DEBUG org.hibernate.SQL - insert into users (email,password,role,username,id) values (?,?,?,?,default)
11:16:02 DEBUG org.hibernate.SQL - insert into service (staff_id,duration,name,price,id) values (?,?,?,?,default)
11:16:02 DEBUG org.hibernate.SQL - insert into service (staff_id,duration,name,price,id) values (?,?,?,?,default)
11:16:02 DEBUG org.hibernate.SQL - insert into working_schedule (day_of_week,end_time,is_holiday,start_time,id) values (?,?,?,?,default)
11:16:02 DEBUG org.hibernate.SQL - insert into working_schedule (day_of_week,end_time,is_holiday,start_time,id) values (?,?,?,?,default)
11:16:02 DEBUG org.hibernate.SQL - insert into working_schedule (day_of_week,end_time,is_holiday,start_time,id) values (?,?,?,?,default)
11:16:02 DEBUG org.hibernate.SQL - insert into working_schedule (day_of_week,end_time,is_holiday,start_time,id) values (?,?,?,?,default)
11:16:02 DEBUG org.hibernate.SQL - insert into working_schedule (day_of_week,end_time,is_holiday,start_time,id) values (?,?,?,?,default)
11:16:02 DEBUG org.hibernate.SQL - insert into working_schedule (day_of_week,end_time,is_holiday,start_time,id) values (?,?,?,?,default)
11:16:02 DEBUG org.hibernate.SQL - insert into working_schedule (day_of_week,end_time,is_holiday,start_time,id) values (?,?,?,?,default)
11:16:02 DEBUG org.hibernate.SQL - insert into appointment (customer_id,end_time,service_id,staff_id,start_time,status,id) values (?,?,?,?,?,?,default)
11:16:10 DEBUG org.hibernate.SQL - select u1_0.id,u1_0.email,u1_0.password,u1_0.role,u1_0.username from users u1_0 where u1_0.username=?
11:16:48 DEBUG org.hibernate.SQL - select u1_0.id,u1_0.email,u1_0.password,u1_0.role,u1_0.username from users u1_0 where u1_0.username=?
11:18:18 DEBUG org.hibernate.SQL - select u1_0.id,u1_0.email,u1_0.password,u1_0.role,u1_0.username from users u1_0 where u1_0.username=?
11:18:26 DEBUG org.hibernate.SQL - select u1_0.id,u1_0.email,u1_0.password,u1_0.role,u1_0.username from users u1_0 where u1_0.username=?
11:18:27 DEBUG org.hibernate.SQL - select a1_0.id,a1_0.customer_id,c1_0.id,c1_0.email,c1_0.password,c1_0.role,c1_0.username,a1_0.end_time,a1_0.service_id,s1_0.id,as1_0.id,as1_0.email,as1_0.password,as1_0.role,as1_0.username,s1_0.duration,s1_0.name,s1_0.price,s2_0.id,s2_0.email,s2_0.password,s2_0.role,s2_0.username,a1_0.start_time,a1_0.status from appointment a1_0 join users c1_0 on c1_0.id=a1_0.customer_id join service s1_0 on s1_0.id=a1_0.service_id left join users as1_0 on as1_0.id=s1_0.staff_id left join users s2_0 on s2_0.id=a1_0.staff_id where a1_0.id=?
11:18:34 DEBUG org.hibernate.SQL - select u1_0.id,u1_0.email,u1_0.password,u1_0.role,u1_0.username from users u1_0 where u1_0.username=?
11:18:34 DEBUG org.hibernate.SQL - select a1_0.id,a1_0.customer_id,c1_0.id,c1_0.email,c1_0.password,c1_0.role,c1_0.username,a1_0.end_time,a1_0.service_id,s1_0.id,as1_0.id,as1_0.email,as1_0.password,as1_0.role,as1_0.username,s1_0.duration,s1_0.name,s1_0.price,s2_0.id,s2_0.email,s2_0.password,s2_0.role,s2_0.username,a1_0.start_time,a1_0.status from appointment a1_0 join users c1_0 on c1_0.id=a1_0.customer_id join service s1_0 on s1_0.id=a1_0.service_id left join users as1_0 on as1_0.id=s1_0.staff_id left join users s2_0 on s2_0.id=a1_0.staff_id where a1_0.id=?
11:18:34 DEBUG org.hibernate.SQL - update appointment set customer_id=?,end_time=?,service_id=?,staff_id=?,start_time=?,status=? where id=?
11:18:42 DEBUG org.hibernate.SQL - select u1_0.id,u1_0.email,u1_0.password,u1_0.role,u1_0.username from users u1_0 where u1_0.username=?
11:18:42 DEBUG org.hibernate.SQL - select a1_0.id,a1_0.customer_id,c1_0.id,c1_0.email,c1_0.password,c1_0.role,c1_0.username,a1_0.end_time,a1_0.service_id,s1_0.id,as1_0.id,as1_0.email,as1_0.password,as1_0.role,as1_0.username,s1_0.duration,s1_0.name,s1_0.price,s2_0.id,s2_0.email,s2_0.password,s2_0.role,s2_0.username,a1_0.start_time,a1_0.status from appointment a1_0 join users c1_0 on c1_0.id=a1_0.customer_id join service s1_0 on s1_0.id=a1_0.service_id left join users as1_0 on as1_0.id=s1_0.staff_id left join users s2_0 on s2_0.id=a1_0.staff_id where a1_0.id=?
11:18:42 DEBUG org.hibernate.SQL - update appointment set customer_id=?,end_time=?,service_id=?,staff_id=?,start_time=?,status=? where id=?
11:18:56 DEBUG org.hibernate.SQL - select u1_0.id,u1_0.email,u1_0.password,u1_0.role,u1_0.username from users u1_0 where u1_0.username=?
11:19:06 DEBUG org.hibernate.SQL - select u1_0.id,u1_0.email,u1_0.password,u1_0.role,u1_0.username from users u1_0 where u1_0.username=?
11:19:18 DEBUG org.hibernate.SQL - select u1_0.id,u1_0.email,u1_0.password,u1_0.role,u1_0.username from users u1_0 where u1_0.username=?
11:19:27 DEBUG org.hibernate.SQL - select u1_0.id,u1_0.email,u1_0.password,u1_0.role,u1_0.username from users u1_0 where u1_0.username=?
11:19:27 DEBUG org.hibernate.SQL - select a1_0.id,a1_0.customer_id,c1_0.id,c1_0.email,c1_0.password,c1_0.role,c1_0.username,a1_0.end_time,a1_0.service_id,s1_0.id,as1_0.id,as1_0.email,as1_0.password,as1_0.role,as1_0.username,s1_0.duration,s1_0.name,s1_0.price,s2_0.id,s2_0.email,s2_0.password,s2_0.role,s2_0.username,a1_0.start_time,a1_0.status from appointment a1_0 join users c1_0 on c1_0.id=a1_0.customer_id join service s1_0 on s1_0.id=a1_0.service_id left join users as1_0 on as1_0.id=s1_0.staff_id left join users s2_0 on s2_0.id=a1_0.staff_id where a1_0.id=?
